******************************************************************************
                  TI ARM Linker Unix v20.2.6                   
******************************************************************************
>> Linked Tue Apr 12 15:10:56 2022

OUTPUT FILE NAME:   <FreeRTOS-base.out>
ENTRY POINT SYMBOL: "_c_int00_noargs"  address: 00005249


MEMORY CONFIGURATION

         name            origin    length      used     unused   attr    fill
----------------------  --------  ---------  --------  --------  ----  --------
  MAIN                  00000000   00040000  000052f8  0003ad08  R  X
  INFO                  00200000   00004000  00000000  00004000  R  X
  SRAM_CODE             01000000   00010000  000083e8  00007c18  RW X
  SRAM_DATA             20000000   00010000  000083e8  00007c18  RW  


SEGMENT ALLOCATION MAP

run origin  load origin   length   init length attrs members
----------  ----------- ---------- ----------- ----- -------
00000000    00000000    000052f8   000052f8    r-x
  00000000    00000000    000000e4   000000e4    r-- .intvecs
  000000e4    000000e4    000051c8   000051c8    r-x .text
  000052ac    000052ac    0000000c   0000000c    r-- .const
  000052b8    000052b8    00000040   00000040    r-- .cinit
20000000    20000000    000081e8   00000000    rw-
  20000000    20000000    0000816c   00000000    rw- .bss
  2000816c    2000816c    0000007c   00000000    rw- .data
2000fe00    2000fe00    00000200   00000000    rw-
  2000fe00    2000fe00    00000200   00000000    rw- .stack


SECTION ALLOCATION MAP

 output                                  attributes/
section   page    origin      length       input sections
--------  ----  ----------  ----------   ----------------
.intvecs   0    00000000    000000e4     
                  00000000    000000e4     startup_msp432p401r_ccs.obj (.intvecs:retain)

.text      0    000000e4    000051c8     
                  000000e4    00002810     tasks.obj (.text)
                  000028f4    00001124     queue.obj (.text)
                  00003a18    00000720     timers.obj (.text)
                  00004138    00000454     heap_4.obj (.text)
                  0000458c    00000438     port.obj (.text)
                  000049c4    00000354     system_msp432p401r.obj (.text)
                  00004d18    00000168     main.obj (.text)
                  00004e80    0000012a     list.obj (.text)
                  00004faa    00000002     --HOLE-- [fill = 0]
                  00004fac    000000da     portasm.obj (.text)
                  00005086    0000009c     rtsv7M4_T_le_v4SPD16_eabi.lib : memcpy_t2.asm.obj (.text)
                  00005122    0000007a                                   : memset_t2.asm.obj (.text)
                  0000519c    00000068                                   : copy_decompress_lzss.c.obj (.text:decompress:lzss:__TI_decompress_lzss)
                  00005204    00000044                                   : autoinit.c.obj (.text:__TI_auto_init_nobinit_nopinit:__TI_auto_init_nobinit_nopinit)
                  00005248    00000034                                   : boot_cortex_m.c.obj (.text:_c_int00_noargs:_c_int00_noargs)
                  0000527c    0000000e                                   : copy_decompress_none.c.obj (.text:decompress:none:__TI_decompress_none)
                  0000528a    0000000e     startup_msp432p401r_ccs.obj (.text)
                  00005298    0000000c     rtsv7M4_T_le_v4SPD16_eabi.lib : copy_zero_init.c.obj (.text:decompress:ZI:__TI_zero_init)
                  000052a4    00000004                                   : pre_init.c.obj (.text:_system_pre_init)
                  000052a8    00000004                                   : exit.c.obj (.text:abort:abort)

.const     0    000052ac    0000000c     
                  000052ac    00000008     port.obj (.const)
                  000052b4    00000004     tasks.obj (.const)

.cinit     0    000052b8    00000040     
                  000052b8    00000017     (.cinit..data.load) [load image, compression = lzss]
                  000052cf    00000001     --HOLE-- [fill = 0]
                  000052d0    0000000c     (__TI_handler_table)
                  000052dc    00000004     --HOLE-- [fill = 0]
                  000052e0    00000008     (.cinit..bss.load) [load image, compression = zero_init]
                  000052e8    00000010     (__TI_cinit_table)

.init_array 
*          0    00000000    00000000     UNINITIALIZED

.binit     0    00000000    00000000     

.bss       0    20000000    0000816c     UNINITIALIZED
                  20000000    00008000     heap_4.obj (.bss:ucHeap)
                  20008000    000000c8     tasks.obj (.bss:pxReadyTasksLists)
                  200080c8    00000014     timers.obj (.bss:xActiveTimerList1)
                  200080dc    00000014     timers.obj (.bss:xActiveTimerList2)
                  200080f0    00000014     tasks.obj (.bss:xDelayedTaskList1)
                  20008104    00000014     tasks.obj (.bss:xDelayedTaskList2)
                  20008118    00000014     tasks.obj (.bss:xPendingReadyList)
                  2000812c    00000014     tasks.obj (.bss:xSuspendedTaskList)
                  20008140    00000014     tasks.obj (.bss:xTasksWaitingTermination)
                  20008154    00000008     tasks.obj (.bss)
                  2000815c    00000008     timers.obj (.bss)
                  20008164    00000008     heap_4.obj (.bss:xStart)

.data      0    2000816c    0000007c     UNINITIALIZED
                  2000816c    00000034     tasks.obj (.data)
                  200081a0    00000018     heap_4.obj (.data)
                  200081b8    00000018     port.obj (.data)
                  200081d0    0000000c     timers.obj (.data)
                  200081dc    00000008     main.obj (.data)
                  200081e4    00000004     system_msp432p401r.obj (.data)

.stack     0    2000fe00    00000200     UNINITIALIZED
                  2000fe00    00000004     rtsv7M4_T_le_v4SPD16_eabi.lib : boot_cortex_m.c.obj (.stack)
                  2000fe04    000001fc     --HOLE--

__llvm_prf_cnts 
*          0    20000000    00000000     UNINITIALIZED

MODULE SUMMARY

       Module                        code    ro data   rw data
       ------                        ----    -------   -------
    ./
       system_msp432p401r.obj        852     0         8      
       main.obj                      360     0         16     
       startup_msp432p401r_ccs.obj   14      228       0      
    +--+-----------------------------+-------+---------+---------+
       Total:                        1226    228       24     
                                                              
    ./FreeRTOS/
       heap_4.obj                    1108    0         65600  
       tasks.obj                     10256   4         720    
       queue.obj                     4388    0         0      
       timers.obj                    1824    0         120    
       list.obj                      298     0         0      
    +--+-----------------------------+-------+---------+---------+
       Total:                        17874   4         66440  
                                                              
    ./FreeRTOS/portable/
       port.obj                      1080    8         48     
       portasm.obj                   218     0         0      
    +--+-----------------------------+-------+---------+---------+
       Total:                        1298    8         48     
                                                              
    /Applications/ti/ccs1110/ccs/tools/compiler/ti-cgt-arm_20.2.6.LTS/lib/rtsv7M4_T_le_v4SPD16_eabi.lib
       memcpy_t2.asm.obj             156     0         0      
       memset_t2.asm.obj             122     0         0      
       copy_decompress_lzss.c.obj    104     0         0      
       autoinit.c.obj                68      0         0      
       boot_cortex_m.c.obj           52      0         0      
       copy_decompress_none.c.obj    14      0         0      
       copy_zero_init.c.obj          12      0         0      
       exit.c.obj                    4       0         0      
       pre_init.c.obj                4       0         0      
    +--+-----------------------------+-------+---------+---------+
       Total:                        536     0         0      
                                                              
       Stack:                        0       0         1024   
       Linker Generated:             0       59        0      
    +--+-----------------------------+-------+---------+---------+
       Grand Total:                  20934   299       67536  


LINKER GENERATED COPY TABLES

__TI_cinit_table @ 000052e8 records: 2, size/record: 8, table size: 16
	.data: load addr=000052b8, load size=00000017 bytes, run addr=2000816c, run size=0000007c bytes, compression=lzss
	.bss: load addr=000052e0, load size=00000008 bytes, run addr=20000000, run size=0000816c bytes, compression=zero_init


LINKER GENERATED HANDLER TABLE

__TI_handler_table @ 000052d0 records: 3, size/record: 4, table size: 12
	index: 0, handler: __TI_decompress_lzss
	index: 1, handler: __TI_decompress_none
	index: 2, handler: __TI_zero_init


GLOBAL SYMBOLS: SORTED ALPHABETICALLY BY Name 

address   name                               
-------   ----                               
00005297  ADC14_IRQHandler                   
00005297  AES256_IRQHandler                  
00005297  BusFault_Handler                   
000052a9  C$$EXIT                            
00005297  COMP_E0_IRQHandler                 
00005297  COMP_E1_IRQHandler                 
00005297  CS_IRQHandler                      
00005297  DMA_ERR_IRQHandler                 
00005297  DMA_INT0_IRQHandler                
00005297  DMA_INT1_IRQHandler                
00005297  DMA_INT2_IRQHandler                
00005297  DMA_INT3_IRQHandler                
00005297  DebugMon_Handler                   
00005297  Default_Handler                    
00005297  EUSCIA0_IRQHandler                 
00005297  EUSCIA1_IRQHandler                 
00005297  EUSCIA2_IRQHandler                 
00005297  EUSCIA3_IRQHandler                 
00005297  EUSCIB0_IRQHandler                 
00005297  EUSCIB1_IRQHandler                 
00005297  EUSCIB2_IRQHandler                 
00005297  EUSCIB3_IRQHandler                 
00005297  FLCTL_IRQHandler                   
00005297  FPU_IRQHandler                     
00005297  HardFault_Handler                  
00005297  MemManage_Handler                  
00005297  NMI_Handler                        
00005297  PCM_IRQHandler                     
00005297  PORT1_IRQHandler                   
00005297  PORT2_IRQHandler                   
00005297  PORT3_IRQHandler                   
00005297  PORT4_IRQHandler                   
00005297  PORT5_IRQHandler                   
00005297  PORT6_IRQHandler                   
00005297  PSS_IRQHandler                     
00005297  PendSV_Handler                     
00005297  RTC_C_IRQHandler                   
0000528b  Reset_Handler                      
00005297  SVC_Handler                        
00005297  SysTick_Handler                    
200081e4  SystemCoreClock                    
000049c5  SystemCoreClockUpdate              
00004c3d  SystemInit                         
00005297  T32_INT1_IRQHandler                
00005297  T32_INT2_IRQHandler                
00005297  T32_INTC_IRQHandler                
00005297  TA0_0_IRQHandler                   
00005297  TA0_N_IRQHandler                   
00005297  TA1_0_IRQHandler                   
00005297  TA1_N_IRQHandler                   
00005297  TA2_0_IRQHandler                   
00005297  TA2_N_IRQHandler                   
00005297  TA3_0_IRQHandler                   
00005297  TA3_N_IRQHandler                   
00004d45  Task_Blink_LED1                    
200081dc  Task_Blink_LED1_Handle             
200081e0  Task_Blink_RGB_BLUE_Handle         
00004d95  Task_Blink_RGB_Blue                
00005297  UsageFault_Handler                 
4000480c  WDTCTL_SYM                         
00005297  WDT_A_IRQHandler                   
20010000  __STACK_END                        
00000200  __STACK_SIZE                       
000052e8  __TI_CINIT_Base                    
000052f8  __TI_CINIT_Limit                   
000052d0  __TI_Handler_Table_Base            
000052dc  __TI_Handler_Table_Limit           
00005205  __TI_auto_init_nobinit_nopinit     
0000519d  __TI_decompress_lzss               
0000527d  __TI_decompress_none               
ffffffff  __TI_pprof_out_hndl                
ffffffff  __TI_prof_data_size                
ffffffff  __TI_prof_data_start               
00000000  __TI_static_base__                 
00005299  __TI_zero_init                     
00005123  __aeabi_memclr                     
00005123  __aeabi_memclr4                    
00005123  __aeabi_memclr8                    
00005087  __aeabi_memcpy                     
00005087  __aeabi_memcpy4                    
00005087  __aeabi_memcpy8                    
00005125  __aeabi_memset                     
00005125  __aeabi_memset4                    
00005125  __aeabi_memset8                    
ffffffff  __binit__                          
ffffffff  __c_args__                         
UNDEFED   __mpu_init                         
2000fe00  __stack                            
20000000  __start___llvm_prf_cnts            
20000000  __stop___llvm_prf_cnts             
00005249  _c_int00_noargs                    
UNDEFED   _system_post_cinit                 
000052a5  _system_pre_init                   
000052a9  abort                              
ffffffff  binit                              
00004d19  blink_led1_hw_init                 
00004d2f  blink_rgb_blue_hw_init             
0000186b  eTaskConfirmSleepModeStatus        
000005a1  eTaskGetState                      
00000000  interruptVectors                   
00004de5  main                               
00005087  memcpy                             
0000512b  memset                             
00000d95  pcTaskGetName                      
00003c6f  pcTimerGetName                     
00004139  pvPortMalloc                       
00001907  pvTaskGetThreadLocalStoragePointer 
00001fa9  pvTaskIncrementMutexHeldCount      
000040a9  pvTimerGetTimerID                  
2000816c  pxCurrentTCB                       
0000458d  pxPortInitialiseStack              
0000372f  ucQueueGetQueueType                
000052ac  ulMaxSyscallInterruptPriority      
00004fbd  ulPortGetIPSR                      
00001fc1  ulTaskGenericNotifyTake            
000027b9  ulTaskGenericNotifyValueClear      
00004f63  uxListRemove                       
0000370f  uxQueueGetQueueNumber              
0000365d  uxQueueMessagesWaiting             
000036c1  uxQueueMessagesWaitingFromISR      
0000368d  uxQueueSpacesAvailable             
00000d85  uxTaskGetNumberOfTasks             
00000dd9  uxTaskGetSystemState               
000017d1  uxTaskGetTaskNumber                
0000067d  uxTaskPriorityGet                  
000006a5  uxTaskPriorityGetFromISR           
00001f83  uxTaskResetEventItemValue          
00003c09  uxTimerGetReloadMode               
00004105  uxTimerGetTimerNumber              
000052b4  uxTopUsedPriority                  
00004e29  vApplicationMallocFailedHook       
00004e2b  vApplicationStackOverflowHook      
00004e81  vListInitialise                    
00004eb1  vListInitialiseItem                
00004efd  vListInsert                        
00004ec1  vListInsertEnd                     
00005079  vPortEnableVFP                     
000046d1  vPortEndScheduler                  
000046f5  vPortEnterCritical                 
00004737  vPortExitCritical                  
000042cb  vPortFree                          
000044cd  vPortGetHeapStats                  
00004371  vPortInitialiseBlocks              
00005035  vPortSVCHandler                    
000048e9  vPortSetupTimerInterrupt           
00005055  vPortStartFirstTask                
00004791  vPortSuppressTicksAndSleep         
00004931  vPortValidateInterruptPriority     
000036eb  vQueueDelete                       
0000371d  vQueueSetQueueNumber               
000039bd  vQueueWaitForMessageRestricted     
00000541  vTaskDelay                         
0000037d  vTaskDelete                        
00000b23  vTaskEndScheduler                  
000025a1  vTaskGenericNotifyGiveFromISR      
000019e1  vTaskGetInfo                       
000016f3  vTaskInternalSetTimeOutState       
000017c5  vTaskMissedYield                   
000012bf  vTaskPlaceOnEventList              
0000139d  vTaskPlaceOnEventListRestricted    
000012fd  vTaskPlaceOnUnorderedEventList     
00001e39  vTaskPriorityDisinheritAfterTimeout
000006e9  vTaskPrioritySet                   
00001581  vTaskRemoveFromUnorderedEventList  
000009c5  vTaskResume                        
00001129  vTaskSetApplicationTaskTag         
000017f5  vTaskSetTaskNumber                 
000018bf  vTaskSetThreadLocalStoragePointer  
000016c1  vTaskSetTimeOutState               
00000aa9  vTaskStartScheduler                
00000eb3  vTaskStepTick                      
00000869  vTaskSuspend                       
00000b3f  vTaskSuspendAll                    
000011f9  vTaskSwitchContext                 
00003bbf  vTimerSetReloadMode                
000040d7  vTimerSetTimerID                   
00004113  vTimerSetTimerNumber               
00004365  xPortGetFreeHeapSize               
0000436b  xPortGetMinimumEverFreeHeapSize    
00004fd5  xPortPendSVHandler                 
00004619  xPortStartScheduler                
00004763  xPortSysTickHandler                
00002bb9  xQueueCreateCountingSemaphore      
00002ae5  xQueueCreateMutex                  
000029f5  xQueueGenericCreate                
000028f5  xQueueGenericReset                 
00002c05  xQueueGenericSend                  
00002db9  xQueueGenericSendFromISR           
00002ee5  xQueueGiveFromISR                  
00002b11  xQueueGiveMutexRecursive           
00003929  xQueueIsQueueEmptyFromISR          
00003983  xQueueIsQueueFullFromISR           
0000333d  xQueuePeek                         
000035b1  xQueuePeekFromISR                  
00002ff3  xQueueReceive                      
000034bb  xQueueReceiveFromISR               
0000316b  xQueueSemaphoreTake                
00002b61  xQueueTakeMutexRecursive           
000011bb  xTaskCallApplicationTaskHook       
00000ef1  xTaskCatchUpTicks                  
00001719  xTaskCheckForTimeOut               
000000e5  xTaskCreate                        
00000451  xTaskDelayUntil                    
00002161  xTaskGenericNotify                 
0000234b  xTaskGenericNotifyFromISR          
00002751  xTaskGenericNotifyStateClear       
00002079  xTaskGenericNotifyWait             
00001159  xTaskGetApplicationTaskTag         
00001181  xTaskGetApplicationTaskTagFromISR  
00001bb9  xTaskGetCurrentTaskHandle          
00001bc9  xTaskGetSchedulerState             
00000d61  xTaskGetTickCount                  
00000d71  xTaskGetTickCountFromISR           
00000f3d  xTaskIncrementTick                 
00001d27  xTaskPriorityDisinherit            
00001c11  xTaskPriorityInherit               
00001411  xTaskRemoveFromEventList           
00000bad  xTaskResumeAll                     
00003a59  xTimerCreate                       
00003a19  xTimerCreateTimerTask              
00003af7  xTimerGenericCommand               
00003c45  xTimerGetExpiryTime                
00003b99  xTimerGetPeriod                    
00003b77  xTimerGetTimerDaemonTaskHandle     
00004069  xTimerIsTimerActive                


GLOBAL SYMBOLS: SORTED BY Symbol Address 

address   name                               
-------   ----                               
00000000  __TI_static_base__                 
00000000  interruptVectors                   
000000e5  xTaskCreate                        
00000200  __STACK_SIZE                       
0000037d  vTaskDelete                        
00000451  xTaskDelayUntil                    
00000541  vTaskDelay                         
000005a1  eTaskGetState                      
0000067d  uxTaskPriorityGet                  
000006a5  uxTaskPriorityGetFromISR           
000006e9  vTaskPrioritySet                   
00000869  vTaskSuspend                       
000009c5  vTaskResume                        
00000aa9  vTaskStartScheduler                
00000b23  vTaskEndScheduler                  
00000b3f  vTaskSuspendAll                    
00000bad  xTaskResumeAll                     
00000d61  xTaskGetTickCount                  
00000d71  xTaskGetTickCountFromISR           
00000d85  uxTaskGetNumberOfTasks             
00000d95  pcTaskGetName                      
00000dd9  uxTaskGetSystemState               
00000eb3  vTaskStepTick                      
00000ef1  xTaskCatchUpTicks                  
00000f3d  xTaskIncrementTick                 
00001129  vTaskSetApplicationTaskTag         
00001159  xTaskGetApplicationTaskTag         
00001181  xTaskGetApplicationTaskTagFromISR  
000011bb  xTaskCallApplicationTaskHook       
000011f9  vTaskSwitchContext                 
000012bf  vTaskPlaceOnEventList              
000012fd  vTaskPlaceOnUnorderedEventList     
0000139d  vTaskPlaceOnEventListRestricted    
00001411  xTaskRemoveFromEventList           
00001581  vTaskRemoveFromUnorderedEventList  
000016c1  vTaskSetTimeOutState               
000016f3  vTaskInternalSetTimeOutState       
00001719  xTaskCheckForTimeOut               
000017c5  vTaskMissedYield                   
000017d1  uxTaskGetTaskNumber                
000017f5  vTaskSetTaskNumber                 
0000186b  eTaskConfirmSleepModeStatus        
000018bf  vTaskSetThreadLocalStoragePointer  
00001907  pvTaskGetThreadLocalStoragePointer 
000019e1  vTaskGetInfo                       
00001bb9  xTaskGetCurrentTaskHandle          
00001bc9  xTaskGetSchedulerState             
00001c11  xTaskPriorityInherit               
00001d27  xTaskPriorityDisinherit            
00001e39  vTaskPriorityDisinheritAfterTimeout
00001f83  uxTaskResetEventItemValue          
00001fa9  pvTaskIncrementMutexHeldCount      
00001fc1  ulTaskGenericNotifyTake            
00002079  xTaskGenericNotifyWait             
00002161  xTaskGenericNotify                 
0000234b  xTaskGenericNotifyFromISR          
000025a1  vTaskGenericNotifyGiveFromISR      
00002751  xTaskGenericNotifyStateClear       
000027b9  ulTaskGenericNotifyValueClear      
000028f5  xQueueGenericReset                 
000029f5  xQueueGenericCreate                
00002ae5  xQueueCreateMutex                  
00002b11  xQueueGiveMutexRecursive           
00002b61  xQueueTakeMutexRecursive           
00002bb9  xQueueCreateCountingSemaphore      
00002c05  xQueueGenericSend                  
00002db9  xQueueGenericSendFromISR           
00002ee5  xQueueGiveFromISR                  
00002ff3  xQueueReceive                      
0000316b  xQueueSemaphoreTake                
0000333d  xQueuePeek                         
000034bb  xQueueReceiveFromISR               
000035b1  xQueuePeekFromISR                  
0000365d  uxQueueMessagesWaiting             
0000368d  uxQueueSpacesAvailable             
000036c1  uxQueueMessagesWaitingFromISR      
000036eb  vQueueDelete                       
0000370f  uxQueueGetQueueNumber              
0000371d  vQueueSetQueueNumber               
0000372f  ucQueueGetQueueType                
00003929  xQueueIsQueueEmptyFromISR          
00003983  xQueueIsQueueFullFromISR           
000039bd  vQueueWaitForMessageRestricted     
00003a19  xTimerCreateTimerTask              
00003a59  xTimerCreate                       
00003af7  xTimerGenericCommand               
00003b77  xTimerGetTimerDaemonTaskHandle     
00003b99  xTimerGetPeriod                    
00003bbf  vTimerSetReloadMode                
00003c09  uxTimerGetReloadMode               
00003c45  xTimerGetExpiryTime                
00003c6f  pcTimerGetName                     
00004069  xTimerIsTimerActive                
000040a9  pvTimerGetTimerID                  
000040d7  vTimerSetTimerID                   
00004105  uxTimerGetTimerNumber              
00004113  vTimerSetTimerNumber               
00004139  pvPortMalloc                       
000042cb  vPortFree                          
00004365  xPortGetFreeHeapSize               
0000436b  xPortGetMinimumEverFreeHeapSize    
00004371  vPortInitialiseBlocks              
000044cd  vPortGetHeapStats                  
0000458d  pxPortInitialiseStack              
00004619  xPortStartScheduler                
000046d1  vPortEndScheduler                  
000046f5  vPortEnterCritical                 
00004737  vPortExitCritical                  
00004763  xPortSysTickHandler                
00004791  vPortSuppressTicksAndSleep         
000048e9  vPortSetupTimerInterrupt           
00004931  vPortValidateInterruptPriority     
000049c5  SystemCoreClockUpdate              
00004c3d  SystemInit                         
00004d19  blink_led1_hw_init                 
00004d2f  blink_rgb_blue_hw_init             
00004d45  Task_Blink_LED1                    
00004d95  Task_Blink_RGB_Blue                
00004de5  main                               
00004e29  vApplicationMallocFailedHook       
00004e2b  vApplicationStackOverflowHook      
00004e81  vListInitialise                    
00004eb1  vListInitialiseItem                
00004ec1  vListInsertEnd                     
00004efd  vListInsert                        
00004f63  uxListRemove                       
00004fbd  ulPortGetIPSR                      
00004fd5  xPortPendSVHandler                 
00005035  vPortSVCHandler                    
00005055  vPortStartFirstTask                
00005079  vPortEnableVFP                     
00005087  __aeabi_memcpy                     
00005087  __aeabi_memcpy4                    
00005087  __aeabi_memcpy8                    
00005087  memcpy                             
00005123  __aeabi_memclr                     
00005123  __aeabi_memclr4                    
00005123  __aeabi_memclr8                    
00005125  __aeabi_memset                     
00005125  __aeabi_memset4                    
00005125  __aeabi_memset8                    
0000512b  memset                             
0000519d  __TI_decompress_lzss               
00005205  __TI_auto_init_nobinit_nopinit     
00005249  _c_int00_noargs                    
0000527d  __TI_decompress_none               
0000528b  Reset_Handler                      
00005297  ADC14_IRQHandler                   
00005297  AES256_IRQHandler                  
00005297  BusFault_Handler                   
00005297  COMP_E0_IRQHandler                 
00005297  COMP_E1_IRQHandler                 
00005297  CS_IRQHandler                      
00005297  DMA_ERR_IRQHandler                 
00005297  DMA_INT0_IRQHandler                
00005297  DMA_INT1_IRQHandler                
00005297  DMA_INT2_IRQHandler                
00005297  DMA_INT3_IRQHandler                
00005297  DebugMon_Handler                   
00005297  Default_Handler                    
00005297  EUSCIA0_IRQHandler                 
00005297  EUSCIA1_IRQHandler                 
00005297  EUSCIA2_IRQHandler                 
00005297  EUSCIA3_IRQHandler                 
00005297  EUSCIB0_IRQHandler                 
00005297  EUSCIB1_IRQHandler                 
00005297  EUSCIB2_IRQHandler                 
00005297  EUSCIB3_IRQHandler                 
00005297  FLCTL_IRQHandler                   
00005297  FPU_IRQHandler                     
00005297  HardFault_Handler                  
00005297  MemManage_Handler                  
00005297  NMI_Handler                        
00005297  PCM_IRQHandler                     
00005297  PORT1_IRQHandler                   
00005297  PORT2_IRQHandler                   
00005297  PORT3_IRQHandler                   
00005297  PORT4_IRQHandler                   
00005297  PORT5_IRQHandler                   
00005297  PORT6_IRQHandler                   
00005297  PSS_IRQHandler                     
00005297  PendSV_Handler                     
00005297  RTC_C_IRQHandler                   
00005297  SVC_Handler                        
00005297  SysTick_Handler                    
00005297  T32_INT1_IRQHandler                
00005297  T32_INT2_IRQHandler                
00005297  T32_INTC_IRQHandler                
00005297  TA0_0_IRQHandler                   
00005297  TA0_N_IRQHandler                   
00005297  TA1_0_IRQHandler                   
00005297  TA1_N_IRQHandler                   
00005297  TA2_0_IRQHandler                   
00005297  TA2_N_IRQHandler                   
00005297  TA3_0_IRQHandler                   
00005297  TA3_N_IRQHandler                   
00005297  UsageFault_Handler                 
00005297  WDT_A_IRQHandler                   
00005299  __TI_zero_init                     
000052a5  _system_pre_init                   
000052a9  C$$EXIT                            
000052a9  abort                              
000052ac  ulMaxSyscallInterruptPriority      
000052b4  uxTopUsedPriority                  
000052d0  __TI_Handler_Table_Base            
000052dc  __TI_Handler_Table_Limit           
000052e8  __TI_CINIT_Base                    
000052f8  __TI_CINIT_Limit                   
20000000  __start___llvm_prf_cnts            
20000000  __stop___llvm_prf_cnts             
2000816c  pxCurrentTCB                       
200081dc  Task_Blink_LED1_Handle             
200081e0  Task_Blink_RGB_BLUE_Handle         
200081e4  SystemCoreClock                    
2000fe00  __stack                            
20010000  __STACK_END                        
4000480c  WDTCTL_SYM                         
ffffffff  __TI_pprof_out_hndl                
ffffffff  __TI_prof_data_size                
ffffffff  __TI_prof_data_start               
ffffffff  __binit__                          
ffffffff  __c_args__                         
ffffffff  binit                              
UNDEFED   __mpu_init                         
UNDEFED   _system_post_cinit                 

[225 symbols]
