<?xml version="1.0" encoding="ISO-8859-1" ?>
<link_info>
   <banner>TI ARM Linker Unix v20.2.6.LTS</banner>
   <copyright>Copyright (c) 1996-2018 Texas Instruments Incorporated</copyright>
   <link_time>0x6255dcd0</link_time>
   <link_errors>0x0</link_errors>
   <output_file>FreeRTOS-base.out</output_file>
   <entry_point>
      <name>_c_int00_noargs</name>
      <address>0x5249</address>
   </entry_point>
   <input_file_list>
      <input_file id="fl-1">
         <path>./</path>
         <kind>object</kind>
         <file>main.obj</file>
         <name>main.obj</name>
      </input_file>
      <input_file id="fl-2">
         <path>./</path>
         <kind>object</kind>
         <file>startup_msp432p401r_ccs.obj</file>
         <name>startup_msp432p401r_ccs.obj</name>
      </input_file>
      <input_file id="fl-3">
         <path>./</path>
         <kind>object</kind>
         <file>system_msp432p401r.obj</file>
         <name>system_msp432p401r.obj</name>
      </input_file>
      <input_file id="fl-4">
         <path>./FreeRTOS/</path>
         <kind>object</kind>
         <file>croutine.obj</file>
         <name>croutine.obj</name>
      </input_file>
      <input_file id="fl-5">
         <path>./FreeRTOS/</path>
         <kind>object</kind>
         <file>event_groups.obj</file>
         <name>event_groups.obj</name>
      </input_file>
      <input_file id="fl-6">
         <path>./FreeRTOS/</path>
         <kind>object</kind>
         <file>heap_4.obj</file>
         <name>heap_4.obj</name>
      </input_file>
      <input_file id="fl-7">
         <path>./FreeRTOS/</path>
         <kind>object</kind>
         <file>list.obj</file>
         <name>list.obj</name>
      </input_file>
      <input_file id="fl-8">
         <path>./FreeRTOS/</path>
         <kind>object</kind>
         <file>queue.obj</file>
         <name>queue.obj</name>
      </input_file>
      <input_file id="fl-9">
         <path>./FreeRTOS/</path>
         <kind>object</kind>
         <file>stream_buffer.obj</file>
         <name>stream_buffer.obj</name>
      </input_file>
      <input_file id="fl-a">
         <path>./FreeRTOS/</path>
         <kind>object</kind>
         <file>tasks.obj</file>
         <name>tasks.obj</name>
      </input_file>
      <input_file id="fl-b">
         <path>./FreeRTOS/</path>
         <kind>object</kind>
         <file>timers.obj</file>
         <name>timers.obj</name>
      </input_file>
      <input_file id="fl-c">
         <path>./FreeRTOS/portable/</path>
         <kind>object</kind>
         <file>port.obj</file>
         <name>port.obj</name>
      </input_file>
      <input_file id="fl-d">
         <path>./FreeRTOS/portable/</path>
         <kind>object</kind>
         <file>portasm.obj</file>
         <name>portasm.obj</name>
      </input_file>
      <input_file id="fl-11">
         <kind>object</kind>
         <file>&lt;internal&gt;</file>
         <name>&lt;internal&gt;</name>
      </input_file>
      <input_file id="fl-c7">
         <path>/Applications/ti/ccs1110/ccs/tools/compiler/ti-cgt-arm_20.2.6.LTS/lib/</path>
         <kind>archive</kind>
         <file>rtsv7M4_T_le_v4SPD16_eabi.lib</file>
         <name>memcpy_t2.asm.obj</name>
      </input_file>
      <input_file id="fl-c8">
         <path>/Applications/ti/ccs1110/ccs/tools/compiler/ti-cgt-arm_20.2.6.LTS/lib/</path>
         <kind>archive</kind>
         <file>rtsv7M4_T_le_v4SPD16_eabi.lib</file>
         <name>memset_t2.asm.obj</name>
      </input_file>
      <input_file id="fl-c9">
         <path>/Applications/ti/ccs1110/ccs/tools/compiler/ti-cgt-arm_20.2.6.LTS/lib/</path>
         <kind>archive</kind>
         <file>rtsv7M4_T_le_v4SPD16_eabi.lib</file>
         <name>copy_zero_init.c.obj</name>
      </input_file>
      <input_file id="fl-ca">
         <path>/Applications/ti/ccs1110/ccs/tools/compiler/ti-cgt-arm_20.2.6.LTS/lib/</path>
         <kind>archive</kind>
         <file>rtsv7M4_T_le_v4SPD16_eabi.lib</file>
         <name>copy_decompress_none.c.obj</name>
      </input_file>
      <input_file id="fl-cb">
         <path>/Applications/ti/ccs1110/ccs/tools/compiler/ti-cgt-arm_20.2.6.LTS/lib/</path>
         <kind>archive</kind>
         <file>rtsv7M4_T_le_v4SPD16_eabi.lib</file>
         <name>copy_decompress_lzss.c.obj</name>
      </input_file>
      <input_file id="fl-cc">
         <path>/Applications/ti/ccs1110/ccs/tools/compiler/ti-cgt-arm_20.2.6.LTS/lib/</path>
         <kind>archive</kind>
         <file>rtsv7M4_T_le_v4SPD16_eabi.lib</file>
         <name>boot_cortex_m.c.obj</name>
      </input_file>
      <input_file id="fl-cd">
         <path>/Applications/ti/ccs1110/ccs/tools/compiler/ti-cgt-arm_20.2.6.LTS/lib/</path>
         <kind>archive</kind>
         <file>rtsv7M4_T_le_v4SPD16_eabi.lib</file>
         <name>autoinit.c.obj</name>
      </input_file>
      <input_file id="fl-ce">
         <path>/Applications/ti/ccs1110/ccs/tools/compiler/ti-cgt-arm_20.2.6.LTS/lib/</path>
         <kind>archive</kind>
         <file>rtsv7M4_T_le_v4SPD16_eabi.lib</file>
         <name>pre_init.c.obj</name>
      </input_file>
      <input_file id="fl-cf">
         <path>/Applications/ti/ccs1110/ccs/tools/compiler/ti-cgt-arm_20.2.6.LTS/lib/</path>
         <kind>archive</kind>
         <file>rtsv7M4_T_le_v4SPD16_eabi.lib</file>
         <name>cpy_tbl.c.obj</name>
      </input_file>
      <input_file id="fl-d0">
         <path>/Applications/ti/ccs1110/ccs/tools/compiler/ti-cgt-arm_20.2.6.LTS/lib/</path>
         <kind>archive</kind>
         <file>rtsv7M4_T_le_v4SPD16_eabi.lib</file>
         <name>exit.c.obj</name>
      </input_file>
      <input_file id="fl-d1">
         <path>/Applications/ti/ccs1110/ccs/tools/compiler/ti-cgt-arm_20.2.6.LTS/lib/</path>
         <kind>archive</kind>
         <file>rtsv7M4_T_le_v4SPD16_eabi.lib</file>
         <name>_lock.c.obj</name>
      </input_file>
      <input_file id="fl-d2">
         <path>/Applications/ti/ccs1110/ccs/tools/compiler/ti-cgt-arm_20.2.6.LTS/lib/</path>
         <kind>archive</kind>
         <file>rtsv7M4_T_le_v4SPD16_eabi.lib</file>
         <name>args_main.c.obj</name>
      </input_file>
   </input_file_list>
   <object_component_list>
      <object_component id="oc-26">
         <name>.intvecs:retain</name>
         <load_address>0x0</load_address>
         <run_address>0x0</run_address>
         <size>0xe4</size>
         <input_file_ref idref="fl-2"/>
      </object_component>
      <object_component id="oc-bd">
         <name>.text</name>
         <load_address>0xe4</load_address>
         <run_address>0xe4</run_address>
         <size>0x2810</size>
         <input_file_ref idref="fl-a"/>
      </object_component>
      <object_component id="oc-1f2">
         <name>.text</name>
         <load_address>0x28f4</load_address>
         <run_address>0x28f4</run_address>
         <size>0x1124</size>
         <input_file_ref idref="fl-8"/>
      </object_component>
      <object_component id="oc-15d">
         <name>.text</name>
         <load_address>0x3a18</load_address>
         <run_address>0x3a18</run_address>
         <size>0x720</size>
         <input_file_ref idref="fl-b"/>
      </object_component>
      <object_component id="oc-145">
         <name>.text</name>
         <load_address>0x4138</load_address>
         <run_address>0x4138</run_address>
         <size>0x454</size>
         <input_file_ref idref="fl-6"/>
      </object_component>
      <object_component id="oc-72">
         <name>.text</name>
         <load_address>0x458c</load_address>
         <run_address>0x458c</run_address>
         <size>0x438</size>
         <input_file_ref idref="fl-c"/>
      </object_component>
      <object_component id="oc-b0">
         <name>.text</name>
         <load_address>0x49c4</load_address>
         <run_address>0x49c4</run_address>
         <size>0x354</size>
         <input_file_ref idref="fl-3"/>
      </object_component>
      <object_component id="oc-9e">
         <name>.text</name>
         <load_address>0x4d18</load_address>
         <run_address>0x4d18</run_address>
         <size>0x168</size>
         <input_file_ref idref="fl-1"/>
      </object_component>
      <object_component id="oc-14b">
         <name>.text</name>
         <load_address>0x4e80</load_address>
         <run_address>0x4e80</run_address>
         <size>0x12a</size>
         <input_file_ref idref="fl-7"/>
      </object_component>
      <object_component id="oc-6d">
         <name>.text</name>
         <load_address>0x4fac</load_address>
         <run_address>0x4fac</run_address>
         <size>0xda</size>
         <input_file_ref idref="fl-d"/>
      </object_component>
      <object_component id="oc-37">
         <name>.text</name>
         <load_address>0x5086</load_address>
         <run_address>0x5086</run_address>
         <size>0x9c</size>
         <input_file_ref idref="fl-c7"/>
      </object_component>
      <object_component id="oc-92">
         <name>.text</name>
         <load_address>0x5122</load_address>
         <run_address>0x5122</run_address>
         <size>0x7a</size>
         <input_file_ref idref="fl-c8"/>
      </object_component>
      <object_component id="oc-17">
         <name>.text:decompress:lzss:__TI_decompress_lzss</name>
         <load_address>0x519c</load_address>
         <run_address>0x519c</run_address>
         <size>0x68</size>
         <input_file_ref idref="fl-cb"/>
      </object_component>
      <object_component id="oc-105">
         <name>.text:__TI_auto_init_nobinit_nopinit:__TI_auto_init_nobinit_nopinit</name>
         <load_address>0x5204</load_address>
         <run_address>0x5204</run_address>
         <size>0x44</size>
         <input_file_ref idref="fl-cd"/>
      </object_component>
      <object_component id="oc-55">
         <name>.text:_c_int00_noargs:_c_int00_noargs</name>
         <load_address>0x5248</load_address>
         <run_address>0x5248</run_address>
         <size>0x34</size>
         <input_file_ref idref="fl-cc"/>
      </object_component>
      <object_component id="oc-1d">
         <name>.text:decompress:none:__TI_decompress_none</name>
         <load_address>0x527c</load_address>
         <run_address>0x527c</run_address>
         <size>0xe</size>
         <input_file_ref idref="fl-ca"/>
      </object_component>
      <object_component id="oc-67">
         <name>.text</name>
         <load_address>0x528a</load_address>
         <run_address>0x528a</run_address>
         <size>0xe</size>
         <input_file_ref idref="fl-2"/>
      </object_component>
      <object_component id="oc-49">
         <name>.text:decompress:ZI:__TI_zero_init</name>
         <load_address>0x5298</load_address>
         <run_address>0x5298</run_address>
         <size>0xc</size>
         <input_file_ref idref="fl-c9"/>
      </object_component>
      <object_component id="oc-98">
         <name>.text:_system_pre_init</name>
         <load_address>0x52a4</load_address>
         <run_address>0x52a4</run_address>
         <size>0x4</size>
         <input_file_ref idref="fl-ce"/>
      </object_component>
      <object_component id="oc-f9">
         <name>.text:abort:abort</name>
         <load_address>0x52a8</load_address>
         <run_address>0x52a8</run_address>
         <size>0x4</size>
         <input_file_ref idref="fl-d0"/>
      </object_component>
      <object_component id="oc-ba">
         <name>.const</name>
         <load_address>0x52ac</load_address>
         <run_address>0x52ac</run_address>
         <size>0x8</size>
         <input_file_ref idref="fl-c"/>
      </object_component>
      <object_component id="oc-166">
         <name>.const</name>
         <load_address>0x52b4</load_address>
         <run_address>0x52b4</run_address>
         <size>0x4</size>
         <input_file_ref idref="fl-a"/>
      </object_component>
      <object_component id="oc-2bf">
         <name>.cinit..data.load</name>
         <load_address>0x52b8</load_address>
         <run_address>0x52b8</run_address>
         <size>0x17</size>
      </object_component>
      <object_component id="oc-2bd">
         <name>__TI_handler_table</name>
         <load_address>0x52d0</load_address>
         <run_address>0x52d0</run_address>
         <size>0xc</size>
      </object_component>
      <object_component id="oc-2c0">
         <name>.cinit..bss.load</name>
         <load_address>0x52e0</load_address>
         <run_address>0x52e0</run_address>
         <size>0x8</size>
      </object_component>
      <object_component id="oc-2be">
         <name>__TI_cinit_table</name>
         <load_address>0x52e8</load_address>
         <run_address>0x52e8</run_address>
         <size>0x10</size>
      </object_component>
      <object_component id="oc-291">
         <name>.binit</name>
         <load_address>0x0</load_address>
         <run_address>0x0</run_address>
         <size>0x0</size>
      </object_component>
      <object_component id="oc-ef">
         <name>.data</name>
         <load_address>0x200081dc</load_address>
         <run_address>0x200081dc</run_address>
         <size>0x8</size>
         <input_file_ref idref="fl-1"/>
      </object_component>
      <object_component id="oc-137">
         <name>.data</name>
         <load_address>0x200081e4</load_address>
         <run_address>0x200081e4</run_address>
         <size>0x4</size>
         <input_file_ref idref="fl-3"/>
      </object_component>
      <object_component id="oc-1dd">
         <name>.data</name>
         <load_address>0x200081a0</load_address>
         <run_address>0x200081a0</run_address>
         <size>0x18</size>
         <input_file_ref idref="fl-6"/>
      </object_component>
      <object_component id="oc-b7">
         <name>.data</name>
         <load_address>0x2000816c</load_address>
         <run_address>0x2000816c</run_address>
         <size>0x34</size>
         <input_file_ref idref="fl-a"/>
      </object_component>
      <object_component id="oc-1f8">
         <name>.data</name>
         <load_address>0x200081d0</load_address>
         <run_address>0x200081d0</run_address>
         <size>0xc</size>
         <input_file_ref idref="fl-b"/>
      </object_component>
      <object_component id="oc-c4">
         <name>.data</name>
         <load_address>0x200081b8</load_address>
         <run_address>0x200081b8</run_address>
         <size>0x18</size>
         <input_file_ref idref="fl-c"/>
      </object_component>
      <object_component id="oc-1e3">
         <name>.bss:ucHeap</name>
         <uninitialized>true</uninitialized>
         <run_address>0x20000000</run_address>
         <size>0x8000</size>
         <input_file_ref idref="fl-6"/>
      </object_component>
      <object_component id="oc-1e0">
         <name>.bss:xStart</name>
         <uninitialized>true</uninitialized>
         <run_address>0x20008164</run_address>
         <size>0x8</size>
         <input_file_ref idref="fl-6"/>
      </object_component>
      <object_component id="oc-151">
         <name>.bss:pxReadyTasksLists</name>
         <uninitialized>true</uninitialized>
         <run_address>0x20008000</run_address>
         <size>0xc8</size>
         <input_file_ref idref="fl-a"/>
      </object_component>
      <object_component id="oc-169">
         <name>.bss:xDelayedTaskList1</name>
         <uninitialized>true</uninitialized>
         <run_address>0x200080f0</run_address>
         <size>0x14</size>
         <input_file_ref idref="fl-a"/>
      </object_component>
      <object_component id="oc-16c">
         <name>.bss:xDelayedTaskList2</name>
         <uninitialized>true</uninitialized>
         <run_address>0x20008104</run_address>
         <size>0x14</size>
         <input_file_ref idref="fl-a"/>
      </object_component>
      <object_component id="oc-157">
         <name>.bss</name>
         <uninitialized>true</uninitialized>
         <run_address>0x20008154</run_address>
         <size>0x8</size>
         <input_file_ref idref="fl-a"/>
      </object_component>
      <object_component id="oc-163">
         <name>.bss:xPendingReadyList</name>
         <uninitialized>true</uninitialized>
         <run_address>0x20008118</run_address>
         <size>0x14</size>
         <input_file_ref idref="fl-a"/>
      </object_component>
      <object_component id="oc-154">
         <name>.bss:xTasksWaitingTermination</name>
         <uninitialized>true</uninitialized>
         <run_address>0x20008140</run_address>
         <size>0x14</size>
         <input_file_ref idref="fl-a"/>
      </object_component>
      <object_component id="oc-15a">
         <name>.bss:xSuspendedTaskList</name>
         <uninitialized>true</uninitialized>
         <run_address>0x2000812c</run_address>
         <size>0x14</size>
         <input_file_ref idref="fl-a"/>
      </object_component>
      <object_component id="oc-1fe">
         <name>.bss:xActiveTimerList1</name>
         <uninitialized>true</uninitialized>
         <run_address>0x200080c8</run_address>
         <size>0x14</size>
         <input_file_ref idref="fl-b"/>
      </object_component>
      <object_component id="oc-201">
         <name>.bss:xActiveTimerList2</name>
         <uninitialized>true</uninitialized>
         <run_address>0x200080dc</run_address>
         <size>0x14</size>
         <input_file_ref idref="fl-b"/>
      </object_component>
      <object_component id="oc-1fb">
         <name>.bss</name>
         <uninitialized>true</uninitialized>
         <run_address>0x2000815c</run_address>
         <size>0x8</size>
         <input_file_ref idref="fl-b"/>
      </object_component>
      <object_component id="oc-29">
         <name>.stack</name>
         <uninitialized>true</uninitialized>
         <run_address>0x2000fe00</run_address>
         <size>0x4</size>
         <input_file_ref idref="fl-cc"/>
      </object_component>
      <object_component id="oc-2c2">
         <name>.stack</name>
         <uninitialized>true</uninitialized>
         <run_address>0x2000fe00</run_address>
         <size>0x0</size>
      </object_component>
      <object_component id="oc-f3">
         <name>.debug_info</name>
         <load_address>0x0</load_address>
         <run_address>0x0</run_address>
         <size>0x70a</size>
         <input_file_ref idref="fl-1"/>
      </object_component>
      <object_component id="oc-f0">
         <name>.debug_info</name>
         <load_address>0x70a</load_address>
         <run_address>0x70a</run_address>
         <size>0x139</size>
         <input_file_ref idref="fl-1"/>
      </object_component>
      <object_component id="oc-a2">
         <name>.debug_info</name>
         <load_address>0x843</load_address>
         <run_address>0x843</run_address>
         <size>0x48b</size>
         <input_file_ref idref="fl-1"/>
      </object_component>
      <object_component id="oc-f4">
         <name>.debug_info</name>
         <load_address>0xcce</load_address>
         <run_address>0xcce</run_address>
         <size>0x315</size>
         <input_file_ref idref="fl-1"/>
      </object_component>
      <object_component id="oc-18c">
         <name>.debug_info</name>
         <load_address>0xfe3</load_address>
         <run_address>0xfe3</run_address>
         <size>0x37e2</size>
         <input_file_ref idref="fl-1"/>
      </object_component>
      <object_component id="oc-da">
         <name>.debug_info</name>
         <load_address>0x47c5</load_address>
         <run_address>0x47c5</run_address>
         <size>0x26b</size>
         <input_file_ref idref="fl-1"/>
      </object_component>
      <object_component id="oc-191">
         <name>.debug_info</name>
         <load_address>0x4a30</load_address>
         <run_address>0x4a30</run_address>
         <size>0x1055</size>
         <input_file_ref idref="fl-1"/>
      </object_component>
      <object_component id="oc-19b">
         <name>.debug_info</name>
         <load_address>0x5a85</load_address>
         <run_address>0x5a85</run_address>
         <size>0x48b</size>
         <input_file_ref idref="fl-1"/>
      </object_component>
      <object_component id="oc-32">
         <name>.debug_info</name>
         <load_address>0x5f10</load_address>
         <run_address>0x5f10</run_address>
         <size>0x84</size>
         <input_file_ref idref="fl-1"/>
      </object_component>
      <object_component id="oc-c9">
         <name>.debug_info</name>
         <load_address>0x5f94</load_address>
         <run_address>0x5f94</run_address>
         <size>0x2c</size>
         <input_file_ref idref="fl-1"/>
      </object_component>
      <object_component id="oc-183">
         <name>.debug_info</name>
         <load_address>0x5fc0</load_address>
         <run_address>0x5fc0</run_address>
         <size>0x2a4</size>
         <input_file_ref idref="fl-1"/>
      </object_component>
      <object_component id="oc-d3">
         <name>.debug_info</name>
         <load_address>0x6264</load_address>
         <run_address>0x6264</run_address>
         <size>0xbb</size>
         <input_file_ref idref="fl-1"/>
      </object_component>
      <object_component id="oc-ce">
         <name>.debug_info</name>
         <load_address>0x631f</load_address>
         <run_address>0x631f</run_address>
         <size>0x53</size>
         <input_file_ref idref="fl-1"/>
      </object_component>
      <object_component id="oc-196">
         <name>.debug_info</name>
         <load_address>0x6372</load_address>
         <run_address>0x6372</run_address>
         <size>0xcc</size>
         <input_file_ref idref="fl-1"/>
      </object_component>
      <object_component id="oc-179">
         <name>.debug_info</name>
         <load_address>0x643e</load_address>
         <run_address>0x643e</run_address>
         <size>0x14c</size>
         <input_file_ref idref="fl-1"/>
      </object_component>
      <object_component id="oc-7a">
         <name>.debug_info</name>
         <load_address>0x658a</load_address>
         <run_address>0x658a</run_address>
         <size>0x34f</size>
         <input_file_ref idref="fl-2"/>
      </object_component>
      <object_component id="oc-27">
         <name>.debug_info</name>
         <load_address>0x68d9</load_address>
         <run_address>0x68d9</run_address>
         <size>0xfb</size>
         <input_file_ref idref="fl-2"/>
      </object_component>
      <object_component id="oc-6a">
         <name>.debug_info</name>
         <load_address>0x69d4</load_address>
         <run_address>0x69d4</run_address>
         <size>0x1c2</size>
         <input_file_ref idref="fl-2"/>
      </object_component>
      <object_component id="oc-138">
         <name>.debug_info</name>
         <load_address>0x6b96</load_address>
         <run_address>0x6b96</run_address>
         <size>0xf4</size>
         <input_file_ref idref="fl-3"/>
      </object_component>
      <object_component id="oc-b1">
         <name>.debug_info</name>
         <load_address>0x6c8a</load_address>
         <run_address>0x6c8a</run_address>
         <size>0x266</size>
         <input_file_ref idref="fl-3"/>
      </object_component>
      <object_component id="oc-218">
         <name>.debug_info</name>
         <load_address>0x6ef0</load_address>
         <run_address>0x6ef0</run_address>
         <size>0x283</size>
         <input_file_ref idref="fl-4"/>
      </object_component>
      <object_component id="oc-17e">
         <name>.debug_info</name>
         <load_address>0x7173</load_address>
         <run_address>0x7173</run_address>
         <size>0x48b</size>
         <input_file_ref idref="fl-4"/>
      </object_component>
      <object_component id="oc-267">
         <name>.debug_info</name>
         <load_address>0x75fe</load_address>
         <run_address>0x75fe</run_address>
         <size>0xcc</size>
         <input_file_ref idref="fl-4"/>
      </object_component>
      <object_component id="oc-174">
         <name>.debug_info</name>
         <load_address>0x76ca</load_address>
         <run_address>0x76ca</run_address>
         <size>0x53</size>
         <input_file_ref idref="fl-4"/>
      </object_component>
      <object_component id="oc-23a">
         <name>.debug_info</name>
         <load_address>0x771d</load_address>
         <run_address>0x771d</run_address>
         <size>0x6de</size>
         <input_file_ref idref="fl-5"/>
      </object_component>
      <object_component id="oc-1c4">
         <name>.debug_info</name>
         <load_address>0x7dfb</load_address>
         <run_address>0x7dfb</run_address>
         <size>0x110</size>
         <input_file_ref idref="fl-5"/>
      </object_component>
      <object_component id="oc-1d8">
         <name>.debug_info</name>
         <load_address>0x7f0b</load_address>
         <run_address>0x7f0b</run_address>
         <size>0x48b</size>
         <input_file_ref idref="fl-5"/>
      </object_component>
      <object_component id="oc-27d">
         <name>.debug_info</name>
         <load_address>0x8396</load_address>
         <run_address>0x8396</run_address>
         <size>0x76</size>
         <input_file_ref idref="fl-5"/>
      </object_component>
      <object_component id="oc-282">
         <name>.debug_info</name>
         <load_address>0x840c</load_address>
         <run_address>0x840c</run_address>
         <size>0x39</size>
         <input_file_ref idref="fl-5"/>
      </object_component>
      <object_component id="oc-249">
         <name>.debug_info</name>
         <load_address>0x8445</load_address>
         <run_address>0x8445</run_address>
         <size>0x109</size>
         <input_file_ref idref="fl-5"/>
      </object_component>
      <object_component id="oc-1c9">
         <name>.debug_info</name>
         <load_address>0x854e</load_address>
         <run_address>0x854e</run_address>
         <size>0x4f</size>
         <input_file_ref idref="fl-5"/>
      </object_component>
      <object_component id="oc-1e7">
         <name>.debug_info</name>
         <load_address>0x859d</load_address>
         <run_address>0x859d</run_address>
         <size>0x51e</size>
         <input_file_ref idref="fl-6"/>
      </object_component>
      <object_component id="oc-1e4">
         <name>.debug_info</name>
         <load_address>0x8abb</load_address>
         <run_address>0x8abb</run_address>
         <size>0x137</size>
         <input_file_ref idref="fl-6"/>
      </object_component>
      <object_component id="oc-1e1">
         <name>.debug_info</name>
         <load_address>0x8bf2</load_address>
         <run_address>0x8bf2</run_address>
         <size>0x137</size>
         <input_file_ref idref="fl-6"/>
      </object_component>
      <object_component id="oc-1de">
         <name>.debug_info</name>
         <load_address>0x8d29</load_address>
         <run_address>0x8d29</run_address>
         <size>0x277</size>
         <input_file_ref idref="fl-6"/>
      </object_component>
      <object_component id="oc-148">
         <name>.debug_info</name>
         <load_address>0x8fa0</load_address>
         <run_address>0x8fa0</run_address>
         <size>0xe1c</size>
         <input_file_ref idref="fl-6"/>
      </object_component>
      <object_component id="oc-240">
         <name>.debug_info</name>
         <load_address>0x9dbc</load_address>
         <run_address>0x9dbc</run_address>
         <size>0x62</size>
         <input_file_ref idref="fl-6"/>
      </object_component>
      <object_component id="oc-1e9">
         <name>.debug_info</name>
         <load_address>0x9e1e</load_address>
         <run_address>0x9e1e</run_address>
         <size>0x3dc</size>
         <input_file_ref idref="fl-7"/>
      </object_component>
      <object_component id="oc-14c">
         <name>.debug_info</name>
         <load_address>0xa1fa</load_address>
         <run_address>0xa1fa</run_address>
         <size>0x7c8</size>
         <input_file_ref idref="fl-7"/>
      </object_component>
      <object_component id="oc-23b">
         <name>.debug_info</name>
         <load_address>0xa9c2</load_address>
         <run_address>0xa9c2</run_address>
         <size>0x948</size>
         <input_file_ref idref="fl-8"/>
      </object_component>
      <object_component id="oc-1f5">
         <name>.debug_info</name>
         <load_address>0xb30a</load_address>
         <run_address>0xb30a</run_address>
         <size>0x4778</size>
         <input_file_ref idref="fl-8"/>
      </object_component>
      <object_component id="oc-289">
         <name>.debug_info</name>
         <load_address>0xfa82</load_address>
         <run_address>0xfa82</run_address>
         <size>0x1ef</size>
         <input_file_ref idref="fl-8"/>
      </object_component>
      <object_component id="oc-251">
         <name>.debug_info</name>
         <load_address>0xfc71</load_address>
         <run_address>0xfc71</run_address>
         <size>0x46</size>
         <input_file_ref idref="fl-8"/>
      </object_component>
      <object_component id="oc-1ce">
         <name>.debug_info</name>
         <load_address>0xfcb7</load_address>
         <run_address>0xfcb7</run_address>
         <size>0x35</size>
         <input_file_ref idref="fl-8"/>
      </object_component>
      <object_component id="oc-e6">
         <name>.debug_info</name>
         <load_address>0xfcec</load_address>
         <run_address>0xfcec</run_address>
         <size>0x2c</size>
         <input_file_ref idref="fl-9"/>
      </object_component>
      <object_component id="oc-13d">
         <name>.debug_info</name>
         <load_address>0xfd18</load_address>
         <run_address>0xfd18</run_address>
         <size>0x8f7</size>
         <input_file_ref idref="fl-a"/>
      </object_component>
      <object_component id="oc-b8">
         <name>.debug_info</name>
         <load_address>0x1060f</load_address>
         <run_address>0x1060f</run_address>
         <size>0x393</size>
         <input_file_ref idref="fl-a"/>
      </object_component>
      <object_component id="oc-152">
         <name>.debug_info</name>
         <load_address>0x109a2</load_address>
         <run_address>0x109a2</run_address>
         <size>0x13c</size>
         <input_file_ref idref="fl-a"/>
      </object_component>
      <object_component id="oc-16a">
         <name>.debug_info</name>
         <load_address>0x10ade</load_address>
         <run_address>0x10ade</run_address>
         <size>0x13c</size>
         <input_file_ref idref="fl-a"/>
      </object_component>
      <object_component id="oc-16d">
         <name>.debug_info</name>
         <load_address>0x10c1a</load_address>
         <run_address>0x10c1a</run_address>
         <size>0x13c</size>
         <input_file_ref idref="fl-a"/>
      </object_component>
      <object_component id="oc-158">
         <name>.debug_info</name>
         <load_address>0x10d56</load_address>
         <run_address>0x10d56</run_address>
         <size>0x17f</size>
         <input_file_ref idref="fl-a"/>
      </object_component>
      <object_component id="oc-164">
         <name>.debug_info</name>
         <load_address>0x10ed5</load_address>
         <run_address>0x10ed5</run_address>
         <size>0x13c</size>
         <input_file_ref idref="fl-a"/>
      </object_component>
      <object_component id="oc-155">
         <name>.debug_info</name>
         <load_address>0x11011</load_address>
         <run_address>0x11011</run_address>
         <size>0x14a</size>
         <input_file_ref idref="fl-a"/>
      </object_component>
      <object_component id="oc-15b">
         <name>.debug_info</name>
         <load_address>0x1115b</load_address>
         <run_address>0x1115b</run_address>
         <size>0x13e</size>
         <input_file_ref idref="fl-a"/>
      </object_component>
      <object_component id="oc-167">
         <name>.debug_info</name>
         <load_address>0x11299</load_address>
         <run_address>0x11299</run_address>
         <size>0x13d</size>
         <input_file_ref idref="fl-a"/>
      </object_component>
      <object_component id="oc-bf">
         <name>.debug_info</name>
         <load_address>0x113d6</load_address>
         <run_address>0x113d6</run_address>
         <size>0x82d3</size>
         <input_file_ref idref="fl-a"/>
      </object_component>
      <object_component id="oc-13e">
         <name>.debug_info</name>
         <load_address>0x196a9</load_address>
         <run_address>0x196a9</run_address>
         <size>0x30c</size>
         <input_file_ref idref="fl-a"/>
      </object_component>
      <object_component id="oc-1d3">
         <name>.debug_info</name>
         <load_address>0x199b5</load_address>
         <run_address>0x199b5</run_address>
         <size>0x16f</size>
         <input_file_ref idref="fl-a"/>
      </object_component>
      <object_component id="oc-20a">
         <name>.debug_info</name>
         <load_address>0x19b24</load_address>
         <run_address>0x19b24</run_address>
         <size>0x87d</size>
         <input_file_ref idref="fl-b"/>
      </object_component>
      <object_component id="oc-1ff">
         <name>.debug_info</name>
         <load_address>0x1a3a1</load_address>
         <run_address>0x1a3a1</run_address>
         <size>0x13c</size>
         <input_file_ref idref="fl-b"/>
      </object_component>
      <object_component id="oc-202">
         <name>.debug_info</name>
         <load_address>0x1a4dd</load_address>
         <run_address>0x1a4dd</run_address>
         <size>0x13c</size>
         <input_file_ref idref="fl-b"/>
      </object_component>
      <object_component id="oc-1fc">
         <name>.debug_info</name>
         <load_address>0x1a619</load_address>
         <run_address>0x1a619</run_address>
         <size>0x174</size>
         <input_file_ref idref="fl-b"/>
      </object_component>
      <object_component id="oc-1f9">
         <name>.debug_info</name>
         <load_address>0x1a78d</load_address>
         <run_address>0x1a78d</run_address>
         <size>0x160</size>
         <input_file_ref idref="fl-b"/>
      </object_component>
      <object_component id="oc-160">
         <name>.debug_info</name>
         <load_address>0x1a8ed</load_address>
         <run_address>0x1a8ed</run_address>
         <size>0x2d25</size>
         <input_file_ref idref="fl-b"/>
      </object_component>
      <object_component id="oc-20b">
         <name>.debug_info</name>
         <load_address>0x1d612</load_address>
         <run_address>0x1d612</run_address>
         <size>0x1ce</size>
         <input_file_ref idref="fl-b"/>
      </object_component>
      <object_component id="oc-258">
         <name>.debug_info</name>
         <load_address>0x1d7e0</load_address>
         <run_address>0x1d7e0</run_address>
         <size>0x4f</size>
         <input_file_ref idref="fl-b"/>
      </object_component>
      <object_component id="oc-205">
         <name>.debug_info</name>
         <load_address>0x1d82f</load_address>
         <run_address>0x1d82f</run_address>
         <size>0x46</size>
         <input_file_ref idref="fl-b"/>
      </object_component>
      <object_component id="oc-c8">
         <name>.debug_info</name>
         <load_address>0x1d875</load_address>
         <run_address>0x1d875</run_address>
         <size>0x566</size>
         <input_file_ref idref="fl-c"/>
      </object_component>
      <object_component id="oc-bb">
         <name>.debug_info</name>
         <load_address>0x1dddb</load_address>
         <run_address>0x1dddb</run_address>
         <size>0x1b1</size>
         <input_file_ref idref="fl-c"/>
      </object_component>
      <object_component id="oc-c5">
         <name>.debug_info</name>
         <load_address>0x1df8c</load_address>
         <run_address>0x1df8c</run_address>
         <size>0x28c</size>
         <input_file_ref idref="fl-c"/>
      </object_component>
      <object_component id="oc-73">
         <name>.debug_info</name>
         <load_address>0x1e218</load_address>
         <run_address>0x1e218</run_address>
         <size>0x10b9</size>
         <input_file_ref idref="fl-c"/>
      </object_component>
      <object_component id="oc-6e">
         <name>.debug_info</name>
         <load_address>0x1f2d1</load_address>
         <run_address>0x1f2d1</run_address>
         <size>0x29e</size>
         <input_file_ref idref="fl-d"/>
      </object_component>
      <object_component id="oc-3a">
         <name>.debug_info</name>
         <load_address>0x1f56f</load_address>
         <run_address>0x1f56f</run_address>
         <size>0x119</size>
         <input_file_ref idref="fl-c7"/>
      </object_component>
      <object_component id="oc-94">
         <name>.debug_info</name>
         <load_address>0x1f688</load_address>
         <run_address>0x1f688</run_address>
         <size>0x147</size>
         <input_file_ref idref="fl-c8"/>
      </object_component>
      <object_component id="oc-91">
         <name>.debug_info</name>
         <load_address>0x1f7cf</load_address>
         <run_address>0x1f7cf</run_address>
         <size>0x2d4</size>
         <input_file_ref idref="fl-c9"/>
      </object_component>
      <object_component id="oc-4d">
         <name>.debug_info</name>
         <load_address>0x1faa3</load_address>
         <run_address>0x1faa3</run_address>
         <size>0x1b5</size>
         <input_file_ref idref="fl-c9"/>
      </object_component>
      <object_component id="oc-8c">
         <name>.debug_info</name>
         <load_address>0x1fc58</load_address>
         <run_address>0x1fc58</run_address>
         <size>0x46</size>
         <input_file_ref idref="fl-c9"/>
      </object_component>
      <object_component id="oc-42">
         <name>.debug_info</name>
         <load_address>0x1fc9e</load_address>
         <run_address>0x1fc9e</run_address>
         <size>0x2a8</size>
         <input_file_ref idref="fl-ca"/>
      </object_component>
      <object_component id="oc-21">
         <name>.debug_info</name>
         <load_address>0x1ff46</load_address>
         <run_address>0x1ff46</run_address>
         <size>0x1ea</size>
         <input_file_ref idref="fl-ca"/>
      </object_component>
      <object_component id="oc-3d">
         <name>.debug_info</name>
         <load_address>0x20130</load_address>
         <run_address>0x20130</run_address>
         <size>0x46</size>
         <input_file_ref idref="fl-ca"/>
      </object_component>
      <object_component id="oc-84">
         <name>.debug_info</name>
         <load_address>0x20176</load_address>
         <run_address>0x20176</run_address>
         <size>0x2c</size>
         <input_file_ref idref="fl-ca"/>
      </object_component>
      <object_component id="oc-82">
         <name>.debug_info</name>
         <load_address>0x201a2</load_address>
         <run_address>0x201a2</run_address>
         <size>0x29e</size>
         <input_file_ref idref="fl-cb"/>
      </object_component>
      <object_component id="oc-19">
         <name>.debug_info</name>
         <load_address>0x20440</load_address>
         <run_address>0x20440</run_address>
         <size>0x250</size>
         <input_file_ref idref="fl-cb"/>
      </object_component>
      <object_component id="oc-2d">
         <name>.debug_info</name>
         <load_address>0x20690</load_address>
         <run_address>0x20690</run_address>
         <size>0x60</size>
         <input_file_ref idref="fl-cb"/>
      </object_component>
      <object_component id="oc-df">
         <name>.debug_info</name>
         <load_address>0x206f0</load_address>
         <run_address>0x206f0</run_address>
         <size>0x46</size>
         <input_file_ref idref="fl-cb"/>
      </object_component>
      <object_component id="oc-7d">
         <name>.debug_info</name>
         <load_address>0x20736</load_address>
         <run_address>0x20736</run_address>
         <size>0x39</size>
         <input_file_ref idref="fl-cb"/>
      </object_component>
      <object_component id="oc-2a">
         <name>.debug_info</name>
         <load_address>0x2076f</load_address>
         <run_address>0x2076f</run_address>
         <size>0x10b</size>
         <input_file_ref idref="fl-cc"/>
      </object_component>
      <object_component id="oc-59">
         <name>.debug_info</name>
         <load_address>0x2087a</load_address>
         <run_address>0x2087a</run_address>
         <size>0x1a9</size>
         <input_file_ref idref="fl-cc"/>
      </object_component>
      <object_component id="oc-1ab">
         <name>.debug_info</name>
         <load_address>0x20a23</load_address>
         <run_address>0x20a23</run_address>
         <size>0x4b3</size>
         <input_file_ref idref="fl-cd"/>
      </object_component>
      <object_component id="oc-107">
         <name>.debug_info</name>
         <load_address>0x20ed6</load_address>
         <run_address>0x20ed6</run_address>
         <size>0x1a6</size>
         <input_file_ref idref="fl-cd"/>
      </object_component>
      <object_component id="oc-229">
         <name>.debug_info</name>
         <load_address>0x2107c</load_address>
         <run_address>0x2107c</run_address>
         <size>0x39</size>
         <input_file_ref idref="fl-cd"/>
      </object_component>
      <object_component id="oc-26f">
         <name>.debug_info</name>
         <load_address>0x210b5</load_address>
         <run_address>0x210b5</run_address>
         <size>0x39</size>
         <input_file_ref idref="fl-cd"/>
      </object_component>
      <object_component id="oc-22e">
         <name>.debug_info</name>
         <load_address>0x210ee</load_address>
         <run_address>0x210ee</run_address>
         <size>0x39</size>
         <input_file_ref idref="fl-cd"/>
      </object_component>
      <object_component id="oc-233">
         <name>.debug_info</name>
         <load_address>0x21127</load_address>
         <run_address>0x21127</run_address>
         <size>0xcd</size>
         <input_file_ref idref="fl-cd"/>
      </object_component>
      <object_component id="oc-9b">
         <name>.debug_info</name>
         <load_address>0x211f4</load_address>
         <run_address>0x211f4</run_address>
         <size>0x153</size>
         <input_file_ref idref="fl-ce"/>
      </object_component>
      <object_component id="oc-fd">
         <name>.debug_info</name>
         <load_address>0x21347</load_address>
         <run_address>0x21347</run_address>
         <size>0x122</size>
         <input_file_ref idref="fl-d0"/>
      </object_component>
      <object_component id="oc-2c3">
         <name>.debug_info</name>
         <load_address>0x21469</load_address>
         <run_address>0x21469</run_address>
         <size>0xa7</size>
      </object_component>
      <object_component id="oc-18b">
         <name>.debug_line</name>
         <load_address>0x0</load_address>
         <run_address>0x0</run_address>
         <size>0x86</size>
         <input_file_ref idref="fl-1"/>
      </object_component>
      <object_component id="oc-189">
         <name>.debug_line</name>
         <load_address>0x86</load_address>
         <run_address>0x86</run_address>
         <size>0x2d</size>
         <input_file_ref idref="fl-1"/>
      </object_component>
      <object_component id="oc-9f">
         <name>.debug_line</name>
         <load_address>0xb3</load_address>
         <run_address>0xb3</run_address>
         <size>0x12a</size>
         <input_file_ref idref="fl-1"/>
      </object_component>
      <object_component id="oc-f7">
         <name>.debug_line</name>
         <load_address>0x1dd</load_address>
         <run_address>0x1dd</run_address>
         <size>0x86</size>
         <input_file_ref idref="fl-1"/>
      </object_component>
      <object_component id="oc-18f">
         <name>.debug_line</name>
         <load_address>0x263</load_address>
         <run_address>0x263</run_address>
         <size>0x63</size>
         <input_file_ref idref="fl-1"/>
      </object_component>
      <object_component id="oc-dd">
         <name>.debug_line</name>
         <load_address>0x2c6</load_address>
         <run_address>0x2c6</run_address>
         <size>0x7a</size>
         <input_file_ref idref="fl-1"/>
      </object_component>
      <object_component id="oc-194">
         <name>.debug_line</name>
         <load_address>0x340</load_address>
         <run_address>0x340</run_address>
         <size>0x66</size>
         <input_file_ref idref="fl-1"/>
      </object_component>
      <object_component id="oc-19e">
         <name>.debug_line</name>
         <load_address>0x3a6</load_address>
         <run_address>0x3a6</run_address>
         <size>0x8a</size>
         <input_file_ref idref="fl-1"/>
      </object_component>
      <object_component id="oc-35">
         <name>.debug_line</name>
         <load_address>0x430</load_address>
         <run_address>0x430</run_address>
         <size>0x20</size>
         <input_file_ref idref="fl-1"/>
      </object_component>
      <object_component id="oc-cc">
         <name>.debug_line</name>
         <load_address>0x450</load_address>
         <run_address>0x450</run_address>
         <size>0x8a</size>
         <input_file_ref idref="fl-1"/>
      </object_component>
      <object_component id="oc-186">
         <name>.debug_line</name>
         <load_address>0x4da</load_address>
         <run_address>0x4da</run_address>
         <size>0x7e</size>
         <input_file_ref idref="fl-1"/>
      </object_component>
      <object_component id="oc-d6">
         <name>.debug_line</name>
         <load_address>0x558</load_address>
         <run_address>0x558</run_address>
         <size>0x7b</size>
         <input_file_ref idref="fl-1"/>
      </object_component>
      <object_component id="oc-d1">
         <name>.debug_line</name>
         <load_address>0x5d3</load_address>
         <run_address>0x5d3</run_address>
         <size>0x99</size>
         <input_file_ref idref="fl-1"/>
      </object_component>
      <object_component id="oc-199">
         <name>.debug_line</name>
         <load_address>0x66c</load_address>
         <run_address>0x66c</run_address>
         <size>0x75</size>
         <input_file_ref idref="fl-1"/>
      </object_component>
      <object_component id="oc-17c">
         <name>.debug_line</name>
         <load_address>0x6e1</load_address>
         <run_address>0x6e1</run_address>
         <size>0x86</size>
         <input_file_ref idref="fl-1"/>
      </object_component>
      <object_component id="oc-d9">
         <name>.debug_line</name>
         <load_address>0x767</load_address>
         <run_address>0x767</run_address>
         <size>0x40</size>
         <input_file_ref idref="fl-2"/>
      </object_component>
      <object_component id="oc-79">
         <name>.debug_line</name>
         <load_address>0x7a7</load_address>
         <run_address>0x7a7</run_address>
         <size>0x40</size>
         <input_file_ref idref="fl-2"/>
      </object_component>
      <object_component id="oc-6c">
         <name>.debug_line</name>
         <load_address>0x7e7</load_address>
         <run_address>0x7e7</run_address>
         <size>0x71</size>
         <input_file_ref idref="fl-2"/>
      </object_component>
      <object_component id="oc-1c1">
         <name>.debug_line</name>
         <load_address>0x858</load_address>
         <run_address>0x858</run_address>
         <size>0x3b</size>
         <input_file_ref idref="fl-3"/>
      </object_component>
      <object_component id="oc-b4">
         <name>.debug_line</name>
         <load_address>0x893</load_address>
         <run_address>0x893</run_address>
         <size>0x13a</size>
         <input_file_ref idref="fl-3"/>
      </object_component>
      <object_component id="oc-266">
         <name>.debug_line</name>
         <load_address>0x9cd</load_address>
         <run_address>0x9cd</run_address>
         <size>0x20</size>
         <input_file_ref idref="fl-4"/>
      </object_component>
      <object_component id="oc-181">
         <name>.debug_line</name>
         <load_address>0x9ed</load_address>
         <run_address>0x9ed</run_address>
         <size>0x8a</size>
         <input_file_ref idref="fl-4"/>
      </object_component>
      <object_component id="oc-26a">
         <name>.debug_line</name>
         <load_address>0xa77</load_address>
         <run_address>0xa77</run_address>
         <size>0x8a</size>
         <input_file_ref idref="fl-4"/>
      </object_component>
      <object_component id="oc-177">
         <name>.debug_line</name>
         <load_address>0xb01</load_address>
         <run_address>0xb01</run_address>
         <size>0x76</size>
         <input_file_ref idref="fl-4"/>
      </object_component>
      <object_component id="oc-27c">
         <name>.debug_line</name>
         <load_address>0xb77</load_address>
         <run_address>0xb77</run_address>
         <size>0x1cf</size>
         <input_file_ref idref="fl-5"/>
      </object_component>
      <object_component id="oc-1c7">
         <name>.debug_line</name>
         <load_address>0xd46</load_address>
         <run_address>0xd46</run_address>
         <size>0x76</size>
         <input_file_ref idref="fl-5"/>
      </object_component>
      <object_component id="oc-1db">
         <name>.debug_line</name>
         <load_address>0xdbc</load_address>
         <run_address>0xdbc</run_address>
         <size>0x8a</size>
         <input_file_ref idref="fl-5"/>
      </object_component>
      <object_component id="oc-280">
         <name>.debug_line</name>
         <load_address>0xe46</load_address>
         <run_address>0xe46</run_address>
         <size>0x86</size>
         <input_file_ref idref="fl-5"/>
      </object_component>
      <object_component id="oc-285">
         <name>.debug_line</name>
         <load_address>0xecc</load_address>
         <run_address>0xecc</run_address>
         <size>0x8e</size>
         <input_file_ref idref="fl-5"/>
      </object_component>
      <object_component id="oc-24c">
         <name>.debug_line</name>
         <load_address>0xf5a</load_address>
         <run_address>0xf5a</run_address>
         <size>0x8a</size>
         <input_file_ref idref="fl-5"/>
      </object_component>
      <object_component id="oc-1cc">
         <name>.debug_line</name>
         <load_address>0xfe4</load_address>
         <run_address>0xfe4</run_address>
         <size>0x88</size>
         <input_file_ref idref="fl-5"/>
      </object_component>
      <object_component id="oc-248">
         <name>.debug_line</name>
         <load_address>0x106c</load_address>
         <run_address>0x106c</run_address>
         <size>0x170</size>
         <input_file_ref idref="fl-6"/>
      </object_component>
      <object_component id="oc-246">
         <name>.debug_line</name>
         <load_address>0x11dc</load_address>
         <run_address>0x11dc</run_address>
         <size>0x91</size>
         <input_file_ref idref="fl-6"/>
      </object_component>
      <object_component id="oc-23f">
         <name>.debug_line</name>
         <load_address>0x126d</load_address>
         <run_address>0x126d</run_address>
         <size>0x91</size>
         <input_file_ref idref="fl-6"/>
      </object_component>
      <object_component id="oc-23d">
         <name>.debug_line</name>
         <load_address>0x12fe</load_address>
         <run_address>0x12fe</run_address>
         <size>0x91</size>
         <input_file_ref idref="fl-6"/>
      </object_component>
      <object_component id="oc-14a">
         <name>.debug_line</name>
         <load_address>0x138f</load_address>
         <run_address>0x138f</run_address>
         <size>0x244</size>
         <input_file_ref idref="fl-6"/>
      </object_component>
      <object_component id="oc-243">
         <name>.debug_line</name>
         <load_address>0x15d3</load_address>
         <run_address>0x15d3</run_address>
         <size>0x91</size>
         <input_file_ref idref="fl-6"/>
      </object_component>
      <object_component id="oc-24f">
         <name>.debug_line</name>
         <load_address>0x1664</load_address>
         <run_address>0x1664</run_address>
         <size>0x20</size>
         <input_file_ref idref="fl-7"/>
      </object_component>
      <object_component id="oc-14f">
         <name>.debug_line</name>
         <load_address>0x1684</load_address>
         <run_address>0x1684</run_address>
         <size>0x131</size>
         <input_file_ref idref="fl-7"/>
      </object_component>
      <object_component id="oc-288">
         <name>.debug_line</name>
         <load_address>0x17b5</load_address>
         <run_address>0x17b5</run_address>
         <size>0x1cf</size>
         <input_file_ref idref="fl-8"/>
      </object_component>
      <object_component id="oc-1f7">
         <name>.debug_line</name>
         <load_address>0x1984</load_address>
         <run_address>0x1984</run_address>
         <size>0x8bf</size>
         <input_file_ref idref="fl-8"/>
      </object_component>
      <object_component id="oc-28c">
         <name>.debug_line</name>
         <load_address>0x2243</load_address>
         <run_address>0x2243</run_address>
         <size>0x7f</size>
         <input_file_ref idref="fl-8"/>
      </object_component>
      <object_component id="oc-254">
         <name>.debug_line</name>
         <load_address>0x22c2</load_address>
         <run_address>0x22c2</run_address>
         <size>0x87</size>
         <input_file_ref idref="fl-8"/>
      </object_component>
      <object_component id="oc-1d1">
         <name>.debug_line</name>
         <load_address>0x2349</load_address>
         <run_address>0x2349</run_address>
         <size>0x7f</size>
         <input_file_ref idref="fl-8"/>
      </object_component>
      <object_component id="oc-e9">
         <name>.debug_line</name>
         <load_address>0x23c8</load_address>
         <run_address>0x23c8</run_address>
         <size>0x76</size>
         <input_file_ref idref="fl-9"/>
      </object_component>
      <object_component id="oc-1c3">
         <name>.debug_line</name>
         <load_address>0x243e</load_address>
         <run_address>0x243e</run_address>
         <size>0x28d</size>
         <input_file_ref idref="fl-a"/>
      </object_component>
      <object_component id="oc-13c">
         <name>.debug_line</name>
         <load_address>0x26cb</load_address>
         <run_address>0x26cb</run_address>
         <size>0x7f</size>
         <input_file_ref idref="fl-a"/>
      </object_component>
      <object_component id="oc-1eb">
         <name>.debug_line</name>
         <load_address>0x274a</load_address>
         <run_address>0x274a</run_address>
         <size>0x7f</size>
         <input_file_ref idref="fl-a"/>
      </object_component>
      <object_component id="oc-215">
         <name>.debug_line</name>
         <load_address>0x27c9</load_address>
         <run_address>0x27c9</run_address>
         <size>0x7f</size>
         <input_file_ref idref="fl-a"/>
      </object_component>
      <object_component id="oc-217">
         <name>.debug_line</name>
         <load_address>0x2848</load_address>
         <run_address>0x2848</run_address>
         <size>0x7f</size>
         <input_file_ref idref="fl-a"/>
      </object_component>
      <object_component id="oc-1ef">
         <name>.debug_line</name>
         <load_address>0x28c7</load_address>
         <run_address>0x28c7</run_address>
         <size>0x7f</size>
         <input_file_ref idref="fl-a"/>
      </object_component>
      <object_component id="oc-211">
         <name>.debug_line</name>
         <load_address>0x2946</load_address>
         <run_address>0x2946</run_address>
         <size>0x7f</size>
         <input_file_ref idref="fl-a"/>
      </object_component>
      <object_component id="oc-1ed">
         <name>.debug_line</name>
         <load_address>0x29c5</load_address>
         <run_address>0x29c5</run_address>
         <size>0x7f</size>
         <input_file_ref idref="fl-a"/>
      </object_component>
      <object_component id="oc-1f1">
         <name>.debug_line</name>
         <load_address>0x2a44</load_address>
         <run_address>0x2a44</run_address>
         <size>0x7f</size>
         <input_file_ref idref="fl-a"/>
      </object_component>
      <object_component id="oc-213">
         <name>.debug_line</name>
         <load_address>0x2ac3</load_address>
         <run_address>0x2ac3</run_address>
         <size>0x7f</size>
         <input_file_ref idref="fl-a"/>
      </object_component>
      <object_component id="oc-c1">
         <name>.debug_line</name>
         <load_address>0x2b42</load_address>
         <run_address>0x2b42</run_address>
         <size>0xfc0</size>
         <input_file_ref idref="fl-a"/>
      </object_component>
      <object_component id="oc-141">
         <name>.debug_line</name>
         <load_address>0x3b02</load_address>
         <run_address>0x3b02</run_address>
         <size>0x86</size>
         <input_file_ref idref="fl-a"/>
      </object_component>
      <object_component id="oc-1d6">
         <name>.debug_line</name>
         <load_address>0x3b88</load_address>
         <run_address>0x3b88</run_address>
         <size>0x7f</size>
         <input_file_ref idref="fl-a"/>
      </object_component>
      <object_component id="oc-264">
         <name>.debug_line</name>
         <load_address>0x3c07</load_address>
         <run_address>0x3c07</run_address>
         <size>0x236</size>
         <input_file_ref idref="fl-b"/>
      </object_component>
      <object_component id="oc-260">
         <name>.debug_line</name>
         <load_address>0x3e3d</load_address>
         <run_address>0x3e3d</run_address>
         <size>0x80</size>
         <input_file_ref idref="fl-b"/>
      </object_component>
      <object_component id="oc-262">
         <name>.debug_line</name>
         <load_address>0x3ebd</load_address>
         <run_address>0x3ebd</run_address>
         <size>0x80</size>
         <input_file_ref idref="fl-b"/>
      </object_component>
      <object_component id="oc-25e">
         <name>.debug_line</name>
         <load_address>0x3f3d</load_address>
         <run_address>0x3f3d</run_address>
         <size>0x80</size>
         <input_file_ref idref="fl-b"/>
      </object_component>
      <object_component id="oc-257">
         <name>.debug_line</name>
         <load_address>0x3fbd</load_address>
         <run_address>0x3fbd</run_address>
         <size>0x80</size>
         <input_file_ref idref="fl-b"/>
      </object_component>
      <object_component id="oc-162">
         <name>.debug_line</name>
         <load_address>0x403d</load_address>
         <run_address>0x403d</run_address>
         <size>0x4dd</size>
         <input_file_ref idref="fl-b"/>
      </object_component>
      <object_component id="oc-20e">
         <name>.debug_line</name>
         <load_address>0x451a</load_address>
         <run_address>0x451a</run_address>
         <size>0x80</size>
         <input_file_ref idref="fl-b"/>
      </object_component>
      <object_component id="oc-25b">
         <name>.debug_line</name>
         <load_address>0x459a</load_address>
         <run_address>0x459a</run_address>
         <size>0x87</size>
         <input_file_ref idref="fl-b"/>
      </object_component>
      <object_component id="oc-208">
         <name>.debug_line</name>
         <load_address>0x4621</load_address>
         <run_address>0x4621</run_address>
         <size>0x88</size>
         <input_file_ref idref="fl-b"/>
      </object_component>
      <object_component id="oc-173">
         <name>.debug_line</name>
         <load_address>0x46a9</load_address>
         <run_address>0x46a9</run_address>
         <size>0xfa</size>
         <input_file_ref idref="fl-c"/>
      </object_component>
      <object_component id="oc-144">
         <name>.debug_line</name>
         <load_address>0x47a3</load_address>
         <run_address>0x47a3</run_address>
         <size>0x94</size>
         <input_file_ref idref="fl-c"/>
      </object_component>
      <object_component id="oc-171">
         <name>.debug_line</name>
         <load_address>0x4837</load_address>
         <run_address>0x4837</run_address>
         <size>0x94</size>
         <input_file_ref idref="fl-c"/>
      </object_component>
      <object_component id="oc-76">
         <name>.debug_line</name>
         <load_address>0x48cb</load_address>
         <run_address>0x48cb</run_address>
         <size>0x233</size>
         <input_file_ref idref="fl-c"/>
      </object_component>
      <object_component id="oc-71">
         <name>.debug_line</name>
         <load_address>0x4afe</load_address>
         <run_address>0x4afe</run_address>
         <size>0x129</size>
         <input_file_ref idref="fl-d"/>
      </object_component>
      <object_component id="oc-39">
         <name>.debug_line</name>
         <load_address>0x4c27</load_address>
         <run_address>0x4c27</run_address>
         <size>0x88</size>
         <input_file_ref idref="fl-c7"/>
      </object_component>
      <object_component id="oc-96">
         <name>.debug_line</name>
         <load_address>0x4caf</load_address>
         <run_address>0x4caf</run_address>
         <size>0x79</size>
         <input_file_ref idref="fl-c8"/>
      </object_component>
      <object_component id="oc-ec">
         <name>.debug_line</name>
         <load_address>0x4d28</load_address>
         <run_address>0x4d28</run_address>
         <size>0x92</size>
         <input_file_ref idref="fl-c9"/>
      </object_component>
      <object_component id="oc-4b">
         <name>.debug_line</name>
         <load_address>0x4dba</load_address>
         <run_address>0x4dba</run_address>
         <size>0x53</size>
         <input_file_ref idref="fl-c9"/>
      </object_component>
      <object_component id="oc-8f">
         <name>.debug_line</name>
         <load_address>0x4e0d</load_address>
         <run_address>0x4e0d</run_address>
         <size>0x34</size>
         <input_file_ref idref="fl-c9"/>
      </object_component>
      <object_component id="oc-8a">
         <name>.debug_line</name>
         <load_address>0x4e41</load_address>
         <run_address>0x4e41</run_address>
         <size>0x20</size>
         <input_file_ref idref="fl-ca"/>
      </object_component>
      <object_component id="oc-20">
         <name>.debug_line</name>
         <load_address>0x4e61</load_address>
         <run_address>0x4e61</run_address>
         <size>0x55</size>
         <input_file_ref idref="fl-ca"/>
      </object_component>
      <object_component id="oc-40">
         <name>.debug_line</name>
         <load_address>0x4eb6</load_address>
         <run_address>0x4eb6</run_address>
         <size>0x3a</size>
         <input_file_ref idref="fl-ca"/>
      </object_component>
      <object_component id="oc-87">
         <name>.debug_line</name>
         <load_address>0x4ef0</load_address>
         <run_address>0x4ef0</run_address>
         <size>0x92</size>
         <input_file_ref idref="fl-ca"/>
      </object_component>
      <object_component id="oc-e5">
         <name>.debug_line</name>
         <load_address>0x4f82</load_address>
         <run_address>0x4f82</run_address>
         <size>0x20</size>
         <input_file_ref idref="fl-cb"/>
      </object_component>
      <object_component id="oc-1b">
         <name>.debug_line</name>
         <load_address>0x4fa2</load_address>
         <run_address>0x4fa2</run_address>
         <size>0xa9</size>
         <input_file_ref idref="fl-cb"/>
      </object_component>
      <object_component id="oc-30">
         <name>.debug_line</name>
         <load_address>0x504b</load_address>
         <run_address>0x504b</run_address>
         <size>0x3a</size>
         <input_file_ref idref="fl-cb"/>
      </object_component>
      <object_component id="oc-e2">
         <name>.debug_line</name>
         <load_address>0x5085</load_address>
         <run_address>0x5085</run_address>
         <size>0x9a</size>
         <input_file_ref idref="fl-cb"/>
      </object_component>
      <object_component id="oc-80">
         <name>.debug_line</name>
         <load_address>0x511f</load_address>
         <run_address>0x511f</run_address>
         <size>0x96</size>
         <input_file_ref idref="fl-cb"/>
      </object_component>
      <object_component id="oc-7c">
         <name>.debug_line</name>
         <load_address>0x51b5</load_address>
         <run_address>0x51b5</run_address>
         <size>0x33</size>
         <input_file_ref idref="fl-cc"/>
      </object_component>
      <object_component id="oc-56">
         <name>.debug_line</name>
         <load_address>0x51e8</load_address>
         <run_address>0x51e8</run_address>
         <size>0x45</size>
         <input_file_ref idref="fl-cc"/>
      </object_component>
      <object_component id="oc-228">
         <name>.debug_line</name>
         <load_address>0x522d</load_address>
         <run_address>0x522d</run_address>
         <size>0xbf</size>
         <input_file_ref idref="fl-cd"/>
      </object_component>
      <object_component id="oc-109">
         <name>.debug_line</name>
         <load_address>0x52ec</load_address>
         <run_address>0x52ec</run_address>
         <size>0x6f</size>
         <input_file_ref idref="fl-cd"/>
      </object_component>
      <object_component id="oc-22c">
         <name>.debug_line</name>
         <load_address>0x535b</load_address>
         <run_address>0x535b</run_address>
         <size>0x2e</size>
         <input_file_ref idref="fl-cd"/>
      </object_component>
      <object_component id="oc-272">
         <name>.debug_line</name>
         <load_address>0x5389</load_address>
         <run_address>0x5389</run_address>
         <size>0x9a</size>
         <input_file_ref idref="fl-cd"/>
      </object_component>
      <object_component id="oc-231">
         <name>.debug_line</name>
         <load_address>0x5423</load_address>
         <run_address>0x5423</run_address>
         <size>0x97</size>
         <input_file_ref idref="fl-cd"/>
      </object_component>
      <object_component id="oc-236">
         <name>.debug_line</name>
         <load_address>0x54ba</load_address>
         <run_address>0x54ba</run_address>
         <size>0x93</size>
         <input_file_ref idref="fl-cd"/>
      </object_component>
      <object_component id="oc-9d">
         <name>.debug_line</name>
         <load_address>0x554d</load_address>
         <run_address>0x554d</run_address>
         <size>0x40</size>
         <input_file_ref idref="fl-ce"/>
      </object_component>
      <object_component id="oc-fc">
         <name>.debug_line</name>
         <load_address>0x558d</load_address>
         <run_address>0x558d</run_address>
         <size>0x3c</size>
         <input_file_ref idref="fl-d0"/>
      </object_component>
      <object_component id="oc-a0">
         <name>.debug_frame</name>
         <load_address>0x0</load_address>
         <run_address>0x0</run_address>
         <size>0xd4</size>
         <input_file_ref idref="fl-1"/>
      </object_component>
      <object_component id="oc-68">
         <name>.debug_frame</name>
         <load_address>0xd4</load_address>
         <run_address>0xd4</run_address>
         <size>0x6c</size>
         <input_file_ref idref="fl-2"/>
      </object_component>
      <object_component id="oc-b5">
         <name>.debug_frame</name>
         <load_address>0x140</load_address>
         <run_address>0x140</run_address>
         <size>0x70</size>
         <input_file_ref idref="fl-3"/>
      </object_component>
      <object_component id="oc-146">
         <name>.debug_frame</name>
         <load_address>0x1b0</load_address>
         <run_address>0x1b0</run_address>
         <size>0x10c</size>
         <input_file_ref idref="fl-6"/>
      </object_component>
      <object_component id="oc-150">
         <name>.debug_frame</name>
         <load_address>0x2bc</load_address>
         <run_address>0x2bc</run_address>
         <size>0xb8</size>
         <input_file_ref idref="fl-7"/>
      </object_component>
      <object_component id="oc-1f3">
         <name>.debug_frame</name>
         <load_address>0x374</load_address>
         <run_address>0x374</run_address>
         <size>0x3cc</size>
         <input_file_ref idref="fl-8"/>
      </object_component>
      <object_component id="oc-c2">
         <name>.debug_frame</name>
         <load_address>0x740</load_address>
         <run_address>0x740</run_address>
         <size>0x7a4</size>
         <input_file_ref idref="fl-a"/>
      </object_component>
      <object_component id="oc-15e">
         <name>.debug_frame</name>
         <load_address>0xee4</load_address>
         <run_address>0xee4</run_address>
         <size>0x2dc</size>
         <input_file_ref idref="fl-b"/>
      </object_component>
      <object_component id="oc-77">
         <name>.debug_frame</name>
         <load_address>0x11c0</load_address>
         <run_address>0x11c0</run_address>
         <size>0x130</size>
         <input_file_ref idref="fl-c"/>
      </object_component>
      <object_component id="oc-4a">
         <name>.debug_frame</name>
         <load_address>0x12f0</load_address>
         <run_address>0x12f0</run_address>
         <size>0x54</size>
         <input_file_ref idref="fl-c9"/>
      </object_component>
      <object_component id="oc-1f">
         <name>.debug_frame</name>
         <load_address>0x1344</load_address>
         <run_address>0x1344</run_address>
         <size>0x54</size>
         <input_file_ref idref="fl-ca"/>
      </object_component>
      <object_component id="oc-1c">
         <name>.debug_frame</name>
         <load_address>0x1398</load_address>
         <run_address>0x1398</run_address>
         <size>0x60</size>
         <input_file_ref idref="fl-cb"/>
      </object_component>
      <object_component id="oc-58">
         <name>.debug_frame</name>
         <load_address>0x13f8</load_address>
         <run_address>0x13f8</run_address>
         <size>0x50</size>
         <input_file_ref idref="fl-cc"/>
      </object_component>
      <object_component id="oc-10a">
         <name>.debug_frame</name>
         <load_address>0x1448</load_address>
         <run_address>0x1448</run_address>
         <size>0x5c</size>
         <input_file_ref idref="fl-cd"/>
      </object_component>
      <object_component id="oc-99">
         <name>.debug_frame</name>
         <load_address>0x14a4</load_address>
         <run_address>0x14a4</run_address>
         <size>0x54</size>
         <input_file_ref idref="fl-ce"/>
      </object_component>
      <object_component id="oc-fb">
         <name>.debug_frame</name>
         <load_address>0x14f8</load_address>
         <run_address>0x14f8</run_address>
         <size>0x54</size>
         <input_file_ref idref="fl-d0"/>
      </object_component>
      <object_component id="oc-18a">
         <name>.debug_abbrev</name>
         <load_address>0x0</load_address>
         <run_address>0x0</run_address>
         <size>0xd6</size>
         <input_file_ref idref="fl-1"/>
      </object_component>
      <object_component id="oc-188">
         <name>.debug_abbrev</name>
         <load_address>0xd6</load_address>
         <run_address>0xd6</run_address>
         <size>0x29</size>
         <input_file_ref idref="fl-1"/>
      </object_component>
      <object_component id="oc-f2">
         <name>.debug_abbrev</name>
         <load_address>0xff</load_address>
         <run_address>0xff</run_address>
         <size>0xd4</size>
         <input_file_ref idref="fl-1"/>
      </object_component>
      <object_component id="oc-f6">
         <name>.debug_abbrev</name>
         <load_address>0x1d3</load_address>
         <run_address>0x1d3</run_address>
         <size>0x9f</size>
         <input_file_ref idref="fl-1"/>
      </object_component>
      <object_component id="oc-18e">
         <name>.debug_abbrev</name>
         <load_address>0x272</load_address>
         <run_address>0x272</run_address>
         <size>0xbd</size>
         <input_file_ref idref="fl-1"/>
      </object_component>
      <object_component id="oc-dc">
         <name>.debug_abbrev</name>
         <load_address>0x32f</load_address>
         <run_address>0x32f</run_address>
         <size>0x69</size>
         <input_file_ref idref="fl-1"/>
      </object_component>
      <object_component id="oc-193">
         <name>.debug_abbrev</name>
         <load_address>0x398</load_address>
         <run_address>0x398</run_address>
         <size>0x97</size>
         <input_file_ref idref="fl-1"/>
      </object_component>
      <object_component id="oc-19d">
         <name>.debug_abbrev</name>
         <load_address>0x42f</load_address>
         <run_address>0x42f</run_address>
         <size>0x70</size>
         <input_file_ref idref="fl-1"/>
      </object_component>
      <object_component id="oc-34">
         <name>.debug_abbrev</name>
         <load_address>0x49f</load_address>
         <run_address>0x49f</run_address>
         <size>0x1f</size>
         <input_file_ref idref="fl-1"/>
      </object_component>
      <object_component id="oc-cb">
         <name>.debug_abbrev</name>
         <load_address>0x4be</load_address>
         <run_address>0x4be</run_address>
         <size>0x24</size>
         <input_file_ref idref="fl-1"/>
      </object_component>
      <object_component id="oc-185">
         <name>.debug_abbrev</name>
         <load_address>0x4e2</load_address>
         <run_address>0x4e2</run_address>
         <size>0x5c</size>
         <input_file_ref idref="fl-1"/>
      </object_component>
      <object_component id="oc-d5">
         <name>.debug_abbrev</name>
         <load_address>0x53e</load_address>
         <run_address>0x53e</run_address>
         <size>0x24</size>
         <input_file_ref idref="fl-1"/>
      </object_component>
      <object_component id="oc-d0">
         <name>.debug_abbrev</name>
         <load_address>0x562</load_address>
         <run_address>0x562</run_address>
         <size>0x24</size>
         <input_file_ref idref="fl-1"/>
      </object_component>
      <object_component id="oc-198">
         <name>.debug_abbrev</name>
         <load_address>0x586</load_address>
         <run_address>0x586</run_address>
         <size>0x5c</size>
         <input_file_ref idref="fl-1"/>
      </object_component>
      <object_component id="oc-17b">
         <name>.debug_abbrev</name>
         <load_address>0x5e2</load_address>
         <run_address>0x5e2</run_address>
         <size>0x61</size>
         <input_file_ref idref="fl-1"/>
      </object_component>
      <object_component id="oc-d8">
         <name>.debug_abbrev</name>
         <load_address>0x643</load_address>
         <run_address>0x643</run_address>
         <size>0x7c</size>
         <input_file_ref idref="fl-2"/>
      </object_component>
      <object_component id="oc-78">
         <name>.debug_abbrev</name>
         <load_address>0x6bf</load_address>
         <run_address>0x6bf</run_address>
         <size>0x29</size>
         <input_file_ref idref="fl-2"/>
      </object_component>
      <object_component id="oc-b6">
         <name>.debug_abbrev</name>
         <load_address>0x6e8</load_address>
         <run_address>0x6e8</run_address>
         <size>0x89</size>
         <input_file_ref idref="fl-2"/>
      </object_component>
      <object_component id="oc-1c0">
         <name>.debug_abbrev</name>
         <load_address>0x771</load_address>
         <run_address>0x771</run_address>
         <size>0x29</size>
         <input_file_ref idref="fl-3"/>
      </object_component>
      <object_component id="oc-13a">
         <name>.debug_abbrev</name>
         <load_address>0x79a</load_address>
         <run_address>0x79a</run_address>
         <size>0x8b</size>
         <input_file_ref idref="fl-3"/>
      </object_component>
      <object_component id="oc-265">
         <name>.debug_abbrev</name>
         <load_address>0x825</load_address>
         <run_address>0x825</run_address>
         <size>0x7d</size>
         <input_file_ref idref="fl-4"/>
      </object_component>
      <object_component id="oc-180">
         <name>.debug_abbrev</name>
         <load_address>0x8a2</load_address>
         <run_address>0x8a2</run_address>
         <size>0x70</size>
         <input_file_ref idref="fl-4"/>
      </object_component>
      <object_component id="oc-269">
         <name>.debug_abbrev</name>
         <load_address>0x912</load_address>
         <run_address>0x912</run_address>
         <size>0x72</size>
         <input_file_ref idref="fl-4"/>
      </object_component>
      <object_component id="oc-176">
         <name>.debug_abbrev</name>
         <load_address>0x984</load_address>
         <run_address>0x984</run_address>
         <size>0x24</size>
         <input_file_ref idref="fl-4"/>
      </object_component>
      <object_component id="oc-27b">
         <name>.debug_abbrev</name>
         <load_address>0x9a8</load_address>
         <run_address>0x9a8</run_address>
         <size>0x111</size>
         <input_file_ref idref="fl-5"/>
      </object_component>
      <object_component id="oc-1c6">
         <name>.debug_abbrev</name>
         <load_address>0xab9</load_address>
         <run_address>0xab9</run_address>
         <size>0x5a</size>
         <input_file_ref idref="fl-5"/>
      </object_component>
      <object_component id="oc-1da">
         <name>.debug_abbrev</name>
         <load_address>0xb13</load_address>
         <run_address>0xb13</run_address>
         <size>0x70</size>
         <input_file_ref idref="fl-5"/>
      </object_component>
      <object_component id="oc-27f">
         <name>.debug_abbrev</name>
         <load_address>0xb83</load_address>
         <run_address>0xb83</run_address>
         <size>0x4b</size>
         <input_file_ref idref="fl-5"/>
      </object_component>
      <object_component id="oc-284">
         <name>.debug_abbrev</name>
         <load_address>0xbce</load_address>
         <run_address>0xbce</run_address>
         <size>0x24</size>
         <input_file_ref idref="fl-5"/>
      </object_component>
      <object_component id="oc-24b">
         <name>.debug_abbrev</name>
         <load_address>0xbf2</load_address>
         <run_address>0xbf2</run_address>
         <size>0x4b</size>
         <input_file_ref idref="fl-5"/>
      </object_component>
      <object_component id="oc-1cb">
         <name>.debug_abbrev</name>
         <load_address>0xc3d</load_address>
         <run_address>0xc3d</run_address>
         <size>0x33</size>
         <input_file_ref idref="fl-5"/>
      </object_component>
      <object_component id="oc-247">
         <name>.debug_abbrev</name>
         <load_address>0xc70</load_address>
         <run_address>0xc70</run_address>
         <size>0xd3</size>
         <input_file_ref idref="fl-6"/>
      </object_component>
      <object_component id="oc-245">
         <name>.debug_abbrev</name>
         <load_address>0xd43</load_address>
         <run_address>0xd43</run_address>
         <size>0x27</size>
         <input_file_ref idref="fl-6"/>
      </object_component>
      <object_component id="oc-23e">
         <name>.debug_abbrev</name>
         <load_address>0xd6a</load_address>
         <run_address>0xd6a</run_address>
         <size>0x27</size>
         <input_file_ref idref="fl-6"/>
      </object_component>
      <object_component id="oc-23c">
         <name>.debug_abbrev</name>
         <load_address>0xd91</load_address>
         <run_address>0xd91</run_address>
         <size>0x27</size>
         <input_file_ref idref="fl-6"/>
      </object_component>
      <object_component id="oc-1e6">
         <name>.debug_abbrev</name>
         <load_address>0xdb8</load_address>
         <run_address>0xdb8</run_address>
         <size>0x103</size>
         <input_file_ref idref="fl-6"/>
      </object_component>
      <object_component id="oc-242">
         <name>.debug_abbrev</name>
         <load_address>0xebb</load_address>
         <run_address>0xebb</run_address>
         <size>0x4b</size>
[...]
         <value>0x451</value>
         <object_component_ref idref="oc-bd"/>
      </symbol>
      <symbol id="sm-61c">
         <name>uxTaskGetTaskNumber</name>
         <value>0x17d1</value>
         <object_component_ref idref="oc-bd"/>
      </symbol>
      <symbol id="sm-61d">
         <name>vTaskEndScheduler</name>
         <value>0xb23</value>
         <object_component_ref idref="oc-bd"/>
      </symbol>
      <symbol id="sm-61e">
         <name>vTaskMissedYield</name>
         <value>0x17c5</value>
         <object_component_ref idref="oc-bd"/>
      </symbol>
      <symbol id="sm-61f">
         <name>uxTaskGetNumberOfTasks</name>
         <value>0xd85</value>
         <object_component_ref idref="oc-bd"/>
      </symbol>
      <symbol id="sm-620">
         <name>xTaskCatchUpTicks</name>
         <value>0xef1</value>
         <object_component_ref idref="oc-bd"/>
      </symbol>
      <symbol id="sm-621">
         <name>xTaskGenericNotifyFromISR</name>
         <value>0x234b</value>
         <object_component_ref idref="oc-bd"/>
      </symbol>
      <symbol id="sm-622">
         <name>vTaskGetInfo</name>
         <value>0x19e1</value>
         <object_component_ref idref="oc-bd"/>
      </symbol>
      <symbol id="sm-623">
         <name>uxTaskPriorityGet</name>
         <value>0x67d</value>
         <object_component_ref idref="oc-bd"/>
      </symbol>
      <symbol id="sm-624">
         <name>vTaskStepTick</name>
         <value>0xeb3</value>
         <object_component_ref idref="oc-bd"/>
      </symbol>
      <symbol id="sm-625">
         <name>xTaskResumeAll</name>
         <value>0xbad</value>
         <object_component_ref idref="oc-bd"/>
      </symbol>
      <symbol id="sm-626">
         <name>vTaskSetApplicationTaskTag</name>
         <value>0x1129</value>
         <object_component_ref idref="oc-bd"/>
      </symbol>
      <symbol id="sm-627">
         <name>xTaskGetTickCount</name>
         <value>0xd61</value>
         <object_component_ref idref="oc-bd"/>
      </symbol>
      <symbol id="sm-628">
         <name>ulTaskGenericNotifyTake</name>
         <value>0x1fc1</value>
         <object_component_ref idref="oc-bd"/>
      </symbol>
      <symbol id="sm-629">
         <name>uxTaskGetSystemState</name>
         <value>0xdd9</value>
         <object_component_ref idref="oc-bd"/>
      </symbol>
      <symbol id="sm-62a">
         <name>vTaskDelete</name>
         <value>0x37d</value>
         <object_component_ref idref="oc-bd"/>
      </symbol>
      <symbol id="sm-62b">
         <name>xTaskGetApplicationTaskTag</name>
         <value>0x1159</value>
         <object_component_ref idref="oc-bd"/>
      </symbol>
      <symbol id="sm-62c">
         <name>xTaskCallApplicationTaskHook</name>
         <value>0x11bb</value>
         <object_component_ref idref="oc-bd"/>
      </symbol>
      <symbol id="sm-62d">
         <name>ulTaskGenericNotifyValueClear</name>
         <value>0x27b9</value>
         <object_component_ref idref="oc-bd"/>
      </symbol>
      <symbol id="sm-62e">
         <name>xTaskGenericNotifyWait</name>
         <value>0x2079</value>
         <object_component_ref idref="oc-bd"/>
      </symbol>
      <symbol id="sm-62f">
         <name>pxCurrentTCB</name>
         <value>0x2000816c</value>
         <object_component_ref idref="oc-b7"/>
      </symbol>
      <symbol id="sm-630">
         <name>eTaskGetState</name>
         <value>0x5a1</value>
         <object_component_ref idref="oc-bd"/>
      </symbol>
      <symbol id="sm-631">
         <name>vTaskSuspend</name>
         <value>0x869</value>
         <object_component_ref idref="oc-bd"/>
      </symbol>
      <symbol id="sm-632">
         <name>xTaskGetTickCountFromISR</name>
         <value>0xd71</value>
         <object_component_ref idref="oc-bd"/>
      </symbol>
      <symbol id="sm-633">
         <name>vTaskResume</name>
         <value>0x9c5</value>
         <object_component_ref idref="oc-bd"/>
      </symbol>
      <symbol id="sm-634">
         <name>uxTopUsedPriority</name>
         <value>0x52b4</value>
         <object_component_ref idref="oc-166"/>
      </symbol>
      <symbol id="sm-635">
         <name>vTaskPlaceOnEventListRestricted</name>
         <value>0x139d</value>
         <object_component_ref idref="oc-bd"/>
      </symbol>
      <symbol id="sm-636">
         <name>vTaskSetTimeOutState</name>
         <value>0x16c1</value>
         <object_component_ref idref="oc-bd"/>
      </symbol>
      <symbol id="sm-637">
         <name>xTaskIncrementTick</name>
         <value>0xf3d</value>
         <object_component_ref idref="oc-bd"/>
      </symbol>
      <symbol id="sm-638">
         <name>vTaskSwitchContext</name>
         <value>0x11f9</value>
         <object_component_ref idref="oc-bd"/>
      </symbol>
      <symbol id="sm-639">
         <name>uxTaskResetEventItemValue</name>
         <value>0x1f83</value>
         <object_component_ref idref="oc-bd"/>
      </symbol>
      <symbol id="sm-63a">
         <name>xTaskGetSchedulerState</name>
         <value>0x1bc9</value>
         <object_component_ref idref="oc-bd"/>
      </symbol>
      <symbol id="sm-63b">
         <name>xTaskGetCurrentTaskHandle</name>
         <value>0x1bb9</value>
         <object_component_ref idref="oc-bd"/>
      </symbol>
      <symbol id="sm-63c">
         <name>vTaskPlaceOnUnorderedEventList</name>
         <value>0x12fd</value>
         <object_component_ref idref="oc-bd"/>
      </symbol>
      <symbol id="sm-63d">
         <name>xTaskRemoveFromEventList</name>
         <value>0x1411</value>
         <object_component_ref idref="oc-bd"/>
      </symbol>
      <symbol id="sm-63e">
         <name>eTaskConfirmSleepModeStatus</name>
         <value>0x186b</value>
         <object_component_ref idref="oc-bd"/>
      </symbol>
      <symbol id="sm-63f">
         <name>xTaskPriorityInherit</name>
         <value>0x1c11</value>
         <object_component_ref idref="oc-bd"/>
      </symbol>
      <symbol id="sm-703">
         <name>vTimerSetTimerNumber</name>
         <value>0x4113</value>
         <object_component_ref idref="oc-15d"/>
      </symbol>
      <symbol id="sm-704">
         <name>xTimerGetTimerDaemonTaskHandle</name>
         <value>0x3b77</value>
         <object_component_ref idref="oc-15d"/>
      </symbol>
      <symbol id="sm-705">
         <name>pcTimerGetName</name>
         <value>0x3c6f</value>
         <object_component_ref idref="oc-15d"/>
      </symbol>
      <symbol id="sm-706">
         <name>xTimerCreateTimerTask</name>
         <value>0x3a19</value>
         <object_component_ref idref="oc-15d"/>
      </symbol>
      <symbol id="sm-707">
         <name>xTimerGetExpiryTime</name>
         <value>0x3c45</value>
         <object_component_ref idref="oc-15d"/>
      </symbol>
      <symbol id="sm-708">
         <name>uxTimerGetTimerNumber</name>
         <value>0x4105</value>
         <object_component_ref idref="oc-15d"/>
      </symbol>
      <symbol id="sm-709">
         <name>xTimerIsTimerActive</name>
         <value>0x4069</value>
         <object_component_ref idref="oc-15d"/>
      </symbol>
      <symbol id="sm-70a">
         <name>xTimerGetPeriod</name>
         <value>0x3b99</value>
         <object_component_ref idref="oc-15d"/>
      </symbol>
      <symbol id="sm-70b">
         <name>xTimerCreate</name>
         <value>0x3a59</value>
         <object_component_ref idref="oc-15d"/>
      </symbol>
      <symbol id="sm-70c">
         <name>vTimerSetReloadMode</name>
         <value>0x3bbf</value>
         <object_component_ref idref="oc-15d"/>
      </symbol>
      <symbol id="sm-70d">
         <name>xTimerGenericCommand</name>
         <value>0x3af7</value>
         <object_component_ref idref="oc-15d"/>
      </symbol>
      <symbol id="sm-70e">
         <name>uxTimerGetReloadMode</name>
         <value>0x3c09</value>
         <object_component_ref idref="oc-15d"/>
      </symbol>
      <symbol id="sm-70f">
         <name>pvTimerGetTimerID</name>
         <value>0x40a9</value>
         <object_component_ref idref="oc-15d"/>
      </symbol>
      <symbol id="sm-710">
         <name>vTimerSetTimerID</name>
         <value>0x40d7</value>
         <object_component_ref idref="oc-15d"/>
      </symbol>
      <symbol id="sm-778">
         <name>ulMaxSyscallInterruptPriority</name>
         <value>0x52ac</value>
         <object_component_ref idref="oc-ba"/>
      </symbol>
      <symbol id="sm-779">
         <name>vPortSetupTimerInterrupt</name>
         <value>0x48e9</value>
         <object_component_ref idref="oc-72"/>
      </symbol>
      <symbol id="sm-77a">
         <name>vPortEndScheduler</name>
         <value>0x46d1</value>
         <object_component_ref idref="oc-72"/>
      </symbol>
      <symbol id="sm-77b">
         <name>vPortSuppressTicksAndSleep</name>
         <value>0x4791</value>
         <object_component_ref idref="oc-72"/>
      </symbol>
      <symbol id="sm-77c">
         <name>xPortSysTickHandler</name>
         <value>0x4763</value>
         <object_component_ref idref="oc-72"/>
      </symbol>
      <symbol id="sm-77d">
         <name>vPortValidateInterruptPriority</name>
         <value>0x4931</value>
         <object_component_ref idref="oc-72"/>
      </symbol>
      <symbol id="sm-77e">
         <name>pxPortInitialiseStack</name>
         <value>0x458d</value>
         <object_component_ref idref="oc-72"/>
      </symbol>
      <symbol id="sm-77f">
         <name>vPortExitCritical</name>
         <value>0x4737</value>
         <object_component_ref idref="oc-72"/>
      </symbol>
      <symbol id="sm-780">
         <name>xPortStartScheduler</name>
         <value>0x4619</value>
         <object_component_ref idref="oc-72"/>
      </symbol>
      <symbol id="sm-781">
         <name>vPortEnterCritical</name>
         <value>0x46f5</value>
         <object_component_ref idref="oc-72"/>
      </symbol>
      <symbol id="sm-790">
         <name>vPortStartFirstTask</name>
         <value>0x5055</value>
         <object_component_ref idref="oc-6d"/>
      </symbol>
      <symbol id="sm-791">
         <name>ulPortGetIPSR</name>
         <value>0x4fbd</value>
         <object_component_ref idref="oc-6d"/>
      </symbol>
      <symbol id="sm-792">
         <name>vPortEnableVFP</name>
         <value>0x5079</value>
         <object_component_ref idref="oc-6d"/>
      </symbol>
      <symbol id="sm-793">
         <name>xPortPendSVHandler</name>
         <value>0x4fd5</value>
         <object_component_ref idref="oc-6d"/>
      </symbol>
      <symbol id="sm-794">
         <name>vPortSVCHandler</name>
         <value>0x5035</value>
         <object_component_ref idref="oc-6d"/>
      </symbol>
      <symbol id="sm-7af">
         <name>memcpy</name>
         <value>0x5087</value>
         <object_component_ref idref="oc-37"/>
      </symbol>
      <symbol id="sm-7b0">
         <name>__aeabi_memcpy</name>
         <value>0x5087</value>
         <object_component_ref idref="oc-37"/>
      </symbol>
      <symbol id="sm-7b1">
         <name>__aeabi_memcpy8</name>
         <value>0x5087</value>
         <object_component_ref idref="oc-37"/>
      </symbol>
      <symbol id="sm-7b2">
         <name>__aeabi_memcpy4</name>
         <value>0x5087</value>
         <object_component_ref idref="oc-37"/>
      </symbol>
      <symbol id="sm-7c1">
         <name>__aeabi_memset</name>
         <value>0x5125</value>
         <object_component_ref idref="oc-92"/>
      </symbol>
      <symbol id="sm-7c2">
         <name>memset</name>
         <value>0x512b</value>
         <object_component_ref idref="oc-92"/>
      </symbol>
      <symbol id="sm-7c3">
         <name>__aeabi_memset8</name>
         <value>0x5125</value>
         <object_component_ref idref="oc-92"/>
      </symbol>
      <symbol id="sm-7c4">
         <name>__aeabi_memset4</name>
         <value>0x5125</value>
         <object_component_ref idref="oc-92"/>
      </symbol>
      <symbol id="sm-7c5">
         <name>__aeabi_memclr8</name>
         <value>0x5123</value>
         <object_component_ref idref="oc-92"/>
      </symbol>
      <symbol id="sm-7c6">
         <name>__aeabi_memclr4</name>
         <value>0x5123</value>
         <object_component_ref idref="oc-92"/>
      </symbol>
      <symbol id="sm-7c7">
         <name>__aeabi_memclr</name>
         <value>0x5123</value>
         <object_component_ref idref="oc-92"/>
      </symbol>
      <symbol id="sm-7d9">
         <name>__TI_zero_init</name>
         <value>0x5299</value>
         <object_component_ref idref="oc-49"/>
      </symbol>
      <symbol id="sm-7f0">
         <name>__TI_decompress_none</name>
         <value>0x527d</value>
         <object_component_ref idref="oc-1d"/>
      </symbol>
      <symbol id="sm-813">
         <name>__TI_decompress_lzss</name>
         <value>0x519d</value>
         <object_component_ref idref="oc-17"/>
      </symbol>
      <symbol id="sm-826">
         <name>__stack</name>
         <value>0x2000fe00</value>
         <object_component_ref idref="oc-29"/>
      </symbol>
      <symbol id="sm-827">
         <name>_c_int00_noargs</name>
         <value>0x5249</value>
         <object_component_ref idref="oc-55"/>
      </symbol>
      <symbol id="sm-84f">
         <name>__TI_auto_init_nobinit_nopinit</name>
         <value>0x5205</value>
         <object_component_ref idref="oc-105"/>
      </symbol>
      <symbol id="sm-859">
         <name>_system_pre_init</name>
         <value>0x52a5</value>
         <object_component_ref idref="oc-98"/>
      </symbol>
      <symbol id="sm-865">
         <name>C$$EXIT</name>
         <value>0x52a9</value>
         <object_component_ref idref="oc-f9"/>
      </symbol>
      <symbol id="sm-866">
         <name>abort</name>
         <value>0x52a9</value>
         <object_component_ref idref="oc-f9"/>
      </symbol>
      <symbol id="sm-869">
         <name>__TI_static_base__</name>
         <value>0x0</value>
      </symbol>
      <symbol id="sm-86c">
         <name>__mpu_init</name>
         <value>0x0</value>
      </symbol>
      <symbol id="sm-86d">
         <name>_system_post_cinit</name>
         <value>0x0</value>
      </symbol>
      <symbol id="sm-86e">
         <name>NMI_Handler</name>
         <value>0x5297</value>
      </symbol>
      <symbol id="sm-86f">
         <name>HardFault_Handler</name>
         <value>0x5297</value>
      </symbol>
      <symbol id="sm-870">
         <name>MemManage_Handler</name>
         <value>0x5297</value>
      </symbol>
      <symbol id="sm-871">
         <name>BusFault_Handler</name>
         <value>0x5297</value>
      </symbol>
      <symbol id="sm-872">
         <name>UsageFault_Handler</name>
         <value>0x5297</value>
      </symbol>
      <symbol id="sm-873">
         <name>SVC_Handler</name>
         <value>0x5297</value>
      </symbol>
      <symbol id="sm-874">
         <name>DebugMon_Handler</name>
         <value>0x5297</value>
      </symbol>
      <symbol id="sm-875">
         <name>PendSV_Handler</name>
         <value>0x5297</value>
      </symbol>
      <symbol id="sm-876">
         <name>SysTick_Handler</name>
         <value>0x5297</value>
      </symbol>
      <symbol id="sm-877">
         <name>PSS_IRQHandler</name>
         <value>0x5297</value>
      </symbol>
      <symbol id="sm-878">
         <name>CS_IRQHandler</name>
         <value>0x5297</value>
      </symbol>
      <symbol id="sm-879">
         <name>PCM_IRQHandler</name>
         <value>0x5297</value>
      </symbol>
      <symbol id="sm-87a">
         <name>WDT_A_IRQHandler</name>
         <value>0x5297</value>
      </symbol>
      <symbol id="sm-87b">
         <name>FPU_IRQHandler</name>
         <value>0x5297</value>
      </symbol>
      <symbol id="sm-87c">
         <name>FLCTL_IRQHandler</name>
         <value>0x5297</value>
      </symbol>
      <symbol id="sm-87d">
         <name>COMP_E0_IRQHandler</name>
         <value>0x5297</value>
      </symbol>
      <symbol id="sm-87e">
         <name>COMP_E1_IRQHandler</name>
         <value>0x5297</value>
      </symbol>
      <symbol id="sm-87f">
         <name>TA0_0_IRQHandler</name>
         <value>0x5297</value>
      </symbol>
      <symbol id="sm-880">
         <name>TA0_N_IRQHandler</name>
         <value>0x5297</value>
      </symbol>
      <symbol id="sm-881">
         <name>TA1_0_IRQHandler</name>
         <value>0x5297</value>
      </symbol>
      <symbol id="sm-882">
         <name>TA1_N_IRQHandler</name>
         <value>0x5297</value>
      </symbol>
      <symbol id="sm-883">
         <name>TA2_0_IRQHandler</name>
         <value>0x5297</value>
      </symbol>
      <symbol id="sm-884">
         <name>TA2_N_IRQHandler</name>
         <value>0x5297</value>
      </symbol>
      <symbol id="sm-885">
         <name>TA3_0_IRQHandler</name>
         <value>0x5297</value>
      </symbol>
      <symbol id="sm-886">
         <name>TA3_N_IRQHandler</name>
         <value>0x5297</value>
      </symbol>
      <symbol id="sm-887">
         <name>EUSCIA0_IRQHandler</name>
         <value>0x5297</value>
      </symbol>
      <symbol id="sm-888">
         <name>EUSCIA1_IRQHandler</name>
         <value>0x5297</value>
      </symbol>
      <symbol id="sm-889">
         <name>EUSCIA2_IRQHandler</name>
         <value>0x5297</value>
      </symbol>
      <symbol id="sm-88a">
         <name>EUSCIA3_IRQHandler</name>
         <value>0x5297</value>
      </symbol>
      <symbol id="sm-88b">
         <name>EUSCIB0_IRQHandler</name>
         <value>0x5297</value>
      </symbol>
      <symbol id="sm-88c">
         <name>EUSCIB1_IRQHandler</name>
         <value>0x5297</value>
      </symbol>
      <symbol id="sm-88d">
         <name>EUSCIB2_IRQHandler</name>
         <value>0x5297</value>
      </symbol>
      <symbol id="sm-88e">
         <name>EUSCIB3_IRQHandler</name>
         <value>0x5297</value>
      </symbol>
      <symbol id="sm-88f">
         <name>ADC14_IRQHandler</name>
         <value>0x5297</value>
      </symbol>
      <symbol id="sm-890">
         <name>T32_INT1_IRQHandler</name>
         <value>0x5297</value>
      </symbol>
      <symbol id="sm-891">
         <name>T32_INT2_IRQHandler</name>
         <value>0x5297</value>
      </symbol>
      <symbol id="sm-892">
         <name>T32_INTC_IRQHandler</name>
         <value>0x5297</value>
      </symbol>
      <symbol id="sm-893">
         <name>AES256_IRQHandler</name>
         <value>0x5297</value>
      </symbol>
      <symbol id="sm-894">
         <name>RTC_C_IRQHandler</name>
         <value>0x5297</value>
      </symbol>
      <symbol id="sm-895">
         <name>DMA_ERR_IRQHandler</name>
         <value>0x5297</value>
      </symbol>
      <symbol id="sm-896">
         <name>DMA_INT3_IRQHandler</name>
         <value>0x5297</value>
      </symbol>
      <symbol id="sm-897">
         <name>DMA_INT2_IRQHandler</name>
         <value>0x5297</value>
      </symbol>
      <symbol id="sm-898">
         <name>DMA_INT1_IRQHandler</name>
         <value>0x5297</value>
      </symbol>
      <symbol id="sm-899">
         <name>DMA_INT0_IRQHandler</name>
         <value>0x5297</value>
      </symbol>
      <symbol id="sm-89a">
         <name>PORT1_IRQHandler</name>
         <value>0x5297</value>
      </symbol>
      <symbol id="sm-89b">
         <name>PORT2_IRQHandler</name>
         <value>0x5297</value>
      </symbol>
      <symbol id="sm-89c">
         <name>PORT3_IRQHandler</name>
         <value>0x5297</value>
      </symbol>
      <symbol id="sm-89d">
         <name>PORT4_IRQHandler</name>
         <value>0x5297</value>
      </symbol>
      <symbol id="sm-89e">
         <name>PORT5_IRQHandler</name>
         <value>0x5297</value>
      </symbol>
      <symbol id="sm-89f">
         <name>PORT6_IRQHandler</name>
         <value>0x5297</value>
      </symbol>
   </symbol_table>
   <title>Link successful</title>
</link_info>
