<?xml version="1.0" encoding="ISO-8859-1" ?>
<link_info>
   <banner>TI ARM Linker Unix v20.2.6.LTS</banner>
   <copyright>Copyright (c) 1996-2018 Texas Instruments Incorporated</copyright>
   <link_time>0x626cb3aa</link_time>
   <link_errors>0x0</link_errors>
   <output_file>Project.out</output_file>
   <entry_point>
      <name>_c_int00_noargs</name>
      <address>0x6fa9</address>
   </entry_point>
   <input_file_list>
      <input_file id="fl-2">
         <path>./</path>
         <kind>object</kind>
         <file>ADC.obj</file>
         <name>ADC.obj</name>
      </input_file>
      <input_file id="fl-3">
         <path>./</path>
         <kind>object</kind>
         <file>image.obj</file>
         <name>image.obj</name>
      </input_file>
      <input_file id="fl-4">
         <path>./</path>
         <kind>object</kind>
         <file>main.obj</file>
         <name>main.obj</name>
      </input_file>
      <input_file id="fl-5">
         <path>./</path>
         <kind>object</kind>
         <file>startup_msp432p401r_ccs.obj</file>
         <name>startup_msp432p401r_ccs.obj</name>
      </input_file>
      <input_file id="fl-6">
         <path>./</path>
         <kind>object</kind>
         <file>system_msp432p401r.obj</file>
         <name>system_msp432p401r.obj</name>
      </input_file>
      <input_file id="fl-7">
         <path>./</path>
         <kind>object</kind>
         <file>task_accel.obj</file>
         <name>task_accel.obj</name>
      </input_file>
      <input_file id="fl-8">
         <path>./</path>
         <kind>object</kind>
         <file>task_button.obj</file>
         <name>task_button.obj</name>
      </input_file>
      <input_file id="fl-9">
         <path>./</path>
         <kind>object</kind>
         <file>task_game.obj</file>
         <name>task_game.obj</name>
      </input_file>
      <input_file id="fl-a">
         <path>./</path>
         <kind>object</kind>
         <file>task_joystick.obj</file>
         <name>task_joystick.obj</name>
      </input_file>
      <input_file id="fl-b">
         <path>./</path>
         <kind>object</kind>
         <file>task_lcd.obj</file>
         <name>task_lcd.obj</name>
      </input_file>
      <input_file id="fl-c">
         <path>./FreeRTOS/</path>
         <kind>object</kind>
         <file>croutine.obj</file>
         <name>croutine.obj</name>
      </input_file>
      <input_file id="fl-d">
         <path>./FreeRTOS/</path>
         <kind>object</kind>
         <file>event_groups.obj</file>
         <name>event_groups.obj</name>
      </input_file>
      <input_file id="fl-e">
         <path>./FreeRTOS/</path>
         <kind>object</kind>
         <file>heap_4.obj</file>
         <name>heap_4.obj</name>
      </input_file>
      <input_file id="fl-f">
         <path>./FreeRTOS/</path>
         <kind>object</kind>
         <file>list.obj</file>
         <name>list.obj</name>
      </input_file>
      <input_file id="fl-10">
         <path>./FreeRTOS/</path>
         <kind>object</kind>
         <file>queue.obj</file>
         <name>queue.obj</name>
      </input_file>
      <input_file id="fl-11">
         <path>./FreeRTOS/</path>
         <kind>object</kind>
         <file>stream_buffer.obj</file>
         <name>stream_buffer.obj</name>
      </input_file>
      <input_file id="fl-12">
         <path>./FreeRTOS/</path>
         <kind>object</kind>
         <file>tasks.obj</file>
         <name>tasks.obj</name>
      </input_file>
      <input_file id="fl-13">
         <path>./FreeRTOS/</path>
         <kind>object</kind>
         <file>timers.obj</file>
         <name>timers.obj</name>
      </input_file>
      <input_file id="fl-14">
         <path>./FreeRTOS/portable/</path>
         <kind>object</kind>
         <file>port.obj</file>
         <name>port.obj</name>
      </input_file>
      <input_file id="fl-15">
         <path>./FreeRTOS/portable/</path>
         <kind>object</kind>
         <file>portasm.obj</file>
         <name>portasm.obj</name>
      </input_file>
      <input_file id="fl-19">
         <kind>object</kind>
         <file>&lt;internal&gt;</file>
         <name>&lt;internal&gt;</name>
      </input_file>
      <input_file id="fl-cf">
         <path>/Applications/ti/ccs1110/ccs/tools/compiler/ti-cgt-arm_20.2.6.LTS/lib/</path>
         <kind>archive</kind>
         <file>rtsv7M4_T_le_v4SPD16_eabi.lib</file>
         <name>e_pow.c.obj</name>
      </input_file>
      <input_file id="fl-d0">
         <path>/Applications/ti/ccs1110/ccs/tools/compiler/ti-cgt-arm_20.2.6.LTS/lib/</path>
         <kind>archive</kind>
         <file>rtsv7M4_T_le_v4SPD16_eabi.lib</file>
         <name>e_sqrt.c.obj</name>
      </input_file>
      <input_file id="fl-d1">
         <path>/Applications/ti/ccs1110/ccs/tools/compiler/ti-cgt-arm_20.2.6.LTS/lib/</path>
         <kind>archive</kind>
         <file>rtsv7M4_T_le_v4SPD16_eabi.lib</file>
         <name>s_scalbn.c.obj</name>
      </input_file>
      <input_file id="fl-d2">
         <path>/Applications/ti/ccs1110/ccs/tools/compiler/ti-cgt-arm_20.2.6.LTS/lib/</path>
         <kind>archive</kind>
         <file>rtsv7M4_T_le_v4SPD16_eabi.lib</file>
         <name>s_copysign.c.obj</name>
      </input_file>
      <input_file id="fl-d3">
         <path>/Applications/ti/ccs1110/ccs/tools/compiler/ti-cgt-arm_20.2.6.LTS/lib/</path>
         <kind>archive</kind>
         <file>rtsv7M4_T_le_v4SPD16_eabi.lib</file>
         <name>fd_add_t2.asm.obj</name>
      </input_file>
      <input_file id="fl-d4">
         <path>/Applications/ti/ccs1110/ccs/tools/compiler/ti-cgt-arm_20.2.6.LTS/lib/</path>
         <kind>archive</kind>
         <file>rtsv7M4_T_le_v4SPD16_eabi.lib</file>
         <name>fd_cmp_t2.asm.obj</name>
      </input_file>
      <input_file id="fl-d5">
         <path>/Applications/ti/ccs1110/ccs/tools/compiler/ti-cgt-arm_20.2.6.LTS/lib/</path>
         <kind>archive</kind>
         <file>rtsv7M4_T_le_v4SPD16_eabi.lib</file>
         <name>fd_div_t2.asm.obj</name>
      </input_file>
      <input_file id="fl-d6">
         <path>/Applications/ti/ccs1110/ccs/tools/compiler/ti-cgt-arm_20.2.6.LTS/lib/</path>
         <kind>archive</kind>
         <file>rtsv7M4_T_le_v4SPD16_eabi.lib</file>
         <name>fd_mul_t2.asm.obj</name>
      </input_file>
      <input_file id="fl-d7">
         <path>/Applications/ti/ccs1110/ccs/tools/compiler/ti-cgt-arm_20.2.6.LTS/lib/</path>
         <kind>archive</kind>
         <file>rtsv7M4_T_le_v4SPD16_eabi.lib</file>
         <name>fd_toi_t2.asm.obj</name>
      </input_file>
      <input_file id="fl-d8">
         <path>/Applications/ti/ccs1110/ccs/tools/compiler/ti-cgt-arm_20.2.6.LTS/lib/</path>
         <kind>archive</kind>
         <file>rtsv7M4_T_le_v4SPD16_eabi.lib</file>
         <name>i_tofd_t2.asm.obj</name>
      </input_file>
      <input_file id="fl-d9">
         <path>/Applications/ti/ccs1110/ccs/tools/compiler/ti-cgt-arm_20.2.6.LTS/lib/</path>
         <kind>archive</kind>
         <file>rtsv7M4_T_le_v4SPD16_eabi.lib</file>
         <name>memcpy_t2.asm.obj</name>
      </input_file>
      <input_file id="fl-da">
         <path>/Applications/ti/ccs1110/ccs/tools/compiler/ti-cgt-arm_20.2.6.LTS/lib/</path>
         <kind>archive</kind>
         <file>rtsv7M4_T_le_v4SPD16_eabi.lib</file>
         <name>memset_t2.asm.obj</name>
      </input_file>
      <input_file id="fl-db">
         <path>/Applications/ti/ccs1110/ccs/tools/compiler/ti-cgt-arm_20.2.6.LTS/lib/</path>
         <kind>archive</kind>
         <file>rtsv7M4_T_le_v4SPD16_eabi.lib</file>
         <name>copy_zero_init.c.obj</name>
      </input_file>
      <input_file id="fl-dc">
         <path>/Applications/ti/ccs1110/ccs/tools/compiler/ti-cgt-arm_20.2.6.LTS/lib/</path>
         <kind>archive</kind>
         <file>rtsv7M4_T_le_v4SPD16_eabi.lib</file>
         <name>copy_decompress_none.c.obj</name>
      </input_file>
      <input_file id="fl-dd">
         <path>/Applications/ti/ccs1110/ccs/tools/compiler/ti-cgt-arm_20.2.6.LTS/lib/</path>
         <kind>archive</kind>
         <file>rtsv7M4_T_le_v4SPD16_eabi.lib</file>
         <name>copy_decompress_lzss.c.obj</name>
      </input_file>
      <input_file id="fl-de">
         <path>/Applications/ti/ccs1110/ccs/tools/compiler/ti-cgt-arm_20.2.6.LTS/lib/</path>
         <kind>archive</kind>
         <file>rtsv7M4_T_le_v4SPD16_eabi.lib</file>
         <name>errno.c.obj</name>
      </input_file>
      <input_file id="fl-df">
         <path>/Applications/ti/ccs1110/ccs/tools/compiler/ti-cgt-arm_20.2.6.LTS/lib/</path>
         <kind>archive</kind>
         <file>rtsv7M4_T_le_v4SPD16_eabi.lib</file>
         <name>boot_cortex_m.c.obj</name>
      </input_file>
      <input_file id="fl-e0">
         <path>/Applications/ti/ccs1110/ccs/tools/compiler/ti-cgt-arm_20.2.6.LTS/lib/</path>
         <kind>archive</kind>
         <file>rtsv7M4_T_le_v4SPD16_eabi.lib</file>
         <name>autoinit.c.obj</name>
      </input_file>
      <input_file id="fl-e1">
         <path>/Applications/ti/ccs1110/ccs/tools/compiler/ti-cgt-arm_20.2.6.LTS/lib/</path>
         <kind>archive</kind>
         <file>rtsv7M4_T_le_v4SPD16_eabi.lib</file>
         <name>pre_init.c.obj</name>
      </input_file>
      <input_file id="fl-e2">
         <path>/Applications/ti/ccs1110/ccs/tools/compiler/ti-cgt-arm_20.2.6.LTS/lib/</path>
         <kind>archive</kind>
         <file>rtsv7M4_T_le_v4SPD16_eabi.lib</file>
         <name>cpy_tbl.c.obj</name>
      </input_file>
      <input_file id="fl-e3">
         <path>/Applications/ti/ccs1110/ccs/tools/compiler/ti-cgt-arm_20.2.6.LTS/lib/</path>
         <kind>archive</kind>
         <file>rtsv7M4_T_le_v4SPD16_eabi.lib</file>
         <name>exit.c.obj</name>
      </input_file>
      <input_file id="fl-e4">
         <path>/Applications/ti/ccs1110/ccs/tools/compiler/ti-cgt-arm_20.2.6.LTS/lib/</path>
         <kind>archive</kind>
         <file>rtsv7M4_T_le_v4SPD16_eabi.lib</file>
         <name>_lock.c.obj</name>
      </input_file>
      <input_file id="fl-e5">
         <path>/Applications/ti/ccs1110/ccs/tools/compiler/ti-cgt-arm_20.2.6.LTS/lib/</path>
         <kind>archive</kind>
         <file>rtsv7M4_T_le_v4SPD16_eabi.lib</file>
         <name>args_main.c.obj</name>
      </input_file>
   </input_file_list>
   <object_component_list>
      <object_component id="oc-26">
         <name>.intvecs:retain</name>
         <load_address>0x0</load_address>
         <run_address>0x0</run_address>
         <size>0xe4</size>
         <input_file_ref idref="fl-5"/>
      </object_component>
      <object_component id="oc-c3">
         <name>.text</name>
         <load_address>0xe4</load_address>
         <run_address>0xe4</run_address>
         <size>0x2810</size>
         <input_file_ref idref="fl-12"/>
      </object_component>
      <object_component id="oc-1cd">
         <name>.text</name>
         <load_address>0x28f4</load_address>
         <run_address>0x28f4</run_address>
         <size>0x1124</size>
         <input_file_ref idref="fl-10"/>
      </object_component>
      <object_component id="oc-1e4">
         <name>.text:pow</name>
         <load_address>0x3a18</load_address>
         <run_address>0x3a18</run_address>
         <size>0x9d0</size>
         <input_file_ref idref="fl-cf"/>
      </object_component>
      <object_component id="oc-18b">
         <name>.text</name>
         <load_address>0x43e8</load_address>
         <run_address>0x43e8</run_address>
         <size>0x720</size>
         <input_file_ref idref="fl-13"/>
      </object_component>
      <object_component id="oc-10e">
         <name>.text</name>
         <load_address>0x4b08</load_address>
         <run_address>0x4b08</run_address>
         <size>0x598</size>
         <input_file_ref idref="fl-b"/>
      </object_component>
      <object_component id="oc-173">
         <name>.text</name>
         <load_address>0x50a0</load_address>
         <run_address>0x50a0</run_address>
         <size>0x454</size>
         <input_file_ref idref="fl-e"/>
      </object_component>
      <object_component id="oc-72">
         <name>.text</name>
         <load_address>0x54f4</load_address>
         <run_address>0x54f4</run_address>
         <size>0x438</size>
         <input_file_ref idref="fl-14"/>
      </object_component>
      <object_component id="oc-b6">
         <name>.text</name>
         <load_address>0x592c</load_address>
         <run_address>0x592c</run_address>
         <size>0x378</size>
         <input_file_ref idref="fl-6"/>
      </object_component>
      <object_component id="oc-114">
         <name>.text</name>
         <load_address>0x5ca4</load_address>
         <run_address>0x5ca4</run_address>
         <size>0x2d4</size>
         <input_file_ref idref="fl-9"/>
      </object_component>
      <object_component id="oc-fc">
         <name>.text</name>
         <load_address>0x5f78</load_address>
         <run_address>0x5f78</run_address>
         <size>0x1e0</size>
         <input_file_ref idref="fl-a"/>
      </object_component>
      <object_component id="oc-108">
         <name>.text</name>
         <load_address>0x6158</load_address>
         <run_address>0x6158</run_address>
         <size>0x1d8</size>
         <input_file_ref idref="fl-7"/>
      </object_component>
      <object_component id="oc-1ef">
         <name>.text</name>
         <load_address>0x6330</load_address>
         <run_address>0x6330</run_address>
         <size>0x1b6</size>
         <input_file_ref idref="fl-d3"/>
      </object_component>
      <object_component id="oc-2b6">
         <name>.text:sqrt</name>
         <load_address>0x64e8</load_address>
         <run_address>0x64e8</run_address>
         <size>0x158</size>
         <input_file_ref idref="fl-d0"/>
      </object_component>
      <object_component id="oc-2b1">
         <name>.text</name>
         <load_address>0x6640</load_address>
         <run_address>0x6640</run_address>
         <size>0x136</size>
         <input_file_ref idref="fl-d5"/>
      </object_component>
      <object_component id="oc-179">
         <name>.text</name>
         <load_address>0x6776</load_address>
         <run_address>0x6776</run_address>
         <size>0x12a</size>
         <input_file_ref idref="fl-f"/>
      </object_component>
      <object_component id="oc-2cf">
         <name>.text:scalbn</name>
         <load_address>0x68a0</load_address>
         <run_address>0x68a0</run_address>
         <size>0x110</size>
         <input_file_ref idref="fl-d1"/>
      </object_component>
      <object_component id="oc-1ea">
         <name>.text</name>
         <load_address>0x69b0</load_address>
         <run_address>0x69b0</run_address>
         <size>0xfc</size>
         <input_file_ref idref="fl-d6"/>
      </object_component>
      <object_component id="oc-6d">
         <name>.text</name>
         <load_address>0x6aac</load_address>
         <run_address>0x6aac</run_address>
         <size>0xda</size>
         <input_file_ref idref="fl-15"/>
      </object_component>
      <object_component id="oc-102">
         <name>.text</name>
         <load_address>0x6b88</load_address>
         <run_address>0x6b88</run_address>
         <size>0xb0</size>
         <input_file_ref idref="fl-8"/>
      </object_component>
      <object_component id="oc-37">
         <name>.text</name>
         <load_address>0x6c38</load_address>
         <run_address>0x6c38</run_address>
         <size>0x9c</size>
         <input_file_ref idref="fl-d9"/>
      </object_component>
      <object_component id="oc-2c5">
         <name>.text:__aeabi_cdcmple</name>
         <load_address>0x6cd4</load_address>
         <run_address>0x6cd4</run_address>
         <size>0x86</size>
         <input_file_ref idref="fl-d4"/>
      </object_component>
      <object_component id="oc-2ca">
         <name>.text:__aeabi_cdrcmple</name>
         <load_address>0x6d5a</load_address>
         <run_address>0x6d5a</run_address>
         <size>0x86</size>
         <input_file_ref idref="fl-d4"/>
      </object_component>
      <object_component id="oc-98">
         <name>.text</name>
         <load_address>0x6de0</load_address>
         <run_address>0x6de0</run_address>
         <size>0x7a</size>
         <input_file_ref idref="fl-da"/>
      </object_component>
      <object_component id="oc-17">
         <name>.text:decompress:lzss:__TI_decompress_lzss</name>
         <load_address>0x6e5a</load_address>
         <run_address>0x6e5a</run_address>
         <size>0x68</size>
         <input_file_ref idref="fl-dd"/>
      </object_component>
      <object_component id="oc-78">
         <name>.text</name>
         <load_address>0x6ec4</load_address>
         <run_address>0x6ec4</run_address>
         <size>0x58</size>
         <input_file_ref idref="fl-2"/>
      </object_component>
      <object_component id="oc-1f4">
         <name>.text</name>
         <load_address>0x6f1c</load_address>
         <run_address>0x6f1c</run_address>
         <size>0x48</size>
         <input_file_ref idref="fl-d7"/>
      </object_component>
      <object_component id="oc-133">
         <name>.text:__TI_auto_init_nobinit_nopinit:__TI_auto_init_nobinit_nopinit</name>
         <load_address>0x6f64</load_address>
         <run_address>0x6f64</run_address>
         <size>0x44</size>
         <input_file_ref idref="fl-e0"/>
      </object_component>
      <object_component id="oc-55">
         <name>.text:_c_int00_noargs:_c_int00_noargs</name>
         <load_address>0x6fa8</load_address>
         <run_address>0x6fa8</run_address>
         <size>0x34</size>
         <input_file_ref idref="fl-df"/>
      </object_component>
      <object_component id="oc-a4">
         <name>.text</name>
         <load_address>0x6fdc</load_address>
         <run_address>0x6fdc</run_address>
         <size>0x34</size>
         <input_file_ref idref="fl-4"/>
      </object_component>
      <object_component id="oc-1df">
         <name>.text</name>
         <load_address>0x7010</load_address>
         <run_address>0x7010</run_address>
         <size>0x2e</size>
         <input_file_ref idref="fl-d8"/>
      </object_component>
      <object_component id="oc-343">
         <name>.text:copysign</name>
         <load_address>0x703e</load_address>
         <run_address>0x703e</run_address>
         <size>0x1a</size>
         <input_file_ref idref="fl-d2"/>
      </object_component>
      <object_component id="oc-1d">
         <name>.text:decompress:none:__TI_decompress_none</name>
         <load_address>0x7058</load_address>
         <run_address>0x7058</run_address>
         <size>0xe</size>
         <input_file_ref idref="fl-dc"/>
      </object_component>
      <object_component id="oc-67">
         <name>.text</name>
         <load_address>0x7066</load_address>
         <run_address>0x7066</run_address>
         <size>0xe</size>
         <input_file_ref idref="fl-5"/>
      </object_component>
      <object_component id="oc-49">
         <name>.text:decompress:ZI:__TI_zero_init</name>
         <load_address>0x7074</load_address>
         <run_address>0x7074</run_address>
         <size>0xc</size>
         <input_file_ref idref="fl-db"/>
      </object_component>
      <object_component id="oc-2bc">
         <name>.text:__aeabi_errno_addr</name>
         <load_address>0x7080</load_address>
         <run_address>0x7080</run_address>
         <size>0x8</size>
         <input_file_ref idref="fl-de"/>
      </object_component>
      <object_component id="oc-9e">
         <name>.text:_system_pre_init</name>
         <load_address>0x7088</load_address>
         <run_address>0x7088</run_address>
         <size>0x4</size>
         <input_file_ref idref="fl-e1"/>
      </object_component>
      <object_component id="oc-127">
         <name>.text:abort:abort</name>
         <load_address>0x708c</load_address>
         <run_address>0x708c</run_address>
         <size>0x4</size>
         <input_file_ref idref="fl-e3"/>
      </object_component>
      <object_component id="oc-1fc">
         <name>.const:.string:dinoBitmaps</name>
         <load_address>0x7090</load_address>
         <run_address>0x7090</run_address>
         <size>0xf0</size>
         <input_file_ref idref="fl-3"/>
      </object_component>
      <object_component id="oc-1ff">
         <name>.const:.string:cactusBitmaps</name>
         <load_address>0x7180</load_address>
         <run_address>0x7180</run_address>
         <size>0x90</size>
         <input_file_ref idref="fl-3"/>
      </object_component>
      <object_component id="oc-2c2">
         <name>.const:$O1$$</name>
         <load_address>0x7210</load_address>
         <run_address>0x7210</run_address>
         <size>0x30</size>
         <input_file_ref idref="fl-cf"/>
      </object_component>
      <object_component id="oc-c0">
         <name>.const</name>
         <load_address>0x7240</load_address>
         <run_address>0x7240</run_address>
         <size>0x8</size>
         <input_file_ref idref="fl-14"/>
      </object_component>
      <object_component id="oc-1f9">
         <name>.const</name>
         <load_address>0x7248</load_address>
         <run_address>0x7248</run_address>
         <size>0x4</size>
         <input_file_ref idref="fl-3"/>
      </object_component>
      <object_component id="oc-194">
         <name>.const</name>
         <load_address>0x724c</load_address>
         <run_address>0x724c</run_address>
         <size>0x4</size>
         <input_file_ref idref="fl-12"/>
      </object_component>
      <object_component id="oc-3b3">
         <name>.cinit..data.load</name>
         <load_address>0x7250</load_address>
         <run_address>0x7250</run_address>
         <size>0x20</size>
      </object_component>
      <object_component id="oc-3b1">
         <name>__TI_handler_table</name>
         <load_address>0x7270</load_address>
         <run_address>0x7270</run_address>
         <size>0xc</size>
      </object_component>
      <object_component id="oc-3b4">
         <name>.cinit..bss.load</name>
         <load_address>0x7280</load_address>
         <run_address>0x7280</run_address>
         <size>0x8</size>
      </object_component>
      <object_component id="oc-3b2">
         <name>__TI_cinit_table</name>
         <load_address>0x7288</load_address>
         <run_address>0x7288</run_address>
         <size>0x10</size>
      </object_component>
      <object_component id="oc-385">
         <name>.binit</name>
         <load_address>0x0</load_address>
         <run_address>0x0</run_address>
         <size>0x0</size>
      </object_component>
      <object_component id="oc-165">
         <name>.data</name>
         <load_address>0x2000820c</load_address>
         <run_address>0x2000820c</run_address>
         <size>0x4</size>
         <input_file_ref idref="fl-6"/>
      </object_component>
      <object_component id="oc-de">
         <name>.data</name>
         <load_address>0x200081f4</load_address>
         <run_address>0x200081f4</run_address>
         <size>0x9</size>
         <input_file_ref idref="fl-7"/>
      </object_component>
      <object_component id="oc-1c3">
         <name>.data</name>
         <load_address>0x20008200</load_address>
         <run_address>0x20008200</run_address>
         <size>0x5</size>
         <input_file_ref idref="fl-8"/>
      </object_component>
      <object_component id="oc-202">
         <name>.data</name>
         <load_address>0x20008210</load_address>
         <run_address>0x20008210</run_address>
         <size>0x4</size>
         <input_file_ref idref="fl-9"/>
      </object_component>
      <object_component id="oc-e1">
         <name>.data</name>
         <load_address>0x200081d8</load_address>
         <run_address>0x200081d8</run_address>
         <size>0x10</size>
         <input_file_ref idref="fl-a"/>
      </object_component>
      <object_component id="oc-1d6">
         <name>.data</name>
         <load_address>0x20008214</load_address>
         <run_address>0x20008214</run_address>
         <size>0x4</size>
         <input_file_ref idref="fl-b"/>
      </object_component>
      <object_component id="oc-259">
         <name>.data</name>
         <load_address>0x200081a8</load_address>
         <run_address>0x200081a8</run_address>
         <size>0x18</size>
         <input_file_ref idref="fl-e"/>
      </object_component>
      <object_component id="oc-bd">
         <name>.data</name>
         <load_address>0x20008174</load_address>
         <run_address>0x20008174</run_address>
         <size>0x34</size>
         <input_file_ref idref="fl-12"/>
      </object_component>
      <object_component id="oc-26e">
         <name>.data</name>
         <load_address>0x200081e8</load_address>
         <run_address>0x200081e8</run_address>
         <size>0xc</size>
         <input_file_ref idref="fl-13"/>
      </object_component>
      <object_component id="oc-ca">
         <name>.data</name>
         <load_address>0x200081c0</load_address>
         <run_address>0x200081c0</run_address>
         <size>0x18</size>
         <input_file_ref idref="fl-14"/>
      </object_component>
      <object_component id="oc-33a">
         <name>.data</name>
         <load_address>0x20008208</load_address>
         <run_address>0x20008208</run_address>
         <size>0x4</size>
         <input_file_ref idref="fl-de"/>
      </object_component>
      <object_component id="oc-25f">
         <name>.bss:ucHeap</name>
         <uninitialized>true</uninitialized>
         <run_address>0x20000000</run_address>
         <size>0x8000</size>
         <input_file_ref idref="fl-e"/>
      </object_component>
      <object_component id="oc-25c">
         <name>.bss:xStart</name>
         <uninitialized>true</uninitialized>
         <run_address>0x20008164</run_address>
         <size>0x8</size>
         <input_file_ref idref="fl-e"/>
      </object_component>
      <object_component id="oc-17f">
         <name>.bss:pxReadyTasksLists</name>
         <uninitialized>true</uninitialized>
         <run_address>0x20008000</run_address>
         <size>0xc8</size>
         <input_file_ref idref="fl-12"/>
      </object_component>
      <object_component id="oc-197">
         <name>.bss:xDelayedTaskList1</name>
         <uninitialized>true</uninitialized>
         <run_address>0x200080f0</run_address>
         <size>0x14</size>
         <input_file_ref idref="fl-12"/>
      </object_component>
      <object_component id="oc-19a">
         <name>.bss:xDelayedTaskList2</name>
         <uninitialized>true</uninitialized>
         <run_address>0x20008104</run_address>
         <size>0x14</size>
         <input_file_ref idref="fl-12"/>
      </object_component>
      <object_component id="oc-185">
         <name>.bss</name>
         <uninitialized>true</uninitialized>
         <run_address>0x20008154</run_address>
         <size>0x8</size>
         <input_file_ref idref="fl-12"/>
      </object_component>
      <object_component id="oc-191">
         <name>.bss:xPendingReadyList</name>
         <uninitialized>true</uninitialized>
         <run_address>0x20008118</run_address>
         <size>0x14</size>
         <input_file_ref idref="fl-12"/>
      </object_component>
      <object_component id="oc-182">
         <name>.bss:xTasksWaitingTermination</name>
         <uninitialized>true</uninitialized>
         <run_address>0x20008140</run_address>
         <size>0x14</size>
         <input_file_ref idref="fl-12"/>
      </object_component>
      <object_component id="oc-188">
         <name>.bss:xSuspendedTaskList</name>
         <uninitialized>true</uninitialized>
         <run_address>0x2000812c</run_address>
         <size>0x14</size>
         <input_file_ref idref="fl-12"/>
      </object_component>
      <object_component id="oc-274">
         <name>.bss:xActiveTimerList1</name>
         <uninitialized>true</uninitialized>
         <run_address>0x200080c8</run_address>
         <size>0x14</size>
         <input_file_ref idref="fl-13"/>
      </object_component>
      <object_component id="oc-277">
         <name>.bss:xActiveTimerList2</name>
         <uninitialized>true</uninitialized>
         <run_address>0x200080dc</run_address>
         <size>0x14</size>
         <input_file_ref idref="fl-13"/>
      </object_component>
      <object_component id="oc-271">
         <name>.bss</name>
         <uninitialized>true</uninitialized>
         <run_address>0x2000815c</run_address>
         <size>0x8</size>
         <input_file_ref idref="fl-13"/>
      </object_component>
      <object_component id="oc-1c6">
         <name>.common:button_pressed</name>
         <uninitialized>true</uninitialized>
         <run_address>0x20008170</run_address>
         <size>0x1</size>
      </object_component>
      <object_component id="oc-1d3">
         <name>.common:Queue_LCD</name>
         <uninitialized>true</uninitialized>
         <run_address>0x2000816c</run_address>
         <size>0x4</size>
      </object_component>
      <object_component id="oc-29">
         <name>.stack</name>
         <uninitialized>true</uninitialized>
         <run_address>0x2000fe00</run_address>
         <size>0x4</size>
         <input_file_ref idref="fl-df"/>
      </object_component>
      <object_component id="oc-3b6">
         <name>.stack</name>
         <uninitialized>true</uninitialized>
         <run_address>0x2000fe00</run_address>
         <size>0x0</size>
      </object_component>
      <object_component id="oc-1b1">
         <name>.debug_info</name>
         <load_address>0x0</load_address>
         <run_address>0x0</run_address>
         <size>0x744</size>
         <input_file_ref idref="fl-2"/>
      </object_component>
      <object_component id="oc-79">
         <name>.debug_info</name>
         <load_address>0x744</load_address>
         <run_address>0x744</run_address>
         <size>0x1c7</size>
         <input_file_ref idref="fl-2"/>
      </object_component>
      <object_component id="oc-120">
         <name>.debug_info</name>
         <load_address>0x90b</load_address>
         <run_address>0x90b</run_address>
         <size>0x315</size>
         <input_file_ref idref="fl-2"/>
      </object_component>
      <object_component id="oc-1be">
         <name>.debug_info</name>
         <load_address>0xc20</load_address>
         <run_address>0xc20</run_address>
         <size>0x37e2</size>
         <input_file_ref idref="fl-2"/>
      </object_component>
      <object_component id="oc-e7">
         <name>.debug_info</name>
         <load_address>0x4402</load_address>
         <run_address>0x4402</run_address>
         <size>0x26b</size>
         <input_file_ref idref="fl-2"/>
      </object_component>
      <object_component id="oc-208">
         <name>.debug_info</name>
         <load_address>0x466d</load_address>
         <run_address>0x466d</run_address>
         <size>0x1055</size>
         <input_file_ref idref="fl-2"/>
      </object_component>
      <object_component id="oc-217">
         <name>.debug_info</name>
         <load_address>0x56c2</load_address>
         <run_address>0x56c2</run_address>
         <size>0x48b</size>
         <input_file_ref idref="fl-2"/>
      </object_component>
      <object_component id="oc-293">
         <name>.debug_info</name>
         <load_address>0x5b4d</load_address>
         <run_address>0x5b4d</run_address>
         <size>0x55</size>
         <input_file_ref idref="fl-2"/>
      </object_component>
      <object_component id="oc-29a">
         <name>.debug_info</name>
         <load_address>0x5ba2</load_address>
         <run_address>0x5ba2</run_address>
         <size>0x55</size>
         <input_file_ref idref="fl-2"/>
      </object_component>
      <object_component id="oc-20d">
         <name>.debug_info</name>
         <load_address>0x5bf7</load_address>
         <run_address>0x5bf7</run_address>
         <size>0x4f</size>
         <input_file_ref idref="fl-2"/>
      </object_component>
      <object_component id="oc-32">
         <name>.debug_info</name>
         <load_address>0x5c46</load_address>
         <run_address>0x5c46</run_address>
         <size>0x84</size>
         <input_file_ref idref="fl-2"/>
      </object_component>
      <object_component id="oc-cf">
         <name>.debug_info</name>
         <load_address>0x5cca</load_address>
         <run_address>0x5cca</run_address>
         <size>0x2c</size>
         <input_file_ref idref="fl-2"/>
      </object_component>
      <object_component id="oc-1b2">
         <name>.debug_info</name>
         <load_address>0x5cf6</load_address>
         <run_address>0x5cf6</run_address>
         <size>0x2a4</size>
         <input_file_ref idref="fl-2"/>
      </object_component>
      <object_component id="oc-d9">
         <name>.debug_info</name>
         <load_address>0x5f9a</load_address>
         <run_address>0x5f9a</run_address>
         <size>0xbb</size>
         <input_file_ref idref="fl-2"/>
      </object_component>
      <object_component id="oc-d4">
         <name>.debug_info</name>
         <load_address>0x6055</load_address>
         <run_address>0x6055</run_address>
         <size>0x53</size>
         <input_file_ref idref="fl-2"/>
      </object_component>
      <object_component id="oc-212">
         <name>.debug_info</name>
         <load_address>0x60a8</load_address>
         <run_address>0x60a8</run_address>
         <size>0xcc</size>
         <input_file_ref idref="fl-2"/>
      </object_component>
      <object_component id="oc-1a7">
         <name>.debug_info</name>
         <load_address>0x6174</load_address>
         <run_address>0x6174</run_address>
         <size>0x14c</size>
         <input_file_ref idref="fl-2"/>
      </object_component>
      <object_component id="oc-2e2">
         <name>.debug_info</name>
         <load_address>0x62c0</load_address>
         <run_address>0x62c0</run_address>
         <size>0xe5</size>
         <input_file_ref idref="fl-3"/>
      </object_component>
      <object_component id="oc-1fd">
         <name>.debug_info</name>
         <load_address>0x63a5</load_address>
         <run_address>0x63a5</run_address>
         <size>0xd9</size>
         <input_file_ref idref="fl-3"/>
      </object_component>
      <object_component id="oc-200">
         <name>.debug_info</name>
         <load_address>0x647e</load_address>
         <run_address>0x647e</run_address>
         <size>0xdd</size>
         <input_file_ref idref="fl-3"/>
      </object_component>
      <object_component id="oc-1fa">
         <name>.debug_info</name>
         <load_address>0x655b</load_address>
         <run_address>0x655b</run_address>
         <size>0x17a</size>
         <input_file_ref idref="fl-3"/>
      </object_component>
      <object_component id="oc-125">
         <name>.debug_info</name>
         <load_address>0x66d5</load_address>
         <run_address>0x66d5</run_address>
         <size>0x775</size>
         <input_file_ref idref="fl-4"/>
      </object_component>
      <object_component id="oc-a6">
         <name>.debug_info</name>
         <load_address>0x6e4a</load_address>
         <run_address>0x6e4a</run_address>
         <size>0x28f</size>
         <input_file_ref idref="fl-4"/>
      </object_component>
      <object_component id="oc-1da">
         <name>.debug_info</name>
         <load_address>0x70d9</load_address>
         <run_address>0x70d9</run_address>
         <size>0xc6</size>
         <input_file_ref idref="fl-4"/>
      </object_component>
      <object_component id="oc-11b">
         <name>.debug_info</name>
         <load_address>0x719f</load_address>
         <run_address>0x719f</run_address>
         <size>0x8b</size>
         <input_file_ref idref="fl-4"/>
      </object_component>
      <object_component id="oc-80">
         <name>.debug_info</name>
         <load_address>0x722a</load_address>
         <run_address>0x722a</run_address>
         <size>0x349</size>
         <input_file_ref idref="fl-5"/>
      </object_component>
      <object_component id="oc-27">
         <name>.debug_info</name>
         <load_address>0x7573</load_address>
         <run_address>0x7573</run_address>
         <size>0xf5</size>
         <input_file_ref idref="fl-5"/>
      </object_component>
      <object_component id="oc-68">
         <name>.debug_info</name>
         <load_address>0x7668</load_address>
         <run_address>0x7668</run_address>
         <size>0x1bc</size>
         <input_file_ref idref="fl-5"/>
      </object_component>
      <object_component id="oc-166">
         <name>.debug_info</name>
         <load_address>0x7824</load_address>
         <run_address>0x7824</run_address>
         <size>0xee</size>
         <input_file_ref idref="fl-6"/>
      </object_component>
      <object_component id="oc-ba">
         <name>.debug_info</name>
         <load_address>0x7912</load_address>
         <run_address>0x7912</run_address>
         <size>0x260</size>
         <input_file_ref idref="fl-6"/>
      </object_component>
      <object_component id="oc-1b9">
         <name>.debug_info</name>
         <load_address>0x7b72</load_address>
         <run_address>0x7b72</run_address>
         <size>0x769</size>
         <input_file_ref idref="fl-7"/>
      </object_component>
      <object_component id="oc-df">
         <name>.debug_info</name>
         <load_address>0x82db</load_address>
         <run_address>0x82db</run_address>
         <size>0x14e</size>
         <input_file_ref idref="fl-7"/>
      </object_component>
      <object_component id="oc-10b">
         <name>.debug_info</name>
         <load_address>0x8429</load_address>
         <run_address>0x8429</run_address>
         <size>0x568</size>
         <input_file_ref idref="fl-7"/>
      </object_component>
      <object_component id="oc-1c7">
         <name>.debug_info</name>
         <load_address>0x8991</load_address>
         <run_address>0x8991</run_address>
         <size>0x73a</size>
         <input_file_ref idref="fl-8"/>
      </object_component>
      <object_component id="oc-1c4">
         <name>.debug_info</name>
         <load_address>0x90cb</load_address>
         <run_address>0x90cb</run_address>
         <size>0xed</size>
         <input_file_ref idref="fl-8"/>
      </object_component>
      <object_component id="oc-103">
         <name>.debug_info</name>
         <load_address>0x91b8</load_address>
         <run_address>0x91b8</run_address>
         <size>0x362</size>
         <input_file_ref idref="fl-8"/>
      </object_component>
      <object_component id="oc-1c9">
         <name>.debug_info</name>
         <load_address>0x951a</load_address>
         <run_address>0x951a</run_address>
         <size>0x943</size>
         <input_file_ref idref="fl-9"/>
      </object_component>
      <object_component id="oc-203">
         <name>.debug_info</name>
         <load_address>0x9e5d</load_address>
         <run_address>0x9e5d</run_address>
         <size>0xe7</size>
         <input_file_ref idref="fl-9"/>
      </object_component>
      <object_component id="oc-115">
         <name>.debug_info</name>
         <load_address>0x9f44</load_address>
         <run_address>0x9f44</run_address>
         <size>0x339</size>
         <input_file_ref idref="fl-9"/>
      </object_component>
      <object_component id="oc-240">
         <name>.debug_info</name>
         <load_address>0xa27d</load_address>
         <run_address>0xa27d</run_address>
         <size>0x110</size>
         <input_file_ref idref="fl-9"/>
      </object_component>
      <object_component id="oc-254">
         <name>.debug_info</name>
         <load_address>0xa38d</load_address>
         <run_address>0xa38d</run_address>
         <size>0x48b</size>
         <input_file_ref idref="fl-9"/>
      </object_component>
      <object_component id="oc-318">
         <name>.debug_info</name>
         <load_address>0xa818</load_address>
         <run_address>0xa818</run_address>
         <size>0x109</size>
         <input_file_ref idref="fl-9"/>
      </object_component>
      <object_component id="oc-1bc">
         <name>.debug_info</name>
         <load_address>0xa921</load_address>
         <run_address>0xa921</run_address>
         <size>0x76c</size>
         <input_file_ref idref="fl-a"/>
      </object_component>
      <object_component id="oc-e2">
         <name>.debug_info</name>
         <load_address>0xb08d</load_address>
         <run_address>0xb08d</run_address>
         <size>0x17e</size>
         <input_file_ref idref="fl-a"/>
      </object_component>
      <object_component id="oc-fd">
         <name>.debug_info</name>
         <load_address>0xb20b</load_address>
         <run_address>0xb20b</run_address>
         <size>0x5a6</size>
         <input_file_ref idref="fl-a"/>
      </object_component>
      <object_component id="oc-1d4">
         <name>.debug_info</name>
         <load_address>0xb7b1</load_address>
         <run_address>0xb7b1</run_address>
         <size>0x793</size>
         <input_file_ref idref="fl-b"/>
      </object_component>
      <object_component id="oc-1d7">
         <name>.debug_info</name>
         <load_address>0xbf44</load_address>
         <run_address>0xbf44</run_address>
         <size>0xe4</size>
         <input_file_ref idref="fl-b"/>
      </object_component>
      <object_component id="oc-10f">
         <name>.debug_info</name>
         <load_address>0xc028</load_address>
         <run_address>0xc028</run_address>
         <size>0xcb6</size>
         <input_file_ref idref="fl-b"/>
      </object_component>
      <object_component id="oc-28e">
         <name>.debug_info</name>
         <load_address>0xccde</load_address>
         <run_address>0xccde</run_address>
         <size>0x27d</size>
         <input_file_ref idref="fl-c"/>
      </object_component>
      <object_component id="oc-1ac">
         <name>.debug_info</name>
         <load_address>0xcf5b</load_address>
         <run_address>0xcf5b</run_address>
         <size>0x48b</size>
         <input_file_ref idref="fl-c"/>
      </object_component>
      <object_component id="oc-32b">
         <name>.debug_info</name>
         <load_address>0xd3e6</load_address>
         <run_address>0xd3e6</run_address>
         <size>0xcc</size>
         <input_file_ref idref="fl-c"/>
      </object_component>
      <object_component id="oc-1a2">
         <name>.debug_info</name>
         <load_address>0xd4b2</load_address>
         <run_address>0xd4b2</run_address>
         <size>0x53</size>
         <input_file_ref idref="fl-c"/>
      </object_component>
      <object_component id="oc-30a">
         <name>.debug_info</name>
         <load_address>0xd505</load_address>
         <run_address>0xd505</run_address>
         <size>0x6d8</size>
         <input_file_ref idref="fl-d"/>
      </object_component>
      <object_component id="oc-36a">
         <name>.debug_info</name>
         <load_address>0xdbdd</load_address>
         <run_address>0xdbdd</run_address>
         <size>0x76</size>
         <input_file_ref idref="fl-d"/>
      </object_component>
      <object_component id="oc-36f">
         <name>.debug_info</name>
         <load_address>0xdc53</load_address>
         <run_address>0xdc53</run_address>
         <size>0x39</size>
         <input_file_ref idref="fl-d"/>
      </object_component>
      <object_component id="oc-245">
         <name>.debug_info</name>
         <load_address>0xdc8c</load_address>
         <run_address>0xdc8c</run_address>
         <size>0x4f</size>
         <input_file_ref idref="fl-d"/>
      </object_component>
      <object_component id="oc-263">
         <name>.debug_info</name>
         <load_address>0xdcdb</load_address>
         <run_address>0xdcdb</run_address>
         <size>0x518</size>
         <input_file_ref idref="fl-e"/>
      </object_component>
      <object_component id="oc-260">
         <name>.debug_info</name>
         <load_address>0xe1f3</load_address>
         <run_address>0xe1f3</run_address>
         <size>0x131</size>
         <input_file_ref idref="fl-e"/>
      </object_component>
      <object_component id="oc-25d">
         <name>.debug_info</name>
         <load_address>0xe324</load_address>
         <run_address>0xe324</run_address>
         <size>0x131</size>
         <input_file_ref idref="fl-e"/>
      </object_component>
      <object_component id="oc-25a">
         <name>.debug_info</name>
         <load_address>0xe455</load_address>
         <run_address>0xe455</run_address>
         <size>0x271</size>
         <input_file_ref idref="fl-e"/>
      </object_component>
      <object_component id="oc-175">
         <name>.debug_info</name>
         <load_address>0xe6c6</load_address>
         <run_address>0xe6c6</run_address>
         <size>0xe16</size>
         <input_file_ref idref="fl-e"/>
      </object_component>
      <object_component id="oc-30f">
         <name>.debug_info</name>
         <load_address>0xf4dc</load_address>
         <run_address>0xf4dc</run_address>
         <size>0x62</size>
         <input_file_ref idref="fl-e"/>
      </object_component>
      <object_component id="oc-265">
         <name>.debug_info</name>
         <load_address>0xf53e</load_address>
         <run_address>0xf53e</run_address>
         <size>0x3d6</size>
         <input_file_ref idref="fl-f"/>
      </object_component>
      <object_component id="oc-17a">
         <name>.debug_info</name>
         <load_address>0xf914</load_address>
         <run_address>0xf914</run_address>
         <size>0x7c2</size>
         <input_file_ref idref="fl-f"/>
      </object_component>
      <object_component id="oc-2ab">
         <name>.debug_info</name>
         <load_address>0x100d6</load_address>
         <run_address>0x100d6</run_address>
         <size>0x942</size>
         <input_file_ref idref="fl-10"/>
      </object_component>
      <object_component id="oc-1ce">
         <name>.debug_info</name>
         <load_address>0x10a18</load_address>
         <run_address>0x10a18</run_address>
         <size>0x4772</size>
         <input_file_ref idref="fl-10"/>
      </object_component>
      <object_component id="oc-332">
         <name>.debug_info</name>
         <load_address>0x1518a</load_address>
         <run_address>0x1518a</run_address>
         <size>0x1ef</size>
         <input_file_ref idref="fl-10"/>
      </object_component>
      <object_component id="oc-2a6">
         <name>.debug_info</name>
         <load_address>0x15379</load_address>
         <run_address>0x15379</run_address>
         <size>0x46</size>
         <input_file_ref idref="fl-10"/>
      </object_component>
      <object_component id="oc-24a">
         <name>.debug_info</name>
         <load_address>0x153bf</load_address>
         <run_address>0x153bf</run_address>
         <size>0x35</size>
         <input_file_ref idref="fl-10"/>
      </object_component>
      <object_component id="oc-f3">
         <name>.debug_info</name>
         <load_address>0x153f4</load_address>
         <run_address>0x153f4</run_address>
         <size>0x2c</size>
         <input_file_ref idref="fl-11"/>
      </object_component>
      <object_component id="oc-16b">
         <name>.debug_info</name>
         <load_address>0x15420</load_address>
         <run_address>0x15420</run_address>
         <size>0x8f1</size>
         <input_file_ref idref="fl-12"/>
      </object_component>
      <object_component id="oc-be">
         <name>.debug_info</name>
         <load_address>0x15d11</load_address>
         <run_address>0x15d11</run_address>
         <size>0x38d</size>
         <input_file_ref idref="fl-12"/>
      </object_component>
      <object_component id="oc-180">
         <name>.debug_info</name>
         <load_address>0x1609e</load_address>
         <run_address>0x1609e</run_address>
         <size>0x136</size>
         <input_file_ref idref="fl-12"/>
      </object_component>
      <object_component id="oc-198">
         <name>.debug_info</name>
         <load_address>0x161d4</load_address>
         <run_address>0x161d4</run_address>
         <size>0x136</size>
         <input_file_ref idref="fl-12"/>
      </object_component>
      <object_component id="oc-19b">
         <name>.debug_info</name>
         <load_address>0x1630a</load_address>
         <run_address>0x1630a</run_address>
         <size>0x136</size>
         <input_file_ref idref="fl-12"/>
      </object_component>
      <object_component id="oc-186">
         <name>.debug_info</name>
         <load_address>0x16440</load_address>
         <run_address>0x16440</run_address>
         <size>0x179</size>
         <input_file_ref idref="fl-12"/>
      </object_component>
      <object_component id="oc-192">
         <name>.debug_info</name>
         <load_address>0x165b9</load_address>
         <run_address>0x165b9</run_address>
         <size>0x136</size>
         <input_file_ref idref="fl-12"/>
      </object_component>
      <object_component id="oc-183">
         <name>.debug_info</name>
         <load_address>0x166ef</load_address>
         <run_address>0x166ef</run_address>
         <size>0x144</size>
         <input_file_ref idref="fl-12"/>
      </object_component>
      <object_component id="oc-189">
         <name>.debug_info</name>
         <load_address>0x16833</load_address>
         <run_address>0x16833</run_address>
         <size>0x138</size>
         <input_file_ref idref="fl-12"/>
      </object_component>
      <object_component id="oc-195">
         <name>.debug_info</name>
         <load_address>0x1696b</load_address>
         <run_address>0x1696b</run_address>
         <size>0x137</size>
         <input_file_ref idref="fl-12"/>
      </object_component>
      <object_component id="oc-c4">
         <name>.debug_info</name>
         <load_address>0x16aa2</load_address>
         <run_address>0x16aa2</run_address>
         <size>0x82cd</size>
         <input_file_ref idref="fl-12"/>
      </object_component>
      <object_component id="oc-16c">
         <name>.debug_info</name>
         <load_address>0x1ed6f</load_address>
         <run_address>0x1ed6f</run_address>
         <size>0x30c</size>
         <input_file_ref idref="fl-12"/>
      </object_component>
      <object_component id="oc-24f">
         <name>.debug_info</name>
         <load_address>0x1f07b</load_address>
         <run_address>0x1f07b</run_address>
         <size>0x16f</size>
         <input_file_ref idref="fl-12"/>
      </object_component>
      <object_component id="oc-280">
         <name>.debug_info</name>
         <load_address>0x1f1ea</load_address>
         <run_address>0x1f1ea</run_address>
         <size>0x877</size>
         <input_file_ref idref="fl-13"/>
      </object_component>
      <object_component id="oc-275">
         <name>.debug_info</name>
         <load_address>0x1fa61</load_address>
         <run_address>0x1fa61</run_address>
         <size>0x136</size>
         <input_file_ref idref="fl-13"/>
      </object_component>
      <object_component id="oc-278">
         <name>.debug_info</name>
         <load_address>0x1fb97</load_address>
         <run_address>0x1fb97</run_address>
         <size>0x136</size>
         <input_file_ref idref="fl-13"/>
      </object_component>
      <object_component id="oc-272">
         <name>.debug_info</name>
         <load_address>0x1fccd</load_address>
         <run_address>0x1fccd</run_address>
         <size>0x16e</size>
         <input_file_ref idref="fl-13"/>
      </object_component>
      <object_component id="oc-26f">
         <name>.debug_info</name>
         <load_address>0x1fe3b</load_address>
         <run_address>0x1fe3b</run_address>
         <size>0x15a</size>
         <input_file_ref idref="fl-13"/>
      </object_component>
      <object_component id="oc-18e">
         <name>.debug_info</name>
         <load_address>0x1ff95</load_address>
         <run_address>0x1ff95</run_address>
         <size>0x2d1f</size>
         <input_file_ref idref="fl-13"/>
      </object_component>
      <object_component id="oc-281">
         <name>.debug_info</name>
         <load_address>0x22cb4</load_address>
         <run_address>0x22cb4</run_address>
         <size>0x1ce</size>
         <input_file_ref idref="fl-13"/>
      </object_component>
      <object_component id="oc-27b">
         <name>.debug_info</name>
         <load_address>0x22e82</load_address>
         <run_address>0x22e82</run_address>
         <size>0x46</size>
         <input_file_ref idref="fl-13"/>
      </object_component>
      <object_component id="oc-ce">
         <name>.debug_info</name>
         <load_address>0x22ec8</load_address>
         <run_address>0x22ec8</run_address>
         <size>0x560</size>
         <input_file_ref idref="fl-14"/>
      </object_component>
      <object_component id="oc-c1">
         <name>.debug_info</name>
         <load_address>0x23428</load_address>
         <run_address>0x23428</run_address>
         <size>0x1ab</size>
         <input_file_ref idref="fl-14"/>
      </object_component>
      <object_component id="oc-cb">
         <name>.debug_info</name>
         <load_address>0x235d3</load_address>
         <run_address>0x235d3</run_address>
         <size>0x286</size>
         <input_file_ref idref="fl-14"/>
      </object_component>
      <object_component id="oc-74">
         <name>.debug_info</name>
         <load_address>0x23859</load_address>
         <run_address>0x23859</run_address>
         <size>0x10b3</size>
         <input_file_ref idref="fl-14"/>
      </object_component>
      <object_component id="oc-6e">
         <name>.debug_info</name>
         <load_address>0x2490c</load_address>
         <run_address>0x2490c</run_address>
         <size>0x298</size>
         <input_file_ref idref="fl-15"/>
      </object_component>
      <object_component id="oc-2db">
         <name>.debug_info</name>
         <load_address>0x24ba4</load_address>
         <run_address>0x24ba4</run_address>
         <size>0x35e</size>
         <input_file_ref idref="fl-cf"/>
      </object_component>
      <object_component id="oc-2c3">
         <name>.debug_info</name>
         <load_address>0x24f02</load_address>
         <run_address>0x24f02</run_address>
         <size>0x128</size>
         <input_file_ref idref="fl-cf"/>
      </object_component>
      <object_component id="oc-1e6">
         <name>.debug_info</name>
         <load_address>0x2502a</load_address>
         <run_address>0x2502a</run_address>
         <size>0xbf2</size>
         <input_file_ref idref="fl-cf"/>
      </object_component>
      <object_component id="oc-350">
         <name>.debug_info</name>
         <load_address>0x25c1c</load_address>
         <run_address>0x25c1c</run_address>
         <size>0x46</size>
         <input_file_ref idref="fl-cf"/>
      </object_component>
      <object_component id="oc-2d6">
         <name>.debug_info</name>
         <load_address>0x25c62</load_address>
         <run_address>0x25c62</run_address>
         <size>0x39</size>
         <input_file_ref idref="fl-cf"/>
      </object_component>
      <object_component id="oc-339">
         <name>.debug_info</name>
         <load_address>0x25c9b</load_address>
         <run_address>0x25c9b</run_address>
         <size>0x2c5</size>
         <input_file_ref idref="fl-d0"/>
      </object_component>
      <object_component id="oc-2ba">
         <name>.debug_info</name>
         <load_address>0x25f60</load_address>
         <run_address>0x25f60</run_address>
         <size>0x24e</size>
         <input_file_ref idref="fl-d0"/>
      </object_component>
      <object_component id="oc-34a">
         <name>.debug_info</name>
         <load_address>0x261ae</load_address>
         <run_address>0x261ae</run_address>
         <size>0x2f8</size>
         <input_file_ref idref="fl-d1"/>
      </object_component>
      <object_component id="oc-2d3">
         <name>.debug_info</name>
         <load_address>0x264a6</load_address>
         <run_address>0x264a6</run_address>
         <size>0x225</size>
         <input_file_ref idref="fl-d1"/>
      </object_component>
      <object_component id="oc-37d">
         <name>.debug_info</name>
         <load_address>0x266cb</load_address>
         <run_address>0x266cb</run_address>
         <size>0x39</size>
         <input_file_ref idref="fl-d1"/>
      </object_component>
      <object_component id="oc-34b">
         <name>.debug_info</name>
         <load_address>0x26704</load_address>
         <run_address>0x26704</run_address>
         <size>0x2c</size>
         <input_file_ref idref="fl-d1"/>
      </object_component>
      <object_component id="oc-344">
         <name>.debug_info</name>
         <load_address>0x26730</load_address>
         <run_address>0x26730</run_address>
         <size>0x161</size>
         <input_file_ref idref="fl-d2"/>
      </object_component>
      <object_component id="oc-1f1">
         <name>.debug_info</name>
         <load_address>0x26891</load_address>
         <run_address>0x26891</run_address>
         <size>0x14c</size>
         <input_file_ref idref="fl-d3"/>
      </object_component>
      <object_component id="oc-2c8">
         <name>.debug_info</name>
         <load_address>0x269dd</load_address>
         <run_address>0x269dd</run_address>
         <size>0x128</size>
         <input_file_ref idref="fl-d4"/>
      </object_component>
      <object_component id="oc-2cc">
         <name>.debug_info</name>
         <load_address>0x26b05</load_address>
         <run_address>0x26b05</run_address>
         <size>0x12a</size>
         <input_file_ref idref="fl-d4"/>
      </object_component>
      <object_component id="oc-2b3">
         <name>.debug_info</name>
         <load_address>0x26c2f</load_address>
         <run_address>0x26c2f</run_address>
         <size>0x13a</size>
         <input_file_ref idref="fl-d5"/>
      </object_component>
      <object_component id="oc-1ed">
         <name>.debug_info</name>
         <load_address>0x26d69</load_address>
         <run_address>0x26d69</run_address>
         <size>0x13a</size>
         <input_file_ref idref="fl-d6"/>
      </object_component>
      <object_component id="oc-1f5">
         <name>.debug_info</name>
         <load_address>0x26ea3</load_address>
         <run_address>0x26ea3</run_address>
         <size>0x12e</size>
         <input_file_ref idref="fl-d7"/>
      </object_component>
      <object_component id="oc-1e0">
         <name>.debug_info</name>
         <load_address>0x26fd1</load_address>
         <run_address>0x26fd1</run_address>
         <size>0x12c</size>
         <input_file_ref idref="fl-d8"/>
      </object_component>
      <object_component id="oc-38">
         <name>.debug_info</name>
         <load_address>0x270fd</load_address>
         <run_address>0x270fd</run_address>
         <size>0x119</size>
         <input_file_ref idref="fl-d9"/>
      </object_component>
      <object_component id="oc-9b">
         <name>.debug_info</name>
         <load_address>0x27216</load_address>
         <run_address>0x27216</run_address>
         <size>0x147</size>
         <input_file_ref idref="fl-da"/>
      </object_component>
      <object_component id="oc-97">
         <name>.debug_info</name>
         <load_address>0x2735d</load_address>
         <run_address>0x2735d</run_address>
         <size>0x2d4</size>
         <input_file_ref idref="fl-db"/>
      </object_component>
      <object_component id="oc-4a">
         <name>.debug_info</name>
         <load_address>0x27631</load_address>
         <run_address>0x27631</run_address>
         <size>0x1b5</size>
         <input_file_ref idref="fl-db"/>
      </object_component>
      <object_component id="oc-92">
         <name>.debug_info</name>
         <load_address>0x277e6</load_address>
         <run_address>0x277e6</run_address>
         <size>0x46</size>
         <input_file_ref idref="fl-db"/>
      </object_component>
      <object_component id="oc-42">
         <name>.debug_info</name>
         <load_address>0x2782c</load_address>
         <run_address>0x2782c</run_address>
         <size>0x2a8</size>
         <input_file_ref idref="fl-dc"/>
      </object_component>
      <object_component id="oc-1e">
         <name>.debug_info</name>
         <load_address>0x27ad4</load_address>
         <run_address>0x27ad4</run_address>
         <size>0x1ea</size>
         <input_file_ref idref="fl-dc"/>
      </object_component>
      <object_component id="oc-3d">
         <name>.debug_info</name>
         <load_address>0x27cbe</load_address>
         <run_address>0x27cbe</run_address>
         <size>0x46</size>
         <input_file_ref idref="fl-dc"/>
      </object_component>
      <object_component id="oc-8a">
         <name>.debug_info</name>
         <load_address>0x27d04</load_address>
         <run_address>0x27d04</run_address>
         <size>0x2c</size>
         <input_file_ref idref="fl-dc"/>
      </object_component>
      <object_component id="oc-88">
         <name>.debug_info</name>
         <load_address>0x27d30</load_address>
         <run_address>0x27d30</run_address>
         <size>0x29e</size>
         <input_file_ref idref="fl-dd"/>
      </object_component>
      <object_component id="oc-1b">
         <name>.debug_info</name>
         <load_address>0x27fce</load_address>
         <run_address>0x27fce</run_address>
         <size>0x250</size>
         <input_file_ref idref="fl-dd"/>
      </object_component>
      <object_component id="oc-2d">
         <name>.debug_info</name>
         <load_address>0x2821e</load_address>
         <run_address>0x2821e</run_address>
         <size>0x60</size>
         <input_file_ref idref="fl-dd"/>
      </object_component>
      <object_component id="oc-ec">
         <name>.debug_info</name>
         <load_address>0x2827e</load_address>
         <run_address>0x2827e</run_address>
         <size>0x46</size>
         <input_file_ref idref="fl-dd"/>
      </object_component>
      <object_component id="oc-83">
         <name>.debug_info</name>
         <load_address>0x282c4</load_address>
         <run_address>0x282c4</run_address>
         <size>0x39</size>
         <input_file_ref idref="fl-dd"/>
      </object_component>
      <object_component id="oc-33e">
         <name>.debug_info</name>
         <load_address>0x282fd</load_address>
         <run_address>0x282fd</run_address>
         <size>0x289</size>
         <input_file_ref idref="fl-de"/>
      </object_component>
      <object_component id="oc-33b">
         <name>.debug_info</name>
         <load_address>0x28586</load_address>
         <run_address>0x28586</run_address>
         <size>0x10e</size>
         <input_file_ref idref="fl-de"/>
      </object_component>
      <object_component id="oc-2be">
         <name>.debug_info</name>
         <load_address>0x28694</load_address>
         <run_address>0x28694</run_address>
         <size>0x14e</size>
         <input_file_ref idref="fl-de"/>
      </object_component>
      <object_component id="oc-2a">
         <name>.debug_info</name>
         <load_address>0x287e2</load_address>
         <run_address>0x287e2</run_address>
         <size>0x10b</size>
         <input_file_ref idref="fl-df"/>
      </object_component>
      <object_component id="oc-59">
         <name>.debug_info</name>
         <load_address>0x288ed</load_address>
         <run_address>0x288ed</run_address>
         <size>0x1a9</size>
         <input_file_ref idref="fl-df"/>
      </object_component>
      <object_component id="oc-227">
         <name>.debug_info</name>
         <load_address>0x28a96</load_address>
         <run_address>0x28a96</run_address>
         <size>0x4b3</size>
         <input_file_ref idref="fl-e0"/>
      </object_component>
      <object_component id="oc-137">
         <name>.debug_info</name>
         <load_address>0x28f49</load_address>
         <run_address>0x28f49</run_address>
         <size>0x1a6</size>
         <input_file_ref idref="fl-e0"/>
      </object_component>
      <object_component id="oc-2f9">
         <name>.debug_info</name>
         <load_address>0x290ef</load_address>
         <run_address>0x290ef</run_address>
         <size>0x39</size>
         <input_file_ref idref="fl-e0"/>
      </object_component>
      <object_component id="oc-35c">
         <name>.debug_info</name>
         <load_address>0x29128</load_address>
         <run_address>0x29128</run_address>
         <size>0x39</size>
         <input_file_ref idref="fl-e0"/>
      </object_component>
      <object_component id="oc-2fe">
         <name>.debug_info</name>
         <load_address>0x29161</load_address>
         <run_address>0x29161</run_address>
         <size>0x39</size>
         <input_file_ref idref="fl-e0"/>
      </object_component>
      <object_component id="oc-303">
         <name>.debug_info</name>
         <load_address>0x2919a</load_address>
         <run_address>0x2919a</run_address>
         <size>0xcd</size>
         <input_file_ref idref="fl-e0"/>
      </object_component>
      <object_component id="oc-a2">
         <name>.debug_info</name>
         <load_address>0x29267</load_address>
         <run_address>0x29267</run_address>
         <size>0x153</size>
         <input_file_ref idref="fl-e1"/>
      </object_component>
      <object_component id="oc-128">
         <name>.debug_info</name>
         <load_address>0x293ba</load_address>
         <run_address>0x293ba</run_address>
         <size>0x122</size>
         <input_file_ref idref="fl-e3"/>
      </object_component>
      <object_component id="oc-3b7">
         <name>.debug_info</name>
         <load_address>0x294dc</load_address>
         <run_address>0x294dc</run_address>
         <size>0xa1</size>
      </object_component>
      <object_component id="oc-290">
         <name>.debug_line</name>
         <load_address>0x0</load_address>
         <run_address>0x0</run_address>
         <size>0xff</size>
         <input_file_ref idref="fl-2"/>
      </object_component>
      <object_component id="oc-7c">
         <name>.debug_line</name>
         <load_address>0xff</load_address>
         <run_address>0xff</run_address>
         <size>0x4b</size>
         <input_file_ref idref="fl-2"/>
      </object_component>
      <object_component id="oc-123">
         <name>.debug_line</name>
         <load_address>0x14a</load_address>
         <run_address>0x14a</run_address>
         <size>0x86</size>
         <input_file_ref idref="fl-2"/>
      </object_component>
      <object_component id="oc-1c1">
         <name>.debug_line</name>
         <load_address>0x1d0</load_address>
         <run_address>0x1d0</run_address>
         <size>0x63</size>
         <input_file_ref idref="fl-2"/>
      </object_component>
      <object_component id="oc-ea">
         <name>.debug_line</name>
         <load_address>0x233</load_address>
         <run_address>0x233</run_address>
         <size>0x7a</size>
         <input_file_ref idref="fl-2"/>
      </object_component>
      <object_component id="oc-20b">
         <name>.debug_line</name>
         <load_address>0x2ad</load_address>
         <run_address>0x2ad</run_address>
         <size>0x66</size>
         <input_file_ref idref="fl-2"/>
      </object_component>
      <object_component id="oc-21a">
         <name>.debug_line</name>
         <load_address>0x313</load_address>
         <run_address>0x313</run_address>
         <size>0x8a</size>
         <input_file_ref idref="fl-2"/>
      </object_component>
      <object_component id="oc-296">
         <name>.debug_line</name>
         <load_address>0x39d</load_address>
         <run_address>0x39d</run_address>
         <size>0x5b</size>
         <input_file_ref idref="fl-2"/>
      </object_component>
      <object_component id="oc-29d">
         <name>.debug_line</name>
         <load_address>0x3f8</load_address>
         <run_address>0x3f8</run_address>
         <size>0x5e</size>
         <input_file_ref idref="fl-2"/>
      </object_component>
      <object_component id="oc-210">
         <name>.debug_line</name>
         <load_address>0x456</load_address>
         <run_address>0x456</run_address>
         <size>0x87</size>
         <input_file_ref idref="fl-2"/>
      </object_component>
      <object_component id="oc-35">
         <name>.debug_line</name>
         <load_address>0x4dd</load_address>
         <run_address>0x4dd</run_address>
         <size>0x20</size>
         <input_file_ref idref="fl-2"/>
      </object_component>
      <object_component id="oc-d2">
         <name>.debug_line</name>
         <load_address>0x4fd</load_address>
         <run_address>0x4fd</run_address>
         <size>0x8a</size>
         <input_file_ref idref="fl-2"/>
      </object_component>
      <object_component id="oc-1b5">
         <name>.debug_line</name>
         <load_address>0x587</load_address>
         <run_address>0x587</run_address>
         <size>0x7e</size>
         <input_file_ref idref="fl-2"/>
      </object_component>
      <object_component id="oc-dc">
         <name>.debug_line</name>
         <load_address>0x605</load_address>
         <run_address>0x605</run_address>
         <size>0x7b</size>
         <input_file_ref idref="fl-2"/>
      </object_component>
      <object_component id="oc-d7">
         <name>.debug_line</name>
         <load_address>0x680</load_address>
         <run_address>0x680</run_address>
         <size>0x99</size>
         <input_file_ref idref="fl-2"/>
      </object_component>
      <object_component id="oc-215">
         <name>.debug_line</name>
         <load_address>0x719</load_address>
         <run_address>0x719</run_address>
         <size>0x75</size>
         <input_file_ref idref="fl-2"/>
      </object_component>
      <object_component id="oc-1aa">
         <name>.debug_line</name>
         <load_address>0x78e</load_address>
         <run_address>0x78e</run_address>
         <size>0x86</size>
         <input_file_ref idref="fl-2"/>
      </object_component>
      <object_component id="oc-358">
         <name>.debug_line</name>
         <load_address>0x814</load_address>
         <run_address>0x814</run_address>
         <size>0x20</size>
         <input_file_ref idref="fl-3"/>
      </object_component>
      <object_component id="oc-2e4">
         <name>.debug_line</name>
         <load_address>0x834</load_address>
         <run_address>0x834</run_address>
         <size>0x2e</size>
         <input_file_ref idref="fl-3"/>
      </object_component>
      <object_component id="oc-2e6">
         <name>.debug_line</name>
         <load_address>0x862</load_address>
         <run_address>0x862</run_address>
         <size>0x2e</size>
         <input_file_ref idref="fl-3"/>
      </object_component>
      <object_component id="oc-2e1">
         <name>.debug_line</name>
         <load_address>0x890</load_address>
         <run_address>0x890</run_address>
         <size>0x2e</size>
         <input_file_ref idref="fl-3"/>
      </object_component>
      <object_component id="oc-207">
         <name>.debug_line</name>
         <load_address>0x8be</load_address>
         <run_address>0x8be</run_address>
         <size>0x1ae</size>
         <input_file_ref idref="fl-4"/>
      </object_component>
      <object_component id="oc-a9">
         <name>.debug_line</name>
         <load_address>0xa6c</load_address>
         <run_address>0xa6c</run_address>
         <size>0x7a</size>
         <input_file_ref idref="fl-4"/>
      </object_component>
      <object_component id="oc-1dd">
         <name>.debug_line</name>
         <load_address>0xae6</load_address>
         <run_address>0xae6</run_address>
         <size>0x59</size>
         <input_file_ref idref="fl-4"/>
      </object_component>
      <object_component id="oc-11e">
         <name>.debug_line</name>
         <load_address>0xb3f</load_address>
         <run_address>0xb3f</run_address>
         <size>0x20</size>
         <input_file_ref idref="fl-4"/>
      </object_component>
      <object_component id="oc-e6">
         <name>.debug_line</name>
         <load_address>0xb5f</load_address>
         <run_address>0xb5f</run_address>
         <size>0x40</size>
         <input_file_ref idref="fl-5"/>
      </object_component>
      <object_component id="oc-7f">
         <name>.debug_line</name>
         <load_address>0xb9f</load_address>
         <run_address>0xb9f</run_address>
         <size>0x40</size>
         <input_file_ref idref="fl-5"/>
      </object_component>
      <object_component id="oc-6b">
         <name>.debug_line</name>
         <load_address>0xbdf</load_address>
         <run_address>0xbdf</run_address>
         <size>0x71</size>
         <input_file_ref idref="fl-5"/>
      </object_component>
      <object_component id="oc-23d">
         <name>.debug_line</name>
         <load_address>0xc50</load_address>
         <run_address>0xc50</run_address>
         <size>0x3b</size>
         <input_file_ref idref="fl-6"/>
      </object_component>
      <object_component id="oc-b7">
         <name>.debug_line</name>
         <load_address>0xc8b</load_address>
         <run_address>0xc8b</run_address>
         <size>0x153</size>
         <input_file_ref idref="fl-6"/>
      </object_component>
      <object_component id="oc-292">
         <name>.debug_line</name>
         <load_address>0xdde</load_address>
         <run_address>0xdde</run_address>
         <size>0x86</size>
         <input_file_ref idref="fl-7"/>
      </object_component>
      <object_component id="oc-1b8">
         <name>.debug_line</name>
         <load_address>0xe64</load_address>
         <run_address>0xe64</run_address>
         <size>0x33</size>
         <input_file_ref idref="fl-7"/>
      </object_component>
      <object_component id="oc-10d">
         <name>.debug_line</name>
         <load_address>0xe97</load_address>
         <run_address>0xe97</run_address>
         <size>0x157</size>
         <input_file_ref idref="fl-7"/>
      </object_component>
      <object_component id="oc-2a2">
         <name>.debug_line</name>
         <load_address>0xfee</load_address>
         <run_address>0xfee</run_address>
         <size>0xc2</size>
         <input_file_ref idref="fl-8"/>
      </object_component>
      <object_component id="oc-2a0">
         <name>.debug_line</name>
         <load_address>0x10b0</load_address>
         <run_address>0x10b0</run_address>
         <size>0x34</size>
         <input_file_ref idref="fl-8"/>
      </object_component>
      <object_component id="oc-106">
         <name>.debug_line</name>
         <load_address>0x10e4</load_address>
         <run_address>0x10e4</run_address>
         <size>0xc6</size>
         <input_file_ref idref="fl-8"/>
      </object_component>
      <object_component id="oc-2a4">
         <name>.debug_line</name>
         <load_address>0x11aa</load_address>
         <run_address>0x11aa</run_address>
         <size>0x265</size>
         <input_file_ref idref="fl-9"/>
      </object_component>
      <object_component id="oc-2e8">
         <name>.debug_line</name>
         <load_address>0x140f</load_address>
         <run_address>0x140f</run_address>
         <size>0x32</size>
         <input_file_ref idref="fl-9"/>
      </object_component>
      <object_component id="oc-118">
         <name>.debug_line</name>
         <load_address>0x1441</load_address>
         <run_address>0x1441</run_address>
         <size>0xfa</size>
         <input_file_ref idref="fl-9"/>
      </object_component>
      <object_component id="oc-243">
         <name>.debug_line</name>
         <load_address>0x153b</load_address>
         <run_address>0x153b</run_address>
         <size>0x76</size>
         <input_file_ref idref="fl-9"/>
      </object_component>
      <object_component id="oc-257">
         <name>.debug_line</name>
         <load_address>0x15b1</load_address>
         <run_address>0x15b1</run_address>
         <size>0x8a</size>
         <input_file_ref idref="fl-9"/>
      </object_component>
      <object_component id="oc-31b">
         <name>.debug_line</name>
         <load_address>0x163b</load_address>
         <run_address>0x163b</run_address>
         <size>0x8a</size>
         <input_file_ref idref="fl-9"/>
      </object_component>
      <object_component id="oc-299">
         <name>.debug_line</name>
         <load_address>0x16c5</load_address>
         <run_address>0x16c5</run_address>
         <size>0x86</size>
         <input_file_ref idref="fl-a"/>
      </object_component>
      <object_component id="oc-1bb">
         <name>.debug_line</name>
         <load_address>0x174b</load_address>
         <run_address>0x174b</run_address>
         <size>0x36</size>
         <input_file_ref idref="fl-a"/>
      </object_component>
      <object_component id="oc-100">
         <name>.debug_line</name>
         <load_address>0x1781</load_address>
         <run_address>0x1781</run_address>
         <size>0x15f</size>
         <input_file_ref idref="fl-a"/>
      </object_component>
      <object_component id="oc-2ad">
         <name>.debug_line</name>
         <load_address>0x18e0</load_address>
         <run_address>0x18e0</run_address>
         <size>0xfe</size>
         <input_file_ref idref="fl-b"/>
      </object_component>
      <object_component id="oc-2af">
         <name>.debug_line</name>
         <load_address>0x19de</load_address>
         <run_address>0x19de</run_address>
         <size>0x31</size>
         <input_file_ref idref="fl-b"/>
      </object_component>
      <object_component id="oc-112">
         <name>.debug_line</name>
         <load_address>0x1a0f</load_address>
         <run_address>0x1a0f</run_address>
         <size>0x241</size>
         <input_file_ref idref="fl-b"/>
      </object_component>
      <object_component id="oc-32a">
         <name>.debug_line</name>
         <load_address>0x1c50</load_address>
         <run_address>0x1c50</run_address>
         <size>0x20</size>
         <input_file_ref idref="fl-c"/>
      </object_component>
      <object_component id="oc-1af">
         <name>.debug_line</name>
         <load_address>0x1c70</load_address>
         <run_address>0x1c70</run_address>
         <size>0x8a</size>
         <input_file_ref idref="fl-c"/>
      </object_component>
      <object_component id="oc-32e">
         <name>.debug_line</name>
         <load_address>0x1cfa</load_address>
         <run_address>0x1cfa</run_address>
         <size>0x8a</size>
         <input_file_ref idref="fl-c"/>
      </object_component>
      <object_component id="oc-1a5">
         <name>.debug_line</name>
         <load_address>0x1d84</load_address>
         <run_address>0x1d84</run_address>
         <size>0x76</size>
         <input_file_ref idref="fl-c"/>
      </object_component>
      <object_component id="oc-369">
         <name>.debug_line</name>
         <load_address>0x1dfa</load_address>
         <run_address>0x1dfa</run_address>
         <size>0x1cf</size>
         <input_file_ref idref="fl-d"/>
      </object_component>
      <object_component id="oc-36d">
         <name>.debug_line</name>
         <load_address>0x1fc9</load_address>
         <run_address>0x1fc9</run_address>
         <size>0x86</size>
         <input_file_ref idref="fl-d"/>
      </object_component>
      <object_component id="oc-372">
         <name>.debug_line</name>
         <load_address>0x204f</load_address>
         <run_address>0x204f</run_address>
         <size>0x8e</size>
         <input_file_ref idref="fl-d"/>
      </object_component>
      <object_component id="oc-248">
         <name>.debug_line</name>
         <load_address>0x20dd</load_address>
         <run_address>0x20dd</run_address>
         <size>0x88</size>
         <input_file_ref idref="fl-d"/>
      </object_component>
      <object_component id="oc-317">
         <name>.debug_line</name>
         <load_address>0x2165</load_address>
         <run_address>0x2165</run_address>
         <size>0x170</size>
         <input_file_ref idref="fl-e"/>
[...]
         <value>0x20008174</value>
         <object_component_ref idref="oc-bd"/>
      </symbol>
      <symbol id="sm-7a1">
         <name>eTaskGetState</name>
         <value>0x5a1</value>
         <object_component_ref idref="oc-c3"/>
      </symbol>
      <symbol id="sm-7a2">
         <name>vTaskSuspend</name>
         <value>0x869</value>
         <object_component_ref idref="oc-c3"/>
      </symbol>
      <symbol id="sm-7a3">
         <name>xTaskGetTickCountFromISR</name>
         <value>0xd71</value>
         <object_component_ref idref="oc-c3"/>
      </symbol>
      <symbol id="sm-7a4">
         <name>vTaskResume</name>
         <value>0x9c5</value>
         <object_component_ref idref="oc-c3"/>
      </symbol>
      <symbol id="sm-7a5">
         <name>uxTopUsedPriority</name>
         <value>0x724c</value>
         <object_component_ref idref="oc-194"/>
      </symbol>
      <symbol id="sm-7a6">
         <name>vTaskPlaceOnEventListRestricted</name>
         <value>0x139d</value>
         <object_component_ref idref="oc-c3"/>
      </symbol>
      <symbol id="sm-7a7">
         <name>vTaskSetTimeOutState</name>
         <value>0x16c1</value>
         <object_component_ref idref="oc-c3"/>
      </symbol>
      <symbol id="sm-7a8">
         <name>xTaskIncrementTick</name>
         <value>0xf3d</value>
         <object_component_ref idref="oc-c3"/>
      </symbol>
      <symbol id="sm-7a9">
         <name>vTaskSwitchContext</name>
         <value>0x11f9</value>
         <object_component_ref idref="oc-c3"/>
      </symbol>
      <symbol id="sm-7aa">
         <name>uxTaskResetEventItemValue</name>
         <value>0x1f83</value>
         <object_component_ref idref="oc-c3"/>
      </symbol>
      <symbol id="sm-7ab">
         <name>xTaskGetSchedulerState</name>
         <value>0x1bc9</value>
         <object_component_ref idref="oc-c3"/>
      </symbol>
      <symbol id="sm-7ac">
         <name>xTaskGetCurrentTaskHandle</name>
         <value>0x1bb9</value>
         <object_component_ref idref="oc-c3"/>
      </symbol>
      <symbol id="sm-7ad">
         <name>vTaskPlaceOnUnorderedEventList</name>
         <value>0x12fd</value>
         <object_component_ref idref="oc-c3"/>
      </symbol>
      <symbol id="sm-7ae">
         <name>xTaskRemoveFromEventList</name>
         <value>0x1411</value>
         <object_component_ref idref="oc-c3"/>
      </symbol>
      <symbol id="sm-7af">
         <name>eTaskConfirmSleepModeStatus</name>
         <value>0x186b</value>
         <object_component_ref idref="oc-c3"/>
      </symbol>
      <symbol id="sm-7b0">
         <name>xTaskPriorityInherit</name>
         <value>0x1c11</value>
         <object_component_ref idref="oc-c3"/>
      </symbol>
      <symbol id="sm-86f">
         <name>vTimerSetTimerNumber</name>
         <value>0x4ae3</value>
         <object_component_ref idref="oc-18b"/>
      </symbol>
      <symbol id="sm-870">
         <name>xTimerGetTimerDaemonTaskHandle</name>
         <value>0x4547</value>
         <object_component_ref idref="oc-18b"/>
      </symbol>
      <symbol id="sm-871">
         <name>pcTimerGetName</name>
         <value>0x463f</value>
         <object_component_ref idref="oc-18b"/>
      </symbol>
      <symbol id="sm-872">
         <name>xTimerCreateTimerTask</name>
         <value>0x43e9</value>
         <object_component_ref idref="oc-18b"/>
      </symbol>
      <symbol id="sm-873">
         <name>xTimerGetExpiryTime</name>
         <value>0x4615</value>
         <object_component_ref idref="oc-18b"/>
      </symbol>
      <symbol id="sm-874">
         <name>uxTimerGetTimerNumber</name>
         <value>0x4ad5</value>
         <object_component_ref idref="oc-18b"/>
      </symbol>
      <symbol id="sm-875">
         <name>xTimerIsTimerActive</name>
         <value>0x4a39</value>
         <object_component_ref idref="oc-18b"/>
      </symbol>
      <symbol id="sm-876">
         <name>xTimerGetPeriod</name>
         <value>0x4569</value>
         <object_component_ref idref="oc-18b"/>
      </symbol>
      <symbol id="sm-877">
         <name>xTimerCreate</name>
         <value>0x4429</value>
         <object_component_ref idref="oc-18b"/>
      </symbol>
      <symbol id="sm-878">
         <name>vTimerSetReloadMode</name>
         <value>0x458f</value>
         <object_component_ref idref="oc-18b"/>
      </symbol>
      <symbol id="sm-879">
         <name>xTimerGenericCommand</name>
         <value>0x44c7</value>
         <object_component_ref idref="oc-18b"/>
      </symbol>
      <symbol id="sm-87a">
         <name>uxTimerGetReloadMode</name>
         <value>0x45d9</value>
         <object_component_ref idref="oc-18b"/>
      </symbol>
      <symbol id="sm-87b">
         <name>pvTimerGetTimerID</name>
         <value>0x4a79</value>
         <object_component_ref idref="oc-18b"/>
      </symbol>
      <symbol id="sm-87c">
         <name>vTimerSetTimerID</name>
         <value>0x4aa7</value>
         <object_component_ref idref="oc-18b"/>
      </symbol>
      <symbol id="sm-8e4">
         <name>ulMaxSyscallInterruptPriority</name>
         <value>0x7240</value>
         <object_component_ref idref="oc-c0"/>
      </symbol>
      <symbol id="sm-8e5">
         <name>vPortSetupTimerInterrupt</name>
         <value>0x5851</value>
         <object_component_ref idref="oc-72"/>
      </symbol>
      <symbol id="sm-8e6">
         <name>vPortEndScheduler</name>
         <value>0x5639</value>
         <object_component_ref idref="oc-72"/>
      </symbol>
      <symbol id="sm-8e7">
         <name>vPortSuppressTicksAndSleep</name>
         <value>0x56f9</value>
         <object_component_ref idref="oc-72"/>
      </symbol>
      <symbol id="sm-8e8">
         <name>xPortSysTickHandler</name>
         <value>0x56cb</value>
         <object_component_ref idref="oc-72"/>
      </symbol>
      <symbol id="sm-8e9">
         <name>vPortValidateInterruptPriority</name>
         <value>0x5899</value>
         <object_component_ref idref="oc-72"/>
      </symbol>
      <symbol id="sm-8ea">
         <name>pxPortInitialiseStack</name>
         <value>0x54f5</value>
         <object_component_ref idref="oc-72"/>
      </symbol>
      <symbol id="sm-8eb">
         <name>vPortExitCritical</name>
         <value>0x569f</value>
         <object_component_ref idref="oc-72"/>
      </symbol>
      <symbol id="sm-8ec">
         <name>xPortStartScheduler</name>
         <value>0x5581</value>
         <object_component_ref idref="oc-72"/>
      </symbol>
      <symbol id="sm-8ed">
         <name>vPortEnterCritical</name>
         <value>0x565d</value>
         <object_component_ref idref="oc-72"/>
      </symbol>
      <symbol id="sm-8fc">
         <name>vPortStartFirstTask</name>
         <value>0x6b55</value>
         <object_component_ref idref="oc-6d"/>
      </symbol>
      <symbol id="sm-8fd">
         <name>ulPortGetIPSR</name>
         <value>0x6abd</value>
         <object_component_ref idref="oc-6d"/>
      </symbol>
      <symbol id="sm-8fe">
         <name>vPortEnableVFP</name>
         <value>0x6b79</value>
         <object_component_ref idref="oc-6d"/>
      </symbol>
      <symbol id="sm-8ff">
         <name>xPortPendSVHandler</name>
         <value>0x6ad5</value>
         <object_component_ref idref="oc-6d"/>
      </symbol>
      <symbol id="sm-900">
         <name>vPortSVCHandler</name>
         <value>0x6b35</value>
         <object_component_ref idref="oc-6d"/>
      </symbol>
      <symbol id="sm-996">
         <name>pow</name>
         <value>0x3a19</value>
         <object_component_ref idref="oc-1e4"/>
      </symbol>
      <symbol id="sm-997">
         <name>powl</name>
         <value>0x3a19</value>
         <object_component_ref idref="oc-1e4"/>
      </symbol>
      <symbol id="sm-9b9">
         <name>sqrtl</name>
         <value>0x64e9</value>
         <object_component_ref idref="oc-2b6"/>
      </symbol>
      <symbol id="sm-9ba">
         <name>sqrt</name>
         <value>0x64e9</value>
         <object_component_ref idref="oc-2b6"/>
      </symbol>
      <symbol id="sm-9e1">
         <name>scalbn</name>
         <value>0x68a1</value>
         <object_component_ref idref="oc-2cf"/>
      </symbol>
      <symbol id="sm-9e2">
         <name>scalbnl</name>
         <value>0x68a1</value>
         <object_component_ref idref="oc-2cf"/>
      </symbol>
      <symbol id="sm-9e3">
         <name>ldexpl</name>
         <value>0x68a1</value>
         <object_component_ref idref="oc-2cf"/>
      </symbol>
      <symbol id="sm-9e4">
         <name>ldexp</name>
         <value>0x68a1</value>
         <object_component_ref idref="oc-2cf"/>
      </symbol>
      <symbol id="sm-9ee">
         <name>copysign</name>
         <value>0x703f</value>
         <object_component_ref idref="oc-343"/>
      </symbol>
      <symbol id="sm-9ef">
         <name>copysignl</name>
         <value>0x703f</value>
         <object_component_ref idref="oc-343"/>
      </symbol>
      <symbol id="sm-a06">
         <name>__aeabi_dsub</name>
         <value>0x6331</value>
         <object_component_ref idref="oc-1ef"/>
      </symbol>
      <symbol id="sm-a07">
         <name>__aeabi_dadd</name>
         <value>0x633b</value>
         <object_component_ref idref="oc-1ef"/>
      </symbol>
      <symbol id="sm-a29">
         <name>__aeabi_cdcmpeq</name>
         <value>0x6cd5</value>
         <object_component_ref idref="oc-2c5"/>
      </symbol>
      <symbol id="sm-a2a">
         <name>__aeabi_cdcmple</name>
         <value>0x6cd5</value>
         <object_component_ref idref="oc-2c5"/>
      </symbol>
      <symbol id="sm-a2b">
         <name>__aeabi_cdrcmple</name>
         <value>0x6d5b</value>
         <object_component_ref idref="oc-2ca"/>
      </symbol>
      <symbol id="sm-a3f">
         <name>__aeabi_ddiv</name>
         <value>0x6641</value>
         <object_component_ref idref="oc-2b1"/>
      </symbol>
      <symbol id="sm-a4a">
         <name>__aeabi_dmul</name>
         <value>0x69b1</value>
         <object_component_ref idref="oc-1ea"/>
      </symbol>
      <symbol id="sm-a54">
         <name>__aeabi_d2iz</name>
         <value>0x6f1d</value>
         <object_component_ref idref="oc-1f4"/>
      </symbol>
      <symbol id="sm-a5e">
         <name>__aeabi_i2d</name>
         <value>0x7011</value>
         <object_component_ref idref="oc-1df"/>
      </symbol>
      <symbol id="sm-a79">
         <name>memcpy</name>
         <value>0x6c39</value>
         <object_component_ref idref="oc-37"/>
      </symbol>
      <symbol id="sm-a7a">
         <name>__aeabi_memcpy</name>
         <value>0x6c39</value>
         <object_component_ref idref="oc-37"/>
      </symbol>
      <symbol id="sm-a7b">
         <name>__aeabi_memcpy8</name>
         <value>0x6c39</value>
         <object_component_ref idref="oc-37"/>
      </symbol>
      <symbol id="sm-a7c">
         <name>__aeabi_memcpy4</name>
         <value>0x6c39</value>
         <object_component_ref idref="oc-37"/>
      </symbol>
      <symbol id="sm-a8b">
         <name>__aeabi_memset</name>
         <value>0x6de3</value>
         <object_component_ref idref="oc-98"/>
      </symbol>
      <symbol id="sm-a8c">
         <name>memset</name>
         <value>0x6de9</value>
         <object_component_ref idref="oc-98"/>
      </symbol>
      <symbol id="sm-a8d">
         <name>__aeabi_memset8</name>
         <value>0x6de3</value>
         <object_component_ref idref="oc-98"/>
      </symbol>
      <symbol id="sm-a8e">
         <name>__aeabi_memset4</name>
         <value>0x6de3</value>
         <object_component_ref idref="oc-98"/>
      </symbol>
      <symbol id="sm-a8f">
         <name>__aeabi_memclr8</name>
         <value>0x6de1</value>
         <object_component_ref idref="oc-98"/>
      </symbol>
      <symbol id="sm-a90">
         <name>__aeabi_memclr4</name>
         <value>0x6de1</value>
         <object_component_ref idref="oc-98"/>
      </symbol>
      <symbol id="sm-a91">
         <name>__aeabi_memclr</name>
         <value>0x6de1</value>
         <object_component_ref idref="oc-98"/>
      </symbol>
      <symbol id="sm-aa3">
         <name>__TI_zero_init</name>
         <value>0x7075</value>
         <object_component_ref idref="oc-49"/>
      </symbol>
      <symbol id="sm-aba">
         <name>__TI_decompress_none</name>
         <value>0x7059</value>
         <object_component_ref idref="oc-1d"/>
      </symbol>
      <symbol id="sm-add">
         <name>__TI_decompress_lzss</name>
         <value>0x6e5b</value>
         <object_component_ref idref="oc-17"/>
      </symbol>
      <symbol id="sm-af3">
         <name>__aeabi_errno_addr</name>
         <value>0x7081</value>
         <object_component_ref idref="oc-2bc"/>
      </symbol>
      <symbol id="sm-af4">
         <name>errno</name>
         <value>0x20008208</value>
         <object_component_ref idref="oc-33a"/>
      </symbol>
      <symbol id="sm-b07">
         <name>__stack</name>
         <value>0x2000fe00</value>
         <object_component_ref idref="oc-29"/>
      </symbol>
      <symbol id="sm-b08">
         <name>_c_int00_noargs</name>
         <value>0x6fa9</value>
         <object_component_ref idref="oc-55"/>
      </symbol>
      <symbol id="sm-b30">
         <name>__TI_auto_init_nobinit_nopinit</name>
         <value>0x6f65</value>
         <object_component_ref idref="oc-133"/>
      </symbol>
      <symbol id="sm-b3a">
         <name>_system_pre_init</name>
         <value>0x7089</value>
         <object_component_ref idref="oc-9e"/>
      </symbol>
      <symbol id="sm-b46">
         <name>C$$EXIT</name>
         <value>0x708d</value>
         <object_component_ref idref="oc-127"/>
      </symbol>
      <symbol id="sm-b47">
         <name>abort</name>
         <value>0x708d</value>
         <object_component_ref idref="oc-127"/>
      </symbol>
      <symbol id="sm-b4a">
         <name>__TI_static_base__</name>
         <value>0x0</value>
      </symbol>
      <symbol id="sm-b4d">
         <name>__mpu_init</name>
         <value>0x0</value>
      </symbol>
      <symbol id="sm-b4e">
         <name>_system_post_cinit</name>
         <value>0x0</value>
      </symbol>
      <symbol id="sm-b4f">
         <name>NMI_Handler</name>
         <value>0x7073</value>
      </symbol>
      <symbol id="sm-b50">
         <name>HardFault_Handler</name>
         <value>0x7073</value>
      </symbol>
      <symbol id="sm-b51">
         <name>MemManage_Handler</name>
         <value>0x7073</value>
      </symbol>
      <symbol id="sm-b52">
         <name>BusFault_Handler</name>
         <value>0x7073</value>
      </symbol>
      <symbol id="sm-b53">
         <name>UsageFault_Handler</name>
         <value>0x7073</value>
      </symbol>
      <symbol id="sm-b54">
         <name>SVC_Handler</name>
         <value>0x7073</value>
      </symbol>
      <symbol id="sm-b55">
         <name>DebugMon_Handler</name>
         <value>0x7073</value>
      </symbol>
      <symbol id="sm-b56">
         <name>PendSV_Handler</name>
         <value>0x7073</value>
      </symbol>
      <symbol id="sm-b57">
         <name>SysTick_Handler</name>
         <value>0x7073</value>
      </symbol>
      <symbol id="sm-b58">
         <name>PSS_IRQHandler</name>
         <value>0x7073</value>
      </symbol>
      <symbol id="sm-b59">
         <name>CS_IRQHandler</name>
         <value>0x7073</value>
      </symbol>
      <symbol id="sm-b5a">
         <name>PCM_IRQHandler</name>
         <value>0x7073</value>
      </symbol>
      <symbol id="sm-b5b">
         <name>WDT_A_IRQHandler</name>
         <value>0x7073</value>
      </symbol>
      <symbol id="sm-b5c">
         <name>FPU_IRQHandler</name>
         <value>0x7073</value>
      </symbol>
      <symbol id="sm-b5d">
         <name>FLCTL_IRQHandler</name>
         <value>0x7073</value>
      </symbol>
      <symbol id="sm-b5e">
         <name>COMP_E0_IRQHandler</name>
         <value>0x7073</value>
      </symbol>
      <symbol id="sm-b5f">
         <name>COMP_E1_IRQHandler</name>
         <value>0x7073</value>
      </symbol>
      <symbol id="sm-b60">
         <name>TA0_0_IRQHandler</name>
         <value>0x7073</value>
      </symbol>
      <symbol id="sm-b61">
         <name>TA0_N_IRQHandler</name>
         <value>0x7073</value>
      </symbol>
      <symbol id="sm-b62">
         <name>TA1_0_IRQHandler</name>
         <value>0x7073</value>
      </symbol>
      <symbol id="sm-b63">
         <name>TA1_N_IRQHandler</name>
         <value>0x7073</value>
      </symbol>
      <symbol id="sm-b64">
         <name>TA2_0_IRQHandler</name>
         <value>0x7073</value>
      </symbol>
      <symbol id="sm-b65">
         <name>TA2_N_IRQHandler</name>
         <value>0x7073</value>
      </symbol>
      <symbol id="sm-b66">
         <name>TA3_0_IRQHandler</name>
         <value>0x7073</value>
      </symbol>
      <symbol id="sm-b67">
         <name>TA3_N_IRQHandler</name>
         <value>0x7073</value>
      </symbol>
      <symbol id="sm-b68">
         <name>EUSCIA0_IRQHandler</name>
         <value>0x7073</value>
      </symbol>
      <symbol id="sm-b69">
         <name>EUSCIA1_IRQHandler</name>
         <value>0x7073</value>
      </symbol>
      <symbol id="sm-b6a">
         <name>EUSCIA2_IRQHandler</name>
         <value>0x7073</value>
      </symbol>
      <symbol id="sm-b6b">
         <name>EUSCIA3_IRQHandler</name>
         <value>0x7073</value>
      </symbol>
      <symbol id="sm-b6c">
         <name>EUSCIB0_IRQHandler</name>
         <value>0x7073</value>
      </symbol>
      <symbol id="sm-b6d">
         <name>EUSCIB1_IRQHandler</name>
         <value>0x7073</value>
      </symbol>
      <symbol id="sm-b6e">
         <name>EUSCIB2_IRQHandler</name>
         <value>0x7073</value>
      </symbol>
      <symbol id="sm-b6f">
         <name>EUSCIB3_IRQHandler</name>
         <value>0x7073</value>
      </symbol>
      <symbol id="sm-b70">
         <name>ADC14_IRQHandler</name>
         <value>0x6ec5</value>
      </symbol>
      <symbol id="sm-b71">
         <name>T32_INT1_IRQHandler</name>
         <value>0x7073</value>
      </symbol>
      <symbol id="sm-b72">
         <name>T32_INT2_IRQHandler</name>
         <value>0x7073</value>
      </symbol>
      <symbol id="sm-b73">
         <name>T32_INTC_IRQHandler</name>
         <value>0x7073</value>
      </symbol>
      <symbol id="sm-b74">
         <name>AES256_IRQHandler</name>
         <value>0x7073</value>
      </symbol>
      <symbol id="sm-b75">
         <name>RTC_C_IRQHandler</name>
         <value>0x7073</value>
      </symbol>
      <symbol id="sm-b76">
         <name>DMA_ERR_IRQHandler</name>
         <value>0x7073</value>
      </symbol>
      <symbol id="sm-b77">
         <name>DMA_INT3_IRQHandler</name>
         <value>0x7073</value>
      </symbol>
      <symbol id="sm-b78">
         <name>DMA_INT2_IRQHandler</name>
         <value>0x7073</value>
      </symbol>
      <symbol id="sm-b79">
         <name>DMA_INT1_IRQHandler</name>
         <value>0x7073</value>
      </symbol>
      <symbol id="sm-b7a">
         <name>DMA_INT0_IRQHandler</name>
         <value>0x7073</value>
      </symbol>
      <symbol id="sm-b7b">
         <name>PORT1_IRQHandler</name>
         <value>0x7073</value>
      </symbol>
      <symbol id="sm-b7c">
         <name>PORT2_IRQHandler</name>
         <value>0x7073</value>
      </symbol>
      <symbol id="sm-b7d">
         <name>PORT3_IRQHandler</name>
         <value>0x7073</value>
      </symbol>
      <symbol id="sm-b7e">
         <name>PORT4_IRQHandler</name>
         <value>0x7073</value>
      </symbol>
      <symbol id="sm-b7f">
         <name>PORT5_IRQHandler</name>
         <value>0x7073</value>
      </symbol>
      <symbol id="sm-b80">
         <name>PORT6_IRQHandler</name>
         <value>0x7073</value>
      </symbol>
   </symbol_table>
   <title>Link successful</title>
</link_info>
